Open Watcom Linker Version 1.9
Portions Copyright (c) 1985-2002 Sybase, Inc. All Rights Reserved.
Created on:       17/05/25 15:38:17
Executable Image: 4.exe
creating a Windows NT character-mode executable


                        +------------+
                        |   Groups   |
                        +------------+

Group                           Address              Size
=====                           =======              ====

.idata                          00414000             00000786
DGROUP                          00415000             0becf300



                        +--------------+
                        |   Segments   |
                        +--------------+

Segment                Class          Group          Address         Size
=======                =====          =====          =======         ====

BEGTEXT                CODE           AUTO           00401000        00000007
_TEXT                  CODE           AUTO           00401010        00012bdd
TRANSFER CODE          CODE           AUTO           00413bf0        0000019e
.idata                 .idata         .idata         00414000        00000786
_NULL                  BEGDATA        DGROUP         00415000        00000004
_AFTERNULL             BEGDATA        DGROUP         00415004        00000000
CONST                  DATA           DGROUP         00415010        000000d4
_DATA                  DATA           DGROUP         004150f0        00000fc0
XIB                    DATA           DGROUP         004160b0        00000000
XI                     DATA           DGROUP         004160b0        0000004e
XIE                    DATA           DGROUP         004160fe        00000000
YIB                    DATA           DGROUP         004160fe        00000000
YI                     DATA           DGROUP         004160fe        00000030
YIE                    DATA           DGROUP         0041612e        00000000
CONST2                 DATA           DGROUP         00416130        00000000
DATA32                 DATA           DGROUP         00416130        00000134
TIB                    DATA           DGROUP         00416264        00000000
TI                     DATA           DGROUP         00416264        00000000
TIE                    DATA           DGROUP         00416264        00000000
DATA                   DATA           DGROUP         00416264        00000000
CONST32                CONST          DGROUP         00417000        00000000
_BSS                   BSS            DGROUP         00417000        00001100
GDATA@0                BSS            DGROUP         00418100        0bebc200
BSS32                  BSS            DGROUP         0c2d4300        00000000
STACK                  STACK          DGROUP         0c2d4300        00010000


                        +----------------+
                        |   Memory Map   |
                        +----------------+

* = unreferenced symbol
+ = symbol only referenced locally

Address        Symbol
=======        ======

Module: 4.obj(J:\NM\4\4.for)
00401010       FMAIN
004010d6+      CREATEEVENGRID
00401156+      FUN
00401191+      INTEGRALSIMPSON
0040127d*      INTEGRALGAUS2
Module: C:\WATCOM/lib386/nt\flib7.lib(cowrite)
004013bb       RT@IOWrite
004013ca*      RT@OutLOG1
004013dc*      RT@OutLOG4
004013ea*      RT@OutINT1
004013fc*      RT@OutINT2
0040140c*      RT@OutINT4
0040141b       RT@OutREAL
0040142b*      RT@OutDBLE
0040143b*      RT@OutXTND
0040144b*      RT@OutCPLX
00401461*      RT@OutDBCX
00401477*      RT@OutXTCX
0040148d*      RT@OutCHAR
00401492*      RT@OutSTR
00401497*      RT@PrtArr
0040149c*      RT@PrtChArr
Module: C:\WATCOM/lib386/nt\flib7.lib(cortns)
00415108*      _FRT_SaveESP
004014ac*      SwitchToGen
004014ca       SwitchToRT
004014e8       RdWrCommon
0040158c       IOType_
004015aa       IOChar
004015c5       IOStr
004015da       IOArr
004015f5       IOChArr
00401617       RT@EndIO
Module: C:\WATCOM/lib386/nt\flib7.lib(coread)
00401621       RT@IORead
00401630*      RT@InpLOG1
0040163f*      RT@InpLOG4
0040164e*      RT@InpINT1
0040165d*      RT@InpINT2
0040166c*      RT@InpINT4
0040167b*      RT@InpREAL
0040168a*      RT@InpDBLE
00401699*      RT@InpXTND
004016a8*      RT@InpCPLX
004016b7*      RT@InpDBCX
004016c6*      RT@InpXTCX
004016d5*      RT@InpCHAR
004016da*      RT@InpSTR
004016df*      RT@InpArr
004016e4*      RT@InpChArr
Module: C:\WATCOM/lib386\math387r.lib(trig87)
00401739*      sin_
0040172d*      cos_
0040175a*      tan_
004016ec       IF@COS
004016ec*      IF@DCOS
004016f6*      IF@SIN
004016f6*      IF@DSIN
00401745*      IF@TAN
00401745*      IF@DTAN
Module: C:\WATCOM/lib386\math387r.lib(sqrt87)
00401768*      sqrt_
00401798*      IF@SQRT
00401798       IF@DSQRT
0040179a*      __@DSQRT
Module: C:\WATCOM/lib386/nt\clib3r.lib(cstrtwnt)
004017cc       _cstart_
004017cc*      mainCRTStartup
Module: C:\WATCOM/lib386/nt\clib3r.lib(_8087)
00415134       __8087
00415135       __real87
Module: C:\WATCOM/lib386/nt\emu387.lib(386)
00401828       __init_387_emulator
00401829*      __fini_387_emulator
Module: C:\WATCOM/lib386/nt\flib7.lib(initeng.c)
00417010       __init_english
Module: C:\WATCOM/lib386/nt\flib7.lib(initerr.c)
00417014       __init_error
Module: C:\WATCOM/lib386/nt\flib7.lib(exwrite.c)
004018a0       DoWrite_
Module: C:\WATCOM/lib386/nt\flib7.lib(setiocb.c)
004018d0       RT@SetIOCB
Module: C:\WATCOM/lib386/nt\flib7.lib(rdata.c)
00417020       _IORslt
00417030       _FmtBuff
00417034*      _Fmt_revert
00417038*      _Fmt_start
0041703c*      _Fmt_paren_level
00417040*      _Fmt_charptr
00417044*      _FmtEmStruct
00417048       _IOTypeRtn
0041704c*      _Fmt_end
00417050*      _Fmt_rep_spec
00417054       _FmtRoutine
00417058       _IOCB
0041705c       _Files
00417060*      _Fmt_delimited
Module: C:\WATCOM/lib386/nt\flib7.lib(iomain.c)
00401960       __ReleaseIOSys_
00401980       IOMain_
Module: C:\WATCOM/lib386/nt\clib3r.lib(crwdata)
0041517c       __osmajor
0041517d       __osminor
0041517e       __osbuild
00415180       __osver
00415184       __winmajor
00415188       __winminor
0041518c       __winver
00415148       __LpDllName
0041514c       __LpwCmdLine
00415150       __LpwPgmName
00415154       __LpwDllName
00415140       __LpCmdLine
00415144       __LpPgmName
00415138*      __dynend
0041513c       __curbrk
00415158*      __STACKLOW
0041515c       __STACKTOP
00415160       __ASTACKSIZ
00415164       __ASTACKPTR
00415168*      __cbyte
0041516c*      __cbyte2
00415170*      __child
00415176       __Envptr
0041517a*      __Envseg
00415174       __no87
00415190       ___FPE_handler
Module: C:\WATCOM/lib386/nt\flib7.lib(thrdutil.c)
00401b90*      __InitMultiThreadIO_
00415198       ___SwitchStkLow
Module: C:\WATCOM/lib386/nt\flib7.lib(exread.c)
00401c20       DoRead_
Module: C:\WATCOM/lib386/nt\clib3r.lib(chipvar)
0041519c       ___chipbug
0041519c       __chipbug
Module: C:\WATCOM/lib386/nt\clib3r.lib(chipt32.asm)
00401c48       __fptan_chk
Module: C:\WATCOM/lib386\math387r.lib(math87e.c)
00401cfa       __math87_err_
Module: C:\WATCOM/lib386/nt\clib3r.lib(main2wnt.c)
00401d70       __NTMain
Module: C:\WATCOM/lib386/nt\clib3r.lib(segdefns)
00401003       ___begtext
00415000*      __nullarea
004160b0       __Start_XI
004160fe       __End_XI
004160fe       __Start_YI
0041612e       __End_YI
Module: C:\WATCOM/lib386/nt\clib3r.lib(chk8087.c)
00401df0*      _fpreset_
00401e30       __chk8087_
00401e40*      __init_8087_
Module: C:\WATCOM/lib386/nt\flib7.lib(english.c)
00401e90       __UseEnglishCharSet_
Module: C:\WATCOM/lib386/nt\flib7.lib(errincl.c)
00401fa0       __InitError_
004151a0+      _PGroupTable
004151a4+      _PErrWord
Module: C:\WATCOM/lib386/nt\flib7.lib(rdwr.c)
00401fc0+      DoOpen_
00401ff0+      _AllocBuffer_
00402030       IOPrologue_
00402270       UpdateRecNum_
Module: C:\WATCOM/lib386/nt\flib7.lib(unfmtout.c)
00402390       UnFmtOut_
Module: C:\WATCOM/lib386/nt\flib7.lib(freeout.c)
004027e0       FreeOut_
004151a8+      _OutRtn
Module: C:\WATCOM/lib386/nt\flib7.lib(rtutls.c)
004028e0       FindFtnFile_
004029d0       RChkAlloc_
00402a00       F_Connect_
00402a80       ConnectFile_
00402a90*      GetFileInfo_
00402b80       DiscoFile_
00402bf0*      ChkFileName_
00402c20+      ChkLogFile_
00402c60       ChkIOOperation_
00402ca0       GetIOErr_
00402cb0       ChkIOErr_
00402cd0       ChkUnitId_
00402d10*      ChkConnected_
00402d30       SetEOF_
00402d60       ClearEOF_
00402da0       SysEOF_
00402dd0       IsFixed_
00402de0       IsCarriage_
00402df0*      ChkRecordStructure_
00402e20*      ChkSequential_
00402e40*      ChkExist_
00402e70*      StrItem_
Module: C:\WATCOM/lib386/nt\flib7.lib(rtinit.c)
004151dc       ___FAppType
004151e0       __ExceptionInit
004151e4       __ExceptionFini
00402eb0*      __InitFThreadData_
00402ef0+      RTSysFini_
00402f00       RTSysInit_
004151ec       __AccessFIO
004151f0       __ReleaseFIO
004151f4       __PartialReleaseFIO
00417068       ___FThreadDataOffset
004160ce*      ___fthread_data_size
Module: C:\WATCOM/lib386/nt\clib3r.lib(mainwnt.c)
004151f8       ___TlsIndex
004151fc       ___FirstThreadData
00415200       ___GetThreadPtr
00415204       __AccessFileH
00415208       __ReleaseFileH
0041520c       __AccessIOB
00415210       __ReleaseIOB
00415214       __AccessNHeap
00415218       __AccessFHeap
0041521c       __ReleaseNHeap
00402f70*      __threadid_
00402f90+      __sig_null_rtn_
00402fa0+      __NTInit_
00403180+      __NTFini_
004031e0       __NTMainInit_
00403240       __exit_
00415220       __ReleaseFHeap
00415224       __AccessTDList
00415228       __ReleaseTDList
0041522c       __AccessFList
00415230       __ReleaseFList
00415234       __ThreadExitRtn
00415238       ___sig_init_rtn
0041523c       ___sig_fini_rtn
00415240       ___process_fini
00417074       ___Is_DLL
Module: C:\WATCOM/lib386/nt\flib7.lib(ioinit.c)
004032a0       IOSysInit_
Module: C:\WATCOM/lib386/nt\flib7.lib(rterr.c)
00415248+      _TraceRoutine
004032f0+      FlushStdUnit_
00403340+      WriteErr_
00403410       ErrHandler_
00403450       RTErr_
00415254+      LG@ERR_HOOK
Module: C:\WATCOM/lib386/nt\flib7.lib(spawn.c)
00403480       Spawn_
004034e0       Suicide_
Module: C:\WATCOM/lib386/nt\flib7.lib(rtsysutl.c)
00403520       GetSysIOInfo_
00403540       GetSysFileInfo_
00403570*      IsDevice_
00403740       OpenAction_
00403780*      DfltRecType_
004037a0+      _FileAttrs_
00403860       CloseFile_
004038d0       Scrtched_
004038f0*      CloseDeleteFile_
00403940       Errf_
00403960       FPutBuff_
004039d0       FGetBuff_
00403a20       SeekFile_
00403a40       NoEOF_
00403a50       SysClearEOF_
00403a60*      SameFile_
00403a70*      Rewindf_
00403a90*      SysCreateFile_
00403ad0       CheckLogicalRecord_
00403af0       SkipLogicalRecord_
00403b10*      BackSpacef_
00403b40*      EndFilef_
00403b80       GetIOErrMsg_
00403bc0       ReportNExist_
00403be0       ReportEOF_
00403bf0*      WaitForEnter_
Module: C:\WATCOM/lib386/nt\flib7.lib(unfmtin.c)
00403c00       UnFmtIn_
00403ca0+      NextUnFmtRec_
Module: C:\WATCOM/lib386/nt\flib7.lib(freein.c)
00404080+      GetNum_
00404280       FreeIn_
00404290*      DoFreeIn_
004042c0+      BumpComma_
004042f0+      Blanks_
00404310+      CheckEor_
Module: C:\WATCOM/lib386/nt\clib3r.lib(chipbug.c)
00404920       __verify_pentium_fdiv_bug_
Module: C:\WATCOM/lib386/nt\flib7.lib(_matherr.c)
00404980*      __imath2err_
004049c0*      __amath1err_
004049f0*      __amath2err_
00404a20       __math2err_
00404b30       __math1err_
00404b40*      __zmath2err_
00404ba0*      __qmath2err_
Module: C:\WATCOM/lib386/nt\clib3r.lib(initrtns.c)
00404c20       __InitRtns
00404c70       __FiniRtns
Module: C:\WATCOM/lib386/nt\clib3r.lib(mthrdini.c)
00404cd0       __InitThreadData_
00415258       ___ThreadDataSize
Module: C:\WATCOM/lib386/nt\clib3r.lib(memset.c)
00404d00       memset_
Module: C:\WATCOM/lib386/nt\clib3r.lib(cmain386.c)
00404d20       __CMain
Module: C:\WATCOM/lib386/nt\clib3r.lib(dosseg)
00001234       __DOSseg__
Module: C:\WATCOM/lib386/nt\clib3r.lib(8087cw.c)
0041525c       __8087cw
Module: C:\WATCOM/lib386/nt\clib3r.lib(save8087.c)
00415260       ___Save8087
00415264       ___Rest8087
Module: C:\WATCOM/lib386/nt\clib3r.lib(init8087)
00404d64       __x87id
Module: C:\WATCOM/lib386/nt\flib7.lib(csetinfo.c)
00417690       _CharSetInfo
Module: C:\WATCOM/lib386/nt\flib7.lib(errmsg.c)
004050d0       _GroupTable
00405180       _ErrWord
Module: C:\WATCOM/lib386/nt\flib7.lib(blderr.c)
00405830       Substitute_
004059f0       ErrCodOrg_
Module: C:\WATCOM/lib386/nt\flib7.lib(errrtns.c)
004176a4       ___ErrorFini
004176a8       ___ErrorInit
004176ac       ___BldErrMsg
Module: C:\WATCOM/lib386/nt\flib7.lib(sdfile.c)
00415268*      _FFCtrlSeq
0041526a*      _SkipCtrlSeq
0041526c       _NormalCtrlSeq
0041526e       _SDTermIn
00415272       _SDTermOut
00415276*      _SDPrtName
Module: C:\WATCOM/lib386/nt\flib7.lib(ioerr.c)
00405a30       IOErr_
Module: C:\WATCOM/lib386/nt\flib7.lib(wrutils.c)
00405ac0       F_SendData_
00405b20*      SendLine_
00405b30       SendEOR_
00405bc0*      SendInt_
00405bf0       SendStr_
00405c10+      SendWSLStr_
00405c30       SendChar_
00405c50       Drop_
00405e10       IOItemResult_
Module: C:\WATCOM/lib386/nt\flib7.lib(unfmtutl.c)
00405e90       _SizeVars
Module: C:\WATCOM/lib386/nt\flib7.lib(undefcg.c)
00405f30       OutLogCG_
00405f40       OutIntCG_
00405f80+      FmtRealCG_
00405fb0+      FmtDoubleCG_
00405fe0+      FmtExtendedCG_
00406010+      UndefIntCG_
00406010+      UndefLogCG_
00406010+      UndefExtendedCG_
00406010+      UndefDoubleCG_
00406010+      UndefRealCG_
00406020+      GetRealCG_
0041527c       _FmtRealRtn
00415280       _FmtDoubleRtn
00415284       _FmtExtendedRtn
00415288       _SendStrRtn
0041528c       _UndefRealRtn
00415290       _UndefDoubleRtn
00415294       _UndefExtendedRtn
00415298       _UndefLogRtn
0041529c       _UndefIntRtn
004152a0       _GetRealRtn
Module: C:\WATCOM/lib386/nt\flib7.lib(cctrl.c)
00406030       CheckCCtrl_
Module: C:\WATCOM/lib386/nt\flib7.lib(fdutil.c)
004060a0       LocFile_
004060b0       LocUnit_
004060e0       ExtractInfo_
Module: C:\WATCOM/lib386/nt\flib7.lib(rstdio.c)
00406210       _InitStandardInput_
00406240       _InitStandardOutput_
Module: C:\WATCOM/lib386/nt\flib7.lib(rmemmgr.c)
00406270       RMemAlloc_
00406280       RMemFree_
Module: C:\WATCOM/lib386/nt\flib7.lib(deffname.c)
004152a4       _DefFName
Module: C:\WATCOM/lib386/nt\flib7.lib(stracc.c)
00406290       TrimStr_
004062d0       GetStr_
Module: C:\WATCOM/lib386/nt\flib7.lib(rttraps.c)
004063f0       __EnableF77RTExceptionHandling_
00406400       R_TrapInit_
00406490       R_TrapFini_
004064a0*      __InitExceptionVectors_
Module: C:\WATCOM/lib386/nt\clib3r.lib(nodefwin.c)
004152ac*      __WindowsIsWindowedHandle
004152b0*      __WindowsRemoveWindowedHandle
004152b4*      __WindowsNewWindow
004152b8*      __WindowsCloseWindow
004152bc*      __WindowsSetAbout
004152c0*      __WindowsSetAppTitle
004152c4*      __WindowsSetConTitle
004152c8*      __WindowsDestroyOnClose
004152cc*      __WindowsYieldControl
004152d0*      __WindowsShutDown
004152d4*      __WindowsStdin
004152d8       __WindowsStdout
004152dc*      __WindowsKbhit
004152e0*      __WindowsGetch
004152e4*      __WindowsGetche
004152e8*      __WindowsPutch
004064c0*      _dwShutDown_
004064c0*      _dwYield_
004064c0*      _dwSetConTitle_
004064c0*      _dwSetAppTitle_
004064c0*      _dwSetAboutDlg_
004064c0       _dwDeleteOnClose_
004152ec*      __WindowsExitRtn
004176b0*      __init_default_win
Module: C:\WATCOM/lib386/nt\clib3r.lib(atexit.c)
004064c3       atexit_
Module: C:\WATCOM/lib386/nt\clib3r.lib(regdata.c)
00406520       __RegisterThreadDataSize_
Module: C:\WATCOM/lib386/nt\clib3r.lib(hdlman.c)
004152f0+      ___NHandles
004152f4+      ___OSHandles
004152f8+      ___FakeHandles
00406550+      __growPOSIXHandles_
004065f0       __allocPOSIXHandle_
004066b0       __freePOSIXHandle_
004066d0       __getOSHandle_
004066e0       __setOSHandle_
00406730+      __NTGetFakeHandle_
004067a0       __initPOSIXHandles_
00406880*      __set_handles_
00406890*      _grow_handles_
Module: C:\WATCOM/lib386/nt\clib3r.lib(environ.c)
00417738       ___env_mask
0041773c       _environ
00417740       __wenviron
Module: C:\WATCOM/lib386/nt\clib3r.lib(getmodfn.c)
004068d0       __lib_GetModuleFileNameW_
Module: C:\WATCOM/lib386/nt\clib3r.lib(strdup.c)
00406970       __clib_strdup_
Module: C:\WATCOM/lib386/nt\clib3r.lib(istable.c)
004069b0       __IsTable
Module: C:\WATCOM/lib386/nt\clib3r.lib(ustrdup.c)
00406ab1       __clib_wcsdup_
Module: C:\WATCOM/lib386/nt\clib3r.lib(nfree.c)
00406ae0       _nfree_
00406ae0       free_
00417744       ___MiniHeapFreeRover
Module: C:\WATCOM/lib386/nt\clib3r.lib(excptwnt.c)
00407250+      ___ReportException@4
004076a0       __DefaultExceptionHandler_
004076e0+      ___ExceptionFilter
004078f0       __NewExceptionFilter_
00407920       __DoneExceptionFilter_
00415304       ___oscode_check_func
00415308       ___raise_func
00417748*      _sw
0041774c       ___ExceptionHandled
0041774d+      ___ReportInvoked
Module: C:\WATCOM/lib386/nt\clib3r.lib(stklmwnt.c)
00407960       __init_stack_limits_
Module: C:\WATCOM/lib386/nt\flib7.lib(runmain.c)
004079d0*      __InitUnit6CC_
004079e0       __DevicesCC_
004079f0*      __InitAllowCommaSeparator_
00407a00       __AllowCommaSep_
00407a10+      _InitIO_
00407a80+      CloseAllFiles_
00407ac0*      _FiniEx_
00407ac0       RunExit_
00407b00       RunEntry_
Module: C:\WATCOM/lib386/nt\flib7.lib(posdat.c)
00415504       _FStdIn
00415508       _FStdOut
0041550c       _FStdErr
Module: C:\WATCOM/lib386/nt\flib7.lib(posflush.c)
00407b30       FlushBuffer_
Module: C:\WATCOM/lib386/nt\flib7.lib(errutil.c)
00407be0       BldErrCode_
00407c40*      MsgFormat_
00407c70*      MsgBuffer_
00415510+      _PGrpCodes
Module: C:\WATCOM/lib386/nt\clib3r.lib(enterdb.c)
00407ca0       __EnterWVIDEO_
00415514       ___WD_Present
Module: C:\WATCOM/lib386/nt\flib7.lib(stdio.c)
00407ce0       StdBuffer_
00407d00+      StdWrite_
00407de0       StdFlush_
00407e10       StdWriteNL_
Module: C:\WATCOM/lib386/nt\clib3r.lib(setjmp)
00407e38       _setjmp_
00407e71       longjmp_
Module: C:\WATCOM/lib386/nt\clib3r.lib(exit.c)
00407ef9+      __null_int23_exit_
00407efa       exit_
00407f4a*      _exit_
00415920+      ___int23_exit
00415924+      ___FPE_handler_exit
Module: C:\WATCOM/lib386/nt\clib3r.lib(accsswnt.c)
00407f60       access_
Module: C:\WATCOM/lib386/nt\clib3r.lib(fullpath.c)
00407fa0+      _sys_fullpath_
00408020       _fullpath_
Module: C:\WATCOM/lib386/nt\clib3r.lib(fstatwnt.c)
00408090       fstat_
Module: C:\WATCOM/lib386/nt\flib7.lib(poserr.c)
004083f0       Errorf_
00408410*      EOFile_
00408430       ErrorMsg_
00408470       FSetTrunc_
00408480       FSetSysErr_
004084a0       FSetErr_
004084c0       FSetEof_
004084e0       IOOk_
Module: C:\WATCOM/lib386/nt\clib3r.lib(statwnt.c)
00408605       stat_
Module: C:\WATCOM/lib386/nt\flib7.lib(posopen.c)
00408840       InitStd_
00408900       SetIOBufferSize_
00408920+      _AllocFile_
00408a10       Openf_
00408b00       Closef_
Module: C:\WATCOM/lib386/nt\flib7.lib(posdel.c)
00408b80       Scratchf_
Module: C:\WATCOM/lib386/nt\flib7.lib(posput.c)
00408ba0       FPutRec_
00408be0       ChopFile_
00408c30*      PutRec_
00408d50       writebytes_
00408dd0       SysWrite_
Module: C:\WATCOM/lib386/nt\flib7.lib(posget.c)
00408f10       readbytes_
00408fe0       SysRead_
00409450       FGetRec_
00409480*      GetRec_
004094a0       GetStdChar_
004094f0       FCheckLogical_
00409570       FSkipLogical_
00409640*      FGetVarRecLen_
Module: C:\WATCOM/lib386/nt\flib7.lib(posseek.c)
00409730       FSeekRec_
00409770       CurrFileOffset_
00409770       FGetFilePos_
00409790       SysSeek_
00409980*      FSeekAbs_
Module: C:\WATCOM/lib386/nt\clib3r.lib(stricmp.c)
00409990       stricmp_
Module: C:\WATCOM/lib386/nt\flib7.lib(posrew.c)
004099d0       FRewind_
Module: C:\WATCOM/lib386/nt\flib7.lib(posback.c)
00409a40       FBackspace_
Module: C:\WATCOM/lib386/nt\flib7.lib(postrunc.c)
00409b20       FTruncate_
Module: C:\WATCOM/lib386/nt\clib3r.lib(errno.c)
00409b40       __get_errno_ptr_
00409b50*      __get_doserrno_ptr_
Module: C:\WATCOM/lib386/nt\flib7.lib(rdutils.c)
00409b60       NextRec_
Module: C:\WATCOM/lib386/nt\flib7.lib(arrayio.c)
00409d00       ArrayIOType_
Module: C:\WATCOM/lib386/nt\clib3r.lib(toupper.c)
00409d80       toupper_
Module: C:\WATCOM/lib386/nt\flib7.lib(chrutils.c)
00409d90       JmpBlanks_
Module: C:\WATCOM/lib386/nt\flib7.lib(fmtcnvt.c)
00409db0       FmtS2I_
00409ee0       FmtS2F_
Module: C:\WATCOM/lib386/nt\clib3r.lib(__stos)
0040a2b0       __STOSB
0040a2e7*      __STOSD
Module: C:\WATCOM/lib386/nt\clib3r.lib(cinit.c)
0040a360       __CommonInit_
Module: C:\WATCOM/lib386/nt\clib3r.lib(___argc.c)
00417754       ____Argc
00417758       ____Argv
Module: C:\WATCOM/lib386/nt\flib7.lib(rtmain.c)
0040a370       main_
Module: C:\WATCOM/lib386/nt\clib3r.lib(memmove.c)
0040a390       memmove_
Module: C:\WATCOM/lib386/nt\clib3r.lib(itoa.c)
0040a3f0       utoa_
0040a440       itoa_
Module: C:\WATCOM/lib386/nt\clib3r.lib(ltoa.c)
0040a470       ultoa_
0040a4c0       ltoa_
Module: C:\WATCOM/lib386/nt\flib7.lib(ifile.c)
0040a4f0       SendIFBuff_
0040a520       NextIFBuff_
Module: C:\WATCOM/lib386/nt\flib7.lib(expchk.c)
0040a550       ToFFormat_
Module: C:\WATCOM/lib386/nt\flib7.lib(fmtrtns.c)
0040a5a0       R_F2E_
0040a710       R_F2F_
0040a8a0       SetMaxPrec_
Module: C:\WATCOM/lib386/nt\flib7.lib(rfmtlog.c)
0040a8c0       R_FmtLog_
Module: C:\WATCOM/lib386/nt\flib7.lib(rfmtutil.c)
0040a920+      R_ChkType_
0040a950*      R_NewRec_
0040a990*      R_ChkIType_
0040a9c0*      R_ChkFType_
0040a9f0*      R_ChkRecLen_
0040aa10+      GetLen_
0040aa50*      R_FOStr_
0040aa60*      FOString_
0040aad0*      R_FIStr_
0040ab90+      R_FOLog_
0040abe0*      R_FILog_
0040acc0*      R_FIFloat_
0040aeb0       GetReal_
0040afc0*      R_FOF_
0040b040*      R_FOE_
0040b180+      FmtH2B_
0040b270*      R_FIHex_
0040b3f0*      R_FOHex_
0040b400*      FOHex_
0040b500*      R_FIInt_
0040b610*      R_FOInt_
0040b870*      R_FOG_
0040baf0+      ChkBuffLen_
Module: C:\WATCOM/lib386/nt\clib3r.lib(getenv.c)
0040bb20       getenv_
Module: C:\WATCOM/lib386/nt\clib3r.lib(nmalloc.c)
0040bbb0       _nmalloc_
0040bbb0       malloc_
00415930       ___nheapbeg
00415934       ___MiniHeapRover
00415938       ___LargestSizeB4MiniHeapRover
Module: C:\WATCOM/lib386/nt\clib3r.lib(signlwnt.c)
0041593c+      __SignalTable
0040bcb0+      __SetSignalFunc_
0040bd00+      __GetSignalFunc_
0040bd30+      __GetSignalOSCode_
0040bd60+      __CheckSignalExCode_
0040bea0+      __sigabort_
0040beb0       __sigfpe_handler_
0040bf00       signal_
0040bf90+      raise_
0040c000+      __SigInit_
0040c050+      __SigFini_
0040c090+      __sig_init_
Module: C:\WATCOM/lib386/nt\flib7.lib(fptraps.c)
0040c170*      __MaskDefaultFPE_
0040c190       FPTrapInit_
0040c1c0       FPTrapFini_
Module: C:\WATCOM/lib386/nt\clib3r.lib(trdlist.c)
0040c230       __GetThreadData_
0040c280       __ReallocThreadData_
0040c370       __AddThreadData_
0040c3f0       __RemoveThreadData_
0040c450       __ResizeThreadDataList_
0040c480       __FreeThreadDataList_
0040c4b0*      __ActiveThreads_
Module: C:\WATCOM/lib386/nt\clib3r.lib(seterrno.c)
0040c4c7       __set_errno_
0040c4d5*      __set_EDOM_
0040c4e3       __set_ERANGE_
0040c4f1*      __set_EINVAL_
0040c504       __set_doserrno_
Module: C:\WATCOM/lib386/nt\clib3r.lib(nrealloc.c)
0040c520*      _nrealloc_
0040c520       realloc_
Module: C:\WATCOM/lib386/nt\clib3r.lib(iomode.c)
0040c5a0       __GetIOMode_
0040c5c0       __SetIOMode_nogrow_
004159a8       ___NFiles
004159ac       ___init_mode
004159fc       ___io_mode
Module: C:\WATCOM/lib386/nt\clib3r.lib(stiomode.c)
0040c5e0       __grow_iomode_
0040c6b0+      __shrink_iomode_
0040c6f0       __SetIOMode_
Module: C:\WATCOM/lib386/nt\clib3r.lib(setenvp.c)
0040c760       __setenvp_
0040c820       __freeenvp_
Module: C:\WATCOM/lib386/nt\clib3r.lib(ustrlen.c)
0040c86d       wcslen_
Module: C:\WATCOM/lib386/nt\clib3r.lib(memcpy.c)
0040c880       memcpy_
Module: C:\WATCOM/lib386/nt\clib3r.lib(mem.c)
0040c8a0       __MemAllocator
0040c950       __MemFree
Module: C:\WATCOM/lib386/nt\clib3r.lib(conutwnt.c)
0040caa0*      __NTRealKey_
0040cb50*      __NTConsoleInput_
0040cb60       __NTConsoleOutput_
Module: C:\WATCOM/lib386/nt\clib3r.lib(fclex387.c)
0040cb70       _ClearFPE_
Module: C:\WATCOM/lib386/nt\clib3r.lib(lseek.c)
0040cb80       lseek_
Module: C:\WATCOM/lib386/nt\clib3r.lib(write.c)
0040ce20       write_
Module: C:\WATCOM/lib386/nt\flib7.lib(errgrp.c)
0040d080       _GrpCodes
Module: C:\WATCOM/lib386/nt\clib3r.lib(iob.c)
00415a08       ___iob
00415c10       __fmode
00417768       ___OpenStreams
0041776c       ___ClosedStreams
Module: C:\WATCOM/lib386/nt\clib3r.lib(setmd.c)
0040d110       setmode_
Module: C:\WATCOM/lib386/nt\clib3r.lib(ljmphdl.c)
00415c14       ___longjmp_handler
Module: C:\WATCOM/lib386/nt\clib3r.lib(fgtattr.c)
0040d210       __fixed_GetFileAttributesA_
Module: C:\WATCOM/lib386/nt\clib3r.lib(dosret.c)
0040d2b0*      _dosretax_
0040d2c0*      _dosret0_
0040d2d0       __set_errno_dos_
0040d300*      __set_errno_dos_reterr_
0040d310       __set_errno_nt_
0040d320*      __set_errno_nt_reterr_
Module: C:\WATCOM/lib386/nt\clib3r.lib(gtcwdwnt.c)
0040d340       getcwd_
Module: C:\WATCOM/lib386/nt\clib3r.lib(iomodtty.c)
0040d3d0       __ChkTTYIOMode_
0040d410       __IOMode_
Module: C:\WATCOM/lib386/nt\clib3r.lib(ntdirinf.c)
0040d430       __MakeDOSDT_
0040d460*      __FromDOSDT_
0040d490*      __GetNTDirInfo_
0040d4d0*      __NTFindNextFileWithAttr_
Module: C:\WATCOM/lib386/nt\clib3r.lib(d2ttime.c)
0040d530       _d2ttime_
Module: C:\WATCOM/lib386/nt\clib3r.lib(strerror.c)
0040d8d0       strerror_
0040d8f0*      _strerror_
0040d9c0*      _doserror_
00415d1c+      __sys_errlist
00415dc0+      __sys_nerr
Module: C:\WATCOM/lib386/nt\clib3r.lib(_strcmp)
0040d9f0       strcmp_
Module: C:\WATCOM/lib386/nt\clib3r.lib(mbspbrk.c)
0040db30       _mbspbrk_
Module: C:\WATCOM/lib386/nt\clib3r.lib(mbsinc.c)
0040db80       _mbsinc_
Module: C:\WATCOM/lib386/nt\clib3r.lib(tolower.c)
0040dbb0       tolower_
Module: C:\WATCOM/lib386/nt\clib3r.lib(close.c)
0040dbc0       close_
Module: C:\WATCOM/lib386/nt\clib3r.lib(openwnt.c)
0040dde0*      open_
0040de00       sopen_
Module: C:\WATCOM/lib386/nt\flib7.lib(poscc.c)
0040de30*      __LineFeedWithFormFeed_
0040de40       FSetCC_
Module: C:\WATCOM/lib386/nt\clib3r.lib(unlnkwnt.c)
0040dea0       unlink_
Module: C:\WATCOM/lib386/nt\clib3r.lib(chsizwnt.c)
0040df20       chsize_
Module: C:\WATCOM/lib386/nt\clib3r.lib(read.c)
0040e010       read_
Module: C:\WATCOM/lib386/nt\flib7.lib(intarith.c)
0040e1a0       AddIOFlo_
0040e1b0*      SubIOFlo_
0040e1c0       MulIOFlo_
Module: C:\WATCOM/lib386\math387r.lib(strtod.c)
0040e6e3+      __Strtold_
0040e84a       strtod_
Module: C:\WATCOM/lib386/nt\clib3r.lib(argcv.c)
00417870       __argc
00417874       __argv
00417878       ___argv
0041787c       ___argc
Module: C:\WATCOM/lib386/nt\clib3r.lib(alphabet.c)
00415088       ___Alphabet
Module: C:\WATCOM/lib386\math387r.lib(ldcvt.c)
0040ea6f       _LDScale10x_
0040f016       __LDcvt_
Module: C:\WATCOM/lib386/nt\flib7.lib(flt86.c)
0040f470       _P1d100
0040f478       _P1d_99
Module: C:\WATCOM/lib386\math387r.lib(pow87)
0040f5d9*      pow_
0040f480       IF@DPOW
0040f480*      IF@POW
Module: C:\WATCOM/lib386/nt\flib7.lib(hexcnv.c)
0040f600       Hex_
0040f620*      HSToB_
0040f690       BToHS_
Module: C:\WATCOM/lib386/nt\clib3r.lib(strupr.c)
0040f6e0       strupr_
Module: C:\WATCOM/lib386/nt\clib3r.lib(mbterm.c)
0040f700       _mbterm_
Module: C:\WATCOM/lib386/nt\clib3r.lib(mbsnextc.c)
0040f740       _mbsnextc_
Module: C:\WATCOM/lib386/nt\clib3r.lib(mbcupper.c)
0040f780       _mbctoupper_
Module: C:\WATCOM/lib386/nt\clib3r.lib(nmemneed.c)
0040f7b0       __nmemneed_
Module: C:\WATCOM/lib386/nt\clib3r.lib(grownear.c)
0040f920       __ExpandDGROUP_
Module: C:\WATCOM/lib386/nt\clib3r.lib(abort.c)
0040f946*      abort_
0040f958       __terminate_
00415e74       ___abort
Module: C:\WATCOM/lib386/nt\clib3r.lib(cntrl87.c)
0040f970       _control87_
Module: C:\WATCOM/lib386/nt\clib3r.lib(mthread.c)
0040fb50+      __CloseSemaphore_
0040fb90+      __AccessIOB_
0040fba0+      __ReleaseIOB_
0040fbb0+      __AccessFileH_
0040fbc0+      __ReleaseFileH_
0040fbd0+      __AccessNHeap_
0040fbe0+      __ReleaseNHeap_
0040fbf0+      __AccessFHeap_
0040fc00+      __ReleaseFHeap_
0040fc10+      __AccessTDList_
0040fc20+      __ReleaseTDList_
0040fc30+      __AccessFList_
0040fc40+      __AccessSemaphore_
0040fca0+      __ReleaseFList_
0040fcb0+      __ReleaseSemaphore_
0040fce0+      __MultipleThread_
0040fd30+      __AllocInitThreadData_
0040fd80*      __FreeInitThreadData_
0040fd90       __NTThreadInit_
0040fe00       __NTAddThread_
0040fe50       __NTRemoveThread_
0040fee0       __InitMultipleThread_
00415e78+      ___AccessSema4
00415e7c+      ___ReleaseSema4
00415e80+      ___CloseSema4
Module: C:\WATCOM/lib386/nt\clib3r.lib(xmsgwnt.c)
004100a0+      __exit_with_msg_
00410100       __fatal_runtime_error_
Module: C:\WATCOM/lib386/nt\clib3r.lib(calloc.c)
00410120       calloc_
Module: C:\WATCOM/lib386/nt\clib3r.lib(register.c)
00410150       __initthread_
00410160*      _beginthread_
00410170       _endthread_
00410180*      __RegisterThreadData_
Module: C:\WATCOM/lib386/nt\clib3r.lib(nmsize.c)
004101d0       _nmsize_
004101d0*      _msize_
Module: C:\WATCOM/lib386/nt\clib3r.lib(nexpand.c)
004101e0       _nexpand_
004101e0*      _expand_
00410220+      __HeapManager_expand_
Module: C:\WATCOM/lib386/nt\clib3r.lib(dofilstr.c)
00410400       __ParsePosixHandleStr_
Module: C:\WATCOM/lib386/nt\clib3r.lib(clearenv.c)
00410520       clearenv_
Module: C:\WATCOM/lib386/nt\clib3r.lib(__lseek.c)
004105b0       __lseek_
Module: C:\WATCOM/lib386/nt\clib3r.lib(stackwnt.c)
004105f0       stackavail_
Module: C:\WATCOM/lib386/nt\clib3r.lib(stk)
00410601*      __CHK
00410611*      __STK
00410630       __STKOVERFLOW_
00410640*      __GRO
00410660*      __alloca_probe
Module: C:\WATCOM/lib386/nt\clib3r.lib(initfile.c)
004106b0       __InitFiles_
Module: C:\WATCOM/lib386/nt\clib3r.lib(ioexit.c)
004107b0*      fcloseall_
004107c0       __full_io_exit_
Module: C:\WATCOM/lib386/nt\clib3r.lib(isattwnt.c)
004107d0       isatty_
Module: C:\WATCOM/lib386/nt\clib3r.lib(strncpy.c)
004107f0       strncpy_
Module: C:\WATCOM/lib386/nt\clib3r.lib(mktime.c)
00410830       mktime_
Module: C:\WATCOM/lib386/nt\clib3r.lib(mbschr.c)
004108c0       _mbschr_
Module: C:\WATCOM/lib386/nt\clib3r.lib(mbisdbcs.c)
00417fec       ___IsDBCS
Module: C:\WATCOM/lib386/nt\clib3r.lib(mbislead.c)
00410920*      _ismbblead_
00417ff0       ___MBCSIsTable
Module: C:\WATCOM/lib386/nt\clib3r.lib(_clsewnt.c)
00410940       __close_
Module: C:\WATCOM/lib386/nt\clib3r.lib(ntfio.c)
004109a0*      __GetNTCreateAttr_
004109e0       __GetNTAccessAttr_
00410a10       __GetNTShareAttr_
Module: C:\WATCOM/lib386/nt\clib3r.lib(umaskval.c)
00415ea0       ___umaskval
Module: C:\WATCOM/lib386\math387r.lib(bufld386)
00410a70       __ZBuf2LD
Module: C:\WATCOM/lib386\math387r.lib(inf_nan.c)
00410b13*      ___f_infinity
00410b17*      ___f_posqnan
00410b1b       ___d_infinity
00410b23       ___d_posqnan
00410b2b*      ___ld_infinity
00410b33*      ___ld_posqnan
Module: C:\WATCOM/lib386/nt\clib3r.lib(hugeval.c)
00410b40       __HugeValue
Module: C:\WATCOM/lib386/nt\clib3r.lib(initargv.c)
00410b50       __Init_Argv_
00410ba0+      _getargv_
00410d40       __Fini_Argv_
Module: C:\WATCOM/lib386\math387r.lib(ldclass.c)
00410d4e       __LDClass_
00410d9e*      _FLClass_
Module: C:\WATCOM/lib386\math387r.lib(pow87e.c)
00410dad       __pow87_err_
Module: C:\WATCOM/lib386\math387r.lib(exp87)
00410e9b*      exp_
00410e34*      __@DEXP1
00410e3c*      IF@EXP
00410e3c*      IF@DEXP
00410e3e       __@DEXP
Module: C:\WATCOM/lib386/nt\clib3r.lib(chipd32.asm)
00410fbf       __fdiv_fpr
00411481*      __fdiv_chk
00411494*      __fdiv_m32
004114e1*      __fdiv_m64
0041152e*      __fdiv_m32r
0041157b*      __fdiv_m64r
Module: C:\WATCOM/lib386/nt\clib3r.lib(mbconv.c)
004115d0       _mbvtop_
Module: C:\WATCOM/lib386/nt\clib3r.lib(amblksiz.c)
00415eb4       __amblksiz
Module: C:\WATCOM/lib386/nt\clib3r.lib(heapen.c)
004115f0*      _heapenable_
00415eb8       ___heap_enabled
Module: C:\WATCOM/lib386/nt\clib3r.lib(nheapmin.c)
00411620       _nheapshrink_
00411620*      _nheapmin_
00411620*      _heapmin_
00411620       _heapshrink_
Module: C:\WATCOM/lib386/nt\clib3r.lib(trdalloc.c)
00411710       __FiniThreadProcessing_
Module: C:\WATCOM/lib386/nt\clib3r.lib(thredwnt.c)
004117d0       __CBeginThread_
00411870       __CEndThread_
Module: C:\WATCOM/lib386/nt\clib3r.lib(strtol.c)
00411ad0*      strtoul_
00411ae0       strtol_
Module: C:\WATCOM/lib386/nt\clib3r.lib(putenv.c)
00411af0       putenv_
00411d80       __putenv_
Module: C:\WATCOM/lib386/nt\clib3r.lib(fclose.c)
00411ef0+      __doclose_
00411f90       __shutdown_stream_
00411fb0*      fclose_
004180f8+      ___RmTmpFileFn
Module: C:\WATCOM/lib386/nt\clib3r.lib(freefp.c)
00412000       __freefp_
00412050       __purgefp_
Module: C:\WATCOM/lib386/nt\clib3r.lib(locmktim.c)
00412080       __local_mktime_
Module: C:\WATCOM/lib386/nt\clib3r.lib(gmtime.c)
00412200       __brktime_
00412300+      _gmtime_
00412320*      gmtime_
Module: C:\WATCOM/lib386/nt\clib3r.lib(tzset.c)
00415f48       ___start_dst
00415f6c       ___end_dst
00416094*      _tzname
0041609c       _timezone
004160a0       _daylight
004160a4       ___dst_adjust
00412390*      __DontCacheOSTZ_
004123a0*      __CacheOSTZ_
00412880+      __parse_tz_
00412c70       tzset_
Module: C:\WATCOM/lib386/nt\clib3r.lib(timeutil.c)
00412de0       __isindst_
Module: C:\WATCOM/lib386/nt\clib3r.lib(mbclen.c)
00413110       _mbclen_
Module: C:\WATCOM/lib386/nt\clib3r.lib(mbccmp.c)
00413140       _mbccmp_
Module: C:\WATCOM/lib386/nt\clib3r.lib(mbinit.c)
004131b5       __mbinit_
004160ac       ___MBCodePage
Module: C:\WATCOM/lib386/nt\clib3r.lib(histsplt.c)
004180fc       ___historical_splitparms
Module: C:\WATCOM/lib386/nt\clib3r.lib(mbslen.c)
004132b0       _mbslen_
Module: C:\WATCOM/lib386/nt\clib3r.lib(mbstowcs.c)
004132e0       mbstowcs_
Module: C:\WATCOM/lib386/nt\clib3r.lib(uputenv.c)
00413360*      _wputenv_
00413580       __wputenv_
Module: C:\WATCOM/lib386/nt\clib3r.lib(flush.c)
00413680       __flush_
Module: C:\WATCOM/lib386/nt\clib3r.lib(leapyear.c)
00413780       __leapyear_
004150b0       ___diyr
004150ca       ___dilyr
Module: C:\WATCOM/lib386/nt\clib3r.lib(wcstombs.c)
004137c0       wcstombs_
Module: C:\WATCOM/lib386/nt\clib3r.lib(mbtowc.c)
00413860       mbtowc_
Module: C:\WATCOM/lib386/nt\clib3r.lib(ustrchr.c)
004138f0       wcschr_
Module: C:\WATCOM/lib386/nt\clib3r.lib(setenvar.c)
00413910       __lib_SetEnvironmentVariableW_
Module: C:\WATCOM/lib386/nt\clib3r.lib(crtwenv.c)
00413a00       __create_wide_environment_
Module: C:\WATCOM/lib386/nt\clib3r.lib(utoupper.c)
00413a68       towupper_
Module: C:\WATCOM/lib386/nt\clib3r.lib(fsync.c)
00413a80       fsync_
Module: C:\WATCOM/lib386/nt\clib3r.lib(qwrit.c)
00413ad0       __qwrite_
Module: C:\WATCOM/lib386/nt\clib3r.lib(wctomb.c)
00413bb0       wctomb_


                        +----------------------+
                        |   Imported Symbols   |
                        +----------------------+

Symbol                              Module
======                              ======

_GetEnvironmentStringsA@0           KERNEL32.DLL
_GetVersion@0                       KERNEL32.DLL
_GetModuleFileNameA@12              KERNEL32.DLL
_GetCommandLineA@0                  KERNEL32.DLL
_GetCommandLineW@0                  KERNEL32.DLL
_FreeEnvironmentStringsA@4          KERNEL32.DLL
_GetModuleHandleA@4                 KERNEL32.DLL
_ExitProcess@4                      KERNEL32.DLL
_RtlUnwind@16                       KERNEL32.DLL
_GetCurrentThreadId@0               KERNEL32.DLL
_SetStdHandle@8                     KERNEL32.DLL
_CreateEventA@16                    KERNEL32.DLL
_GetStdHandle@4                     KERNEL32.DLL
_CloseHandle@4                      KERNEL32.DLL
_GetModuleFileNameW@12              KERNEL32.DLL
_MultiByteToWideChar@24             KERNEL32.DLL
_LoadLibraryA@4                     KERNEL32.DLL
_GetProcAddress@8                   KERNEL32.DLL
_WriteFile@20                       KERNEL32.DLL
_SetUnhandledExceptionFilter@4      KERNEL32.DLL
_UnhandledExceptionFilter@4         KERNEL32.DLL
_VirtualQuery@12                    KERNEL32.DLL
_MessageBoxA@16                     USER32.DLL
_GetFullPathNameA@16                KERNEL32.DLL
_GetFileType@4                      KERNEL32.DLL
_GetFileInformationByHandle@8       KERNEL32.DLL
_GetFileTime@16                     KERNEL32.DLL
_GetFileSize@8                      KERNEL32.DLL
_CreateFileA@28                     KERNEL32.DLL
_GetLastError@0                     KERNEL32.DLL
_GetDriveTypeA@4                    KERNEL32.DLL
_FindFirstFileA@8                   KERNEL32.DLL
_FindClose@4                        KERNEL32.DLL
_SetConsoleCtrlHandler@8            KERNEL32.DLL
_TlsGetValue@4                      KERNEL32.DLL
_TlsSetValue@8                      KERNEL32.DLL
_SetFilePointer@16                  KERNEL32.DLL
_GetFileAttributesA@4               KERNEL32.DLL
_GetCurrentDirectoryA@8             KERNEL32.DLL
_FileTimeToLocalFileTime@8          KERNEL32.DLL
_FileTimeToDosDateTime@12           KERNEL32.DLL
_DosDateTimeToFileTime@12           KERNEL32.DLL
_LocalFileTimeToFileTime@8          KERNEL32.DLL
_FindNextFileA@8                    KERNEL32.DLL
_FormatMessageA@28                  KERNEL32.DLL
_DeleteFileA@4                      KERNEL32.DLL
_SetEndOfFile@4                     KERNEL32.DLL
_ReadFile@20                        KERNEL32.DLL
_CharUpperA@4                       USER32.DLL
_VirtualAlloc@16                    KERNEL32.DLL
_InitializeCriticalSection@4        KERNEL32.DLL
_DeleteCriticalSection@4            KERNEL32.DLL
_LeaveCriticalSection@4             KERNEL32.DLL
_EnterCriticalSection@4             KERNEL32.DLL
_SetLastError@4                     KERNEL32.DLL
_TlsAlloc@0                         KERNEL32.DLL
_TlsFree@4                          KERNEL32.DLL
_VirtualFree@12                     KERNEL32.DLL
_CreateThread@24                    KERNEL32.DLL
_ResumeThread@4                     KERNEL32.DLL
_ExitThread@4                       KERNEL32.DLL
_SetEnvironmentVariableA@8          KERNEL32.DLL
_GetTimeZoneInformation@4           KERNEL32.DLL
_GetACP@0                           KERNEL32.DLL
_GetOEMCP@0                         KERNEL32.DLL
_GetCPInfo@8                        KERNEL32.DLL
_SetEnvironmentVariableW@8          KERNEL32.DLL
_FlushFileBuffers@4                 KERNEL32.DLL
_WideCharToMultiByte@32             KERNEL32.DLL


                        +--------------------+
                        |   Libraries Used   |
                        +--------------------+

C:\WATCOM/lib386/nt\kernel32.lib
C:\WATCOM/lib386/nt\user32.lib
C:\WATCOM/lib386/nt\flib7.lib
C:\WATCOM/lib386\math387r.lib
C:\WATCOM/lib386/nt\clib3r.lib
C:\WATCOM/lib386/nt\emu387.lib


                        +-----------------------+
                        |   Linker Statistics   |
                        +-----------------------+

Stack size:  00010000 (65536.)
Memory size:  0bee2814 (200157204.)
Entry point address: 004017cc
Link time: 00:01.06
