Open Watcom Linker Version 1.9
Portions Copyright (c) 1985-2002 Sybase, Inc. All Rights Reserved.
Created on:       17/02/25 15:46:55
Executable Image: 1.exe
creating a Windows NT character-mode executable


                        +------------+
                        |   Groups   |
                        +------------+

Group                           Address              Size
=====                           =======              ====

.idata                          00415000             00000786
DGROUP                          00416000             00013110



                        +--------------+
                        |   Segments   |
                        +--------------+

Segment                Class          Group          Address         Size
=======                =====          =====          =======         ====

BEGTEXT                CODE           AUTO           00401000        00000007
_TEXT                  CODE           AUTO           00401010        0001310d
TRANSFER CODE          CODE           AUTO           00414120        0000019e
.idata                 .idata         .idata         00415000        00000786
_NULL                  BEGDATA        DGROUP         00416000        00000004
_AFTERNULL             BEGDATA        DGROUP         00416004        00000000
CONST                  DATA           DGROUP         00416010        00000170
_DATA                  DATA           DGROUP         00416180        00000fe8
XIB                    DATA           DGROUP         00417168        00000000
XI                     DATA           DGROUP         00417168        0000004e
XIE                    DATA           DGROUP         004171b6        00000000
YIB                    DATA           DGROUP         004171b6        00000000
YI                     DATA           DGROUP         004171b6        00000030
YIE                    DATA           DGROUP         004171e6        00000000
CONST2                 DATA           DGROUP         004171e8        00000000
DATA32                 DATA           DGROUP         004171e8        000002cc
TIB                    DATA           DGROUP         004174b4        00000000
TI                     DATA           DGROUP         004174b4        00000000
TIE                    DATA           DGROUP         004174b4        00000000
DATA                   DATA           DGROUP         004174b4        00000000
TRIAN                  TRIAN          DGROUP         00418000        00000014
CONST32                CONST          DGROUP         00418014        00000000
_BSS                   BSS            DGROUP         00418020        000010f0
BSS32                  BSS            DGROUP         00419110        00000000
STACK                  STACK          DGROUP         00419110        00010000


                        +----------------+
                        |   Memory Map   |
                        +----------------+

* = unreferenced symbol
+ = symbol only referenced locally

Address        Symbol
=======        ======

Module: 1.obj(C:\Users\USER\Desktop\NM\1.for)
00401010       FMAIN
00401138+      MAX_VALUE
00401173+      NEW_T
004012ba+      AREA
004013a7+      MIN_ANGLE
004014b2+      COS_OF_MIN
00418000+      TRIAN
Module: C:\WATCOM/lib386/nt\flib7.lib(cowrite)
004015df       RT@IOWrite
004015ee*      RT@OutLOG1
00401600*      RT@OutLOG4
0040160e*      RT@OutINT1
00401620*      RT@OutINT2
00401630*      RT@OutINT4
0040163f       RT@OutREAL
0040164f*      RT@OutDBLE
0040165f*      RT@OutXTND
0040166f*      RT@OutCPLX
00401685*      RT@OutDBCX
0040169b*      RT@OutXTCX
004016b1       RT@OutCHAR
004016b6*      RT@OutSTR
004016bb*      RT@PrtArr
004016c0*      RT@PrtChArr
Module: C:\WATCOM/lib386/nt\flib7.lib(cortns)
004161c0*      _FRT_SaveESP
004016d0*      SwitchToGen
004016ee       SwitchToRT
0040170c       RdWrCommon
004017b0       IOType_
004017ce       IOChar
004017e9       IOStr
004017fe       IOArr
00401819       IOChArr
0040183b       RT@EndIO
Module: C:\WATCOM/lib386/nt\flib7.lib(coread)
00401845       RT@IORead
00401854*      RT@InpLOG1
00401863*      RT@InpLOG4
00401872*      RT@InpINT1
00401881*      RT@InpINT2
00401890       RT@InpINT4
0040189f       RT@InpREAL
004018ae*      RT@InpDBLE
004018bd*      RT@InpXTND
004018cc*      RT@InpCPLX
004018db*      RT@InpDBCX
004018ea*      RT@InpXTCX
004018f9*      RT@InpCHAR
004018fe*      RT@InpSTR
00401903*      RT@InpArr
00401908*      RT@InpChArr
Module: C:\WATCOM/lib386\math387r.lib(trig87)
0040195d*      sin_
00401951*      cos_
0040197e*      tan_
00401910       IF@COS
00401910*      IF@DCOS
0040191a       IF@SIN
0040191a*      IF@DSIN
00401969*      IF@TAN
00401969*      IF@DTAN
Module: C:\WATCOM/lib386\math387r.lib(asin87)
004019a7*      asin_
0040198c*      IF@DASIN
0040198c       IF@ASIN
Module: C:\WATCOM/lib386/nt\flib7.lib(xfamin1.c)
004019c0       IF@XAMIN1
Module: C:\WATCOM/lib386/nt\clib3r.lib(cstrtwnt)
00401a0a       _cstart_
00401a0a*      mainCRTStartup
Module: C:\WATCOM/lib386/nt\clib3r.lib(_8087)
004161ec       __8087
004161ed       __real87
Module: C:\WATCOM/lib386/nt\emu387.lib(386)
00401a68       __init_387_emulator
00401a69*      __fini_387_emulator
Module: C:\WATCOM/lib386/nt\flib7.lib(initeng.c)
00418020       __init_english
Module: C:\WATCOM/lib386/nt\flib7.lib(initerr.c)
00418024       __init_error
Module: C:\WATCOM/lib386/nt\flib7.lib(exwrite.c)
00401ae0       DoWrite_
Module: C:\WATCOM/lib386/nt\flib7.lib(setiocb.c)
00401b10       RT@SetIOCB
Module: C:\WATCOM/lib386/nt\flib7.lib(rdata.c)
00418030       _IORslt
00418040       _FmtBuff
00418044*      _Fmt_revert
00418048*      _Fmt_start
0041804c*      _Fmt_paren_level
00418050*      _Fmt_charptr
00418054*      _FmtEmStruct
00418058       _IOTypeRtn
0041805c*      _Fmt_end
00418060*      _Fmt_rep_spec
00418064       _FmtRoutine
00418068       _IOCB
0041806c       _Files
00418070*      _Fmt_delimited
Module: C:\WATCOM/lib386/nt\flib7.lib(iomain.c)
00401ba0       __ReleaseIOSys_
00401bc0       IOMain_
Module: C:\WATCOM/lib386/nt\clib3r.lib(crwdata)
00416234       __osmajor
00416235       __osminor
00416236       __osbuild
00416238       __osver
0041623c       __winmajor
00416240       __winminor
00416244       __winver
00416200       __LpDllName
00416204       __LpwCmdLine
00416208       __LpwPgmName
0041620c       __LpwDllName
004161f8       __LpCmdLine
004161fc       __LpPgmName
004161f0*      __dynend
004161f4       __curbrk
00416210*      __STACKLOW
00416214       __STACKTOP
00416218       __ASTACKSIZ
0041621c       __ASTACKPTR
00416220*      __cbyte
00416224*      __cbyte2
00416228*      __child
0041622e       __Envptr
00416232*      __Envseg
0041622c       __no87
00416248       ___FPE_handler
Module: C:\WATCOM/lib386/nt\flib7.lib(thrdutil.c)
00401dd0*      __InitMultiThreadIO_
00416250       ___SwitchStkLow
Module: C:\WATCOM/lib386/nt\flib7.lib(exread.c)
00401e60       DoRead_
Module: C:\WATCOM/lib386/nt\clib3r.lib(chipvar)
00416254       ___chipbug
00416254       __chipbug
Module: C:\WATCOM/lib386/nt\clib3r.lib(chipt32.asm)
00401e88       __fptan_chk
Module: C:\WATCOM/lib386\math387r.lib(atan87)
00401f66*      atan_
00401f72*      atan2_
00401f3c*      IF@ATAN
00401f3c*      IF@DATAN
00401f51*      IF@ATAN2
00401f51       IF@DATAN2
Module: C:\WATCOM/lib386\math387r.lib(sqrt87)
00401f84*      sqrt_
00401fb4*      IF@SQRT
00401fb4*      IF@DSQRT
00401fb6       __@DSQRT
Module: C:\WATCOM/lib386/nt\clib3r.lib(main2wnt.c)
00401ff0       __NTMain
Module: C:\WATCOM/lib386/nt\clib3r.lib(segdefns)
00401003       ___begtext
00416000*      __nullarea
00417168       __Start_XI
004171b6       __End_XI
004171b6       __Start_YI
004171e6       __End_YI
Module: C:\WATCOM/lib386/nt\clib3r.lib(chk8087.c)
00402070*      _fpreset_
004020b0       __chk8087_
004020c0*      __init_8087_
Module: C:\WATCOM/lib386/nt\flib7.lib(english.c)
00402110       __UseEnglishCharSet_
Module: C:\WATCOM/lib386/nt\flib7.lib(errincl.c)
00402220       __InitError_
00416258+      _PGroupTable
0041625c+      _PErrWord
Module: C:\WATCOM/lib386/nt\flib7.lib(rdwr.c)
00402240+      DoOpen_
00402270+      _AllocBuffer_
004022b0       IOPrologue_
004024f0       UpdateRecNum_
Module: C:\WATCOM/lib386/nt\flib7.lib(unfmtout.c)
00402610       UnFmtOut_
Module: C:\WATCOM/lib386/nt\flib7.lib(freeout.c)
00402a60       FreeOut_
00416260+      _OutRtn
Module: C:\WATCOM/lib386/nt\flib7.lib(rtutls.c)
00402b60       FindFtnFile_
00402c50       RChkAlloc_
00402c80       F_Connect_
00402d00       ConnectFile_
00402d10*      GetFileInfo_
00402e00       DiscoFile_
00402e70*      ChkFileName_
00402ea0+      ChkLogFile_
00402ee0       ChkIOOperation_
00402f20       GetIOErr_
00402f30       ChkIOErr_
00402f50       ChkUnitId_
00402f90*      ChkConnected_
00402fb0       SetEOF_
00402fe0       ClearEOF_
00403020       SysEOF_
00403050       IsFixed_
00403060       IsCarriage_
00403070*      ChkRecordStructure_
004030a0*      ChkSequential_
004030c0*      ChkExist_
004030f0*      StrItem_
Module: C:\WATCOM/lib386/nt\flib7.lib(rtinit.c)
00416294       ___FAppType
00416298       __ExceptionInit
0041629c       __ExceptionFini
00403130*      __InitFThreadData_
00403170+      RTSysFini_
00403180       RTSysInit_
004162a4       __AccessFIO
004162a8       __ReleaseFIO
004162ac       __PartialReleaseFIO
00418078       ___FThreadDataOffset
00417186*      ___fthread_data_size
Module: C:\WATCOM/lib386/nt\clib3r.lib(mainwnt.c)
004162b0       ___TlsIndex
004162b4       ___FirstThreadData
004162b8       ___GetThreadPtr
004162bc       __AccessFileH
004162c0       __ReleaseFileH
004162c4       __AccessIOB
004162c8       __ReleaseIOB
004162cc       __AccessNHeap
004162d0       __AccessFHeap
004162d4       __ReleaseNHeap
004031f0*      __threadid_
00403210+      __sig_null_rtn_
00403220+      __NTInit_
00403400+      __NTFini_
00403460       __NTMainInit_
004034c0       __exit_
004162d8       __ReleaseFHeap
004162dc       __AccessTDList
004162e0       __ReleaseTDList
004162e4       __AccessFList
004162e8       __ReleaseFList
004162ec       __ThreadExitRtn
004162f0       ___sig_init_rtn
004162f4       ___sig_fini_rtn
004162f8       ___process_fini
00418084       ___Is_DLL
Module: C:\WATCOM/lib386/nt\flib7.lib(ioinit.c)
00403520       IOSysInit_
Module: C:\WATCOM/lib386/nt\flib7.lib(rterr.c)
00416300+      _TraceRoutine
00403570+      FlushStdUnit_
004035c0+      WriteErr_
00403690       ErrHandler_
004036d0       RTErr_
0041630c+      LG@ERR_HOOK
Module: C:\WATCOM/lib386/nt\flib7.lib(spawn.c)
00403700       Spawn_
00403760       Suicide_
Module: C:\WATCOM/lib386/nt\flib7.lib(rtsysutl.c)
004037a0       GetSysIOInfo_
004037c0       GetSysFileInfo_
004037f0*      IsDevice_
004039c0       OpenAction_
00403a00*      DfltRecType_
00403a20+      _FileAttrs_
00403ae0       CloseFile_
00403b50       Scrtched_
00403b70*      CloseDeleteFile_
00403bc0       Errf_
00403be0       FPutBuff_
00403c50       FGetBuff_
00403ca0       SeekFile_
00403cc0       NoEOF_
00403cd0       SysClearEOF_
00403ce0*      SameFile_
00403cf0*      Rewindf_
00403d10*      SysCreateFile_
00403d50       CheckLogicalRecord_
00403d70       SkipLogicalRecord_
00403d90*      BackSpacef_
00403dc0*      EndFilef_
00403e00       GetIOErrMsg_
00403e40       ReportNExist_
00403e60       ReportEOF_
00403e70*      WaitForEnter_
Module: C:\WATCOM/lib386/nt\flib7.lib(unfmtin.c)
00403e80       UnFmtIn_
00403f20+      NextUnFmtRec_
Module: C:\WATCOM/lib386/nt\flib7.lib(freein.c)
00404300+      GetNum_
00404500       FreeIn_
00404510*      DoFreeIn_
00404540+      BumpComma_
00404570+      Blanks_
00404590+      CheckEor_
Module: C:\WATCOM/lib386/nt\clib3r.lib(chipbug.c)
00404ba0       __verify_pentium_fdiv_bug_
Module: C:\WATCOM/lib386/nt\clib3r.lib(chipw32.asm)
00404bf8       __fpatan_wrap
Module: C:\WATCOM/lib386\math387r.lib(math87e.c)
00404c2d       __math87_err_
Module: C:\WATCOM/lib386/nt\clib3r.lib(initrtns.c)
00404cb0       __InitRtns
00404d00       __FiniRtns
Module: C:\WATCOM/lib386/nt\clib3r.lib(mthrdini.c)
00404d60       __InitThreadData_
00416310       ___ThreadDataSize
Module: C:\WATCOM/lib386/nt\clib3r.lib(memset.c)
00404d90       memset_
Module: C:\WATCOM/lib386/nt\clib3r.lib(cmain386.c)
00404db0       __CMain
Module: C:\WATCOM/lib386/nt\clib3r.lib(dosseg)
00001234       __DOSseg__
Module: C:\WATCOM/lib386/nt\clib3r.lib(8087cw.c)
00416314       __8087cw
Module: C:\WATCOM/lib386/nt\clib3r.lib(save8087.c)
00416318       ___Save8087
0041631c       ___Rest8087
Module: C:\WATCOM/lib386/nt\clib3r.lib(init8087)
00404df4       __x87id
Module: C:\WATCOM/lib386/nt\flib7.lib(csetinfo.c)
004186a0       _CharSetInfo
Module: C:\WATCOM/lib386/nt\flib7.lib(errmsg.c)
00405160       _GroupTable
00405210       _ErrWord
Module: C:\WATCOM/lib386/nt\flib7.lib(blderr.c)
004058c0       Substitute_
00405a80       ErrCodOrg_
Module: C:\WATCOM/lib386/nt\flib7.lib(errrtns.c)
004186b4       ___ErrorFini
004186b8       ___ErrorInit
004186bc       ___BldErrMsg
Module: C:\WATCOM/lib386/nt\flib7.lib(sdfile.c)
00416320*      _FFCtrlSeq
00416322*      _SkipCtrlSeq
00416324       _NormalCtrlSeq
00416326       _SDTermIn
0041632a       _SDTermOut
0041632e*      _SDPrtName
Module: C:\WATCOM/lib386/nt\flib7.lib(ioerr.c)
00405ac0       IOErr_
Module: C:\WATCOM/lib386/nt\flib7.lib(wrutils.c)
00405b50       F_SendData_
00405bb0*      SendLine_
00405bc0       SendEOR_
00405c50*      SendInt_
00405c80       SendStr_
00405ca0+      SendWSLStr_
00405cc0       SendChar_
00405ce0       Drop_
00405ea0       IOItemResult_
Module: C:\WATCOM/lib386/nt\flib7.lib(unfmtutl.c)
00405f20       _SizeVars
Module: C:\WATCOM/lib386/nt\flib7.lib(undefcg.c)
00405fc0       OutLogCG_
00405fd0       OutIntCG_
00406010+      FmtRealCG_
00406040+      FmtDoubleCG_
00406070+      FmtExtendedCG_
004060a0+      UndefIntCG_
004060a0+      UndefLogCG_
004060a0+      UndefExtendedCG_
004060a0+      UndefDoubleCG_
004060a0+      UndefRealCG_
004060b0+      GetRealCG_
00416334       _FmtRealRtn
00416338       _FmtDoubleRtn
0041633c       _FmtExtendedRtn
00416340       _SendStrRtn
00416344       _UndefRealRtn
00416348       _UndefDoubleRtn
0041634c       _UndefExtendedRtn
00416350       _UndefLogRtn
00416354       _UndefIntRtn
00416358       _GetRealRtn
Module: C:\WATCOM/lib386/nt\flib7.lib(cctrl.c)
004060c0       CheckCCtrl_
Module: C:\WATCOM/lib386/nt\flib7.lib(fdutil.c)
00406130       LocFile_
00406140       LocUnit_
00406170       ExtractInfo_
Module: C:\WATCOM/lib386/nt\flib7.lib(rstdio.c)
004062a0       _InitStandardInput_
004062d0       _InitStandardOutput_
Module: C:\WATCOM/lib386/nt\flib7.lib(rmemmgr.c)
00406300       RMemAlloc_
00406310       RMemFree_
Module: C:\WATCOM/lib386/nt\flib7.lib(deffname.c)
0041635c       _DefFName
Module: C:\WATCOM/lib386/nt\flib7.lib(stracc.c)
00406320       TrimStr_
00406360       GetStr_
Module: C:\WATCOM/lib386/nt\flib7.lib(rttraps.c)
00406480       __EnableF77RTExceptionHandling_
00406490       R_TrapInit_
00406520       R_TrapFini_
00406530*      __InitExceptionVectors_
Module: C:\WATCOM/lib386/nt\clib3r.lib(nodefwin.c)
00416364*      __WindowsIsWindowedHandle
00416368*      __WindowsRemoveWindowedHandle
0041636c*      __WindowsNewWindow
00416370*      __WindowsCloseWindow
00416374*      __WindowsSetAbout
00416378*      __WindowsSetAppTitle
0041637c*      __WindowsSetConTitle
00416380*      __WindowsDestroyOnClose
00416384*      __WindowsYieldControl
00416388*      __WindowsShutDown
0041638c*      __WindowsStdin
00416390       __WindowsStdout
00416394*      __WindowsKbhit
00416398*      __WindowsGetch
0041639c*      __WindowsGetche
004163a0*      __WindowsPutch
00406550*      _dwShutDown_
00406550*      _dwYield_
00406550*      _dwSetConTitle_
00406550*      _dwSetAppTitle_
00406550*      _dwSetAboutDlg_
00406550       _dwDeleteOnClose_
004163a4*      __WindowsExitRtn
004186c0*      __init_default_win
Module: C:\WATCOM/lib386/nt\clib3r.lib(atexit.c)
00406553       atexit_
Module: C:\WATCOM/lib386/nt\clib3r.lib(regdata.c)
004065b0       __RegisterThreadDataSize_
Module: C:\WATCOM/lib386/nt\clib3r.lib(hdlman.c)
004163a8+      ___NHandles
004163ac+      ___OSHandles
004163b0+      ___FakeHandles
004065e0+      __growPOSIXHandles_
00406680       __allocPOSIXHandle_
00406740       __freePOSIXHandle_
00406760       __getOSHandle_
00406770       __setOSHandle_
004067c0+      __NTGetFakeHandle_
00406830       __initPOSIXHandles_
00406910*      __set_handles_
00406920*      _grow_handles_
Module: C:\WATCOM/lib386/nt\clib3r.lib(environ.c)
00418748       ___env_mask
0041874c       _environ
00418750       __wenviron
Module: C:\WATCOM/lib386/nt\clib3r.lib(getmodfn.c)
00406960       __lib_GetModuleFileNameW_
Module: C:\WATCOM/lib386/nt\clib3r.lib(strdup.c)
00406a00       __clib_strdup_
Module: C:\WATCOM/lib386/nt\clib3r.lib(istable.c)
00406a40       __IsTable
Module: C:\WATCOM/lib386/nt\clib3r.lib(ustrdup.c)
00406b41       __clib_wcsdup_
Module: C:\WATCOM/lib386/nt\clib3r.lib(nfree.c)
00406b70       _nfree_
00406b70       free_
00418754       ___MiniHeapFreeRover
Module: C:\WATCOM/lib386/nt\clib3r.lib(excptwnt.c)
004072e0+      ___ReportException@4
00407730       __DefaultExceptionHandler_
00407770+      ___ExceptionFilter
00407980       __NewExceptionFilter_
004079b0       __DoneExceptionFilter_
004163bc       ___oscode_check_func
004163c0       ___raise_func
00418758*      _sw
0041875c       ___ExceptionHandled
0041875d+      ___ReportInvoked
Module: C:\WATCOM/lib386/nt\clib3r.lib(stklmwnt.c)
004079f0       __init_stack_limits_
Module: C:\WATCOM/lib386/nt\flib7.lib(runmain.c)
00407a60*      __InitUnit6CC_
00407a70       __DevicesCC_
00407a80*      __InitAllowCommaSeparator_
00407a90       __AllowCommaSep_
00407aa0+      _InitIO_
00407b10+      CloseAllFiles_
00407b50*      _FiniEx_
00407b50       RunExit_
00407b90       RunEntry_
Module: C:\WATCOM/lib386/nt\flib7.lib(posdat.c)
004165bc       _FStdIn
004165c0       _FStdOut
004165c4       _FStdErr
Module: C:\WATCOM/lib386/nt\flib7.lib(posflush.c)
00407bc0       FlushBuffer_
Module: C:\WATCOM/lib386/nt\flib7.lib(errutil.c)
00407c70       BldErrCode_
00407cd0*      MsgFormat_
00407d00*      MsgBuffer_
004165c8+      _PGrpCodes
Module: C:\WATCOM/lib386/nt\clib3r.lib(enterdb.c)
00407d30       __EnterWVIDEO_
004165cc       ___WD_Present
Module: C:\WATCOM/lib386/nt\flib7.lib(stdio.c)
00407d70       StdBuffer_
00407d90+      StdWrite_
00407e70       StdFlush_
00407ea0       StdWriteNL_
Module: C:\WATCOM/lib386/nt\clib3r.lib(setjmp)
00407ec8       _setjmp_
00407f01       longjmp_
Module: C:\WATCOM/lib386/nt\clib3r.lib(exit.c)
00407f89+      __null_int23_exit_
00407f8a       exit_
00407fda*      _exit_
004169d8+      ___int23_exit
004169dc+      ___FPE_handler_exit
Module: C:\WATCOM/lib386/nt\clib3r.lib(accsswnt.c)
00407ff0       access_
Module: C:\WATCOM/lib386/nt\clib3r.lib(fullpath.c)
00408030+      _sys_fullpath_
004080b0       _fullpath_
Module: C:\WATCOM/lib386/nt\clib3r.lib(fstatwnt.c)
00408120       fstat_
Module: C:\WATCOM/lib386/nt\flib7.lib(poserr.c)
00408480       Errorf_
004084a0*      EOFile_
004084c0       ErrorMsg_
00408500       FSetTrunc_
00408510       FSetSysErr_
00408530       FSetErr_
00408550       FSetEof_
00408570       IOOk_
Module: C:\WATCOM/lib386/nt\clib3r.lib(statwnt.c)
00408695       stat_
Module: C:\WATCOM/lib386/nt\flib7.lib(posopen.c)
004088d0       InitStd_
00408990       SetIOBufferSize_
004089b0+      _AllocFile_
00408aa0       Openf_
00408b90       Closef_
Module: C:\WATCOM/lib386/nt\flib7.lib(posdel.c)
00408c10       Scratchf_
Module: C:\WATCOM/lib386/nt\flib7.lib(posput.c)
00408c30       FPutRec_
00408c70       ChopFile_
00408cc0*      PutRec_
00408de0       writebytes_
00408e60       SysWrite_
Module: C:\WATCOM/lib386/nt\flib7.lib(posget.c)
00408fa0       readbytes_
00409070       SysRead_
004094e0       FGetRec_
00409510*      GetRec_
00409530       GetStdChar_
00409580       FCheckLogical_
00409600       FSkipLogical_
004096d0*      FGetVarRecLen_
Module: C:\WATCOM/lib386/nt\flib7.lib(posseek.c)
004097c0       FSeekRec_
00409800       CurrFileOffset_
00409800       FGetFilePos_
00409820       SysSeek_
00409a10*      FSeekAbs_
Module: C:\WATCOM/lib386/nt\clib3r.lib(stricmp.c)
00409a20       stricmp_
Module: C:\WATCOM/lib386/nt\flib7.lib(posrew.c)
00409a60       FRewind_
Module: C:\WATCOM/lib386/nt\flib7.lib(posback.c)
00409ad0       FBackspace_
Module: C:\WATCOM/lib386/nt\flib7.lib(postrunc.c)
00409bb0       FTruncate_
Module: C:\WATCOM/lib386/nt\clib3r.lib(errno.c)
00409bd0       __get_errno_ptr_
00409be0*      __get_doserrno_ptr_
Module: C:\WATCOM/lib386/nt\flib7.lib(rdutils.c)
00409bf0       NextRec_
Module: C:\WATCOM/lib386/nt\flib7.lib(arrayio.c)
00409d90       ArrayIOType_
Module: C:\WATCOM/lib386/nt\clib3r.lib(toupper.c)
00409e10       toupper_
Module: C:\WATCOM/lib386/nt\flib7.lib(chrutils.c)
00409e20       JmpBlanks_
Module: C:\WATCOM/lib386/nt\flib7.lib(fmtcnvt.c)
00409e40       FmtS2I_
00409f70       FmtS2F_
Module: C:\WATCOM/lib386/nt\clib3r.lib(chipa32.asm)
0040a340       __fpatan_chk
Module: C:\WATCOM/lib386/nt\flib7.lib(_matherr.c)
0040a550*      __imath2err_
0040a590*      __amath1err_
0040a5c0*      __amath2err_
0040a5f0       __math2err_
0040a700       __math1err_
0040a710*      __zmath2err_
0040a770*      __qmath2err_
Module: C:\WATCOM/lib386/nt\clib3r.lib(__stos)
0040a7e0       __STOSB
0040a817*      __STOSD
Module: C:\WATCOM/lib386/nt\clib3r.lib(cinit.c)
0040a890       __CommonInit_
Module: C:\WATCOM/lib386/nt\clib3r.lib(___argc.c)
00418764       ____Argc
00418768       ____Argv
Module: C:\WATCOM/lib386/nt\flib7.lib(rtmain.c)
0040a8a0       main_
Module: C:\WATCOM/lib386/nt\clib3r.lib(memmove.c)
0040a8c0       memmove_
Module: C:\WATCOM/lib386/nt\clib3r.lib(itoa.c)
0040a920       utoa_
0040a970       itoa_
Module: C:\WATCOM/lib386/nt\clib3r.lib(ltoa.c)
0040a9a0       ultoa_
0040a9f0       ltoa_
Module: C:\WATCOM/lib386/nt\flib7.lib(ifile.c)
0040aa20       SendIFBuff_
0040aa50       NextIFBuff_
Module: C:\WATCOM/lib386/nt\flib7.lib(expchk.c)
0040aa80       ToFFormat_
Module: C:\WATCOM/lib386/nt\flib7.lib(fmtrtns.c)
0040aad0       R_F2E_
0040ac40       R_F2F_
0040add0       SetMaxPrec_
Module: C:\WATCOM/lib386/nt\flib7.lib(rfmtlog.c)
0040adf0       R_FmtLog_
Module: C:\WATCOM/lib386/nt\flib7.lib(rfmtutil.c)
0040ae50+      R_ChkType_
0040ae80*      R_NewRec_
0040aec0*      R_ChkIType_
0040aef0*      R_ChkFType_
0040af20*      R_ChkRecLen_
0040af40+      GetLen_
0040af80*      R_FOStr_
0040af90*      FOString_
0040b000*      R_FIStr_
0040b0c0+      R_FOLog_
0040b110*      R_FILog_
0040b1f0*      R_FIFloat_
0040b3e0       GetReal_
0040b4f0*      R_FOF_
0040b570*      R_FOE_
0040b6b0+      FmtH2B_
0040b7a0*      R_FIHex_
0040b920*      R_FOHex_
0040b930*      FOHex_
0040ba30*      R_FIInt_
0040bb40*      R_FOInt_
0040bda0*      R_FOG_
0040c020+      ChkBuffLen_
Module: C:\WATCOM/lib386/nt\clib3r.lib(getenv.c)
0040c050       getenv_
Module: C:\WATCOM/lib386/nt\clib3r.lib(nmalloc.c)
0040c0e0       _nmalloc_
0040c0e0       malloc_
004169e8       ___nheapbeg
004169ec       ___MiniHeapRover
004169f0       ___LargestSizeB4MiniHeapRover
Module: C:\WATCOM/lib386/nt\clib3r.lib(signlwnt.c)
004169f4+      __SignalTable
0040c1e0+      __SetSignalFunc_
0040c230+      __GetSignalFunc_
0040c260+      __GetSignalOSCode_
0040c290+      __CheckSignalExCode_
0040c3d0+      __sigabort_
0040c3e0       __sigfpe_handler_
0040c430       signal_
0040c4c0+      raise_
0040c530+      __SigInit_
0040c580+      __SigFini_
0040c5c0+      __sig_init_
Module: C:\WATCOM/lib386/nt\flib7.lib(fptraps.c)
0040c6a0*      __MaskDefaultFPE_
0040c6c0       FPTrapInit_
0040c6f0       FPTrapFini_
Module: C:\WATCOM/lib386/nt\clib3r.lib(trdlist.c)
0040c760       __GetThreadData_
0040c7b0       __ReallocThreadData_
0040c8a0       __AddThreadData_
0040c920       __RemoveThreadData_
0040c980       __ResizeThreadDataList_
0040c9b0       __FreeThreadDataList_
0040c9e0*      __ActiveThreads_
Module: C:\WATCOM/lib386/nt\clib3r.lib(seterrno.c)
0040c9f7       __set_errno_
0040ca05*      __set_EDOM_
0040ca13       __set_ERANGE_
0040ca21*      __set_EINVAL_
0040ca34       __set_doserrno_
Module: C:\WATCOM/lib386/nt\clib3r.lib(nrealloc.c)
0040ca50*      _nrealloc_
0040ca50       realloc_
Module: C:\WATCOM/lib386/nt\clib3r.lib(iomode.c)
0040cad0       __GetIOMode_
0040caf0       __SetIOMode_nogrow_
00416a60       ___NFiles
00416a64       ___init_mode
00416ab4       ___io_mode
Module: C:\WATCOM/lib386/nt\clib3r.lib(stiomode.c)
0040cb10       __grow_iomode_
0040cbe0+      __shrink_iomode_
0040cc20       __SetIOMode_
Module: C:\WATCOM/lib386/nt\clib3r.lib(setenvp.c)
0040cc90       __setenvp_
0040cd50       __freeenvp_
Module: C:\WATCOM/lib386/nt\clib3r.lib(ustrlen.c)
0040cd9d       wcslen_
Module: C:\WATCOM/lib386/nt\clib3r.lib(memcpy.c)
0040cdb0       memcpy_
Module: C:\WATCOM/lib386/nt\clib3r.lib(mem.c)
0040cdd0       __MemAllocator
0040ce80       __MemFree
Module: C:\WATCOM/lib386/nt\clib3r.lib(conutwnt.c)
0040cfd0*      __NTRealKey_
0040d080*      __NTConsoleInput_
0040d090       __NTConsoleOutput_
Module: C:\WATCOM/lib386/nt\clib3r.lib(fclex387.c)
0040d0a0       _ClearFPE_
Module: C:\WATCOM/lib386/nt\clib3r.lib(lseek.c)
0040d0b0       lseek_
Module: C:\WATCOM/lib386/nt\clib3r.lib(write.c)
0040d350       write_
Module: C:\WATCOM/lib386/nt\flib7.lib(errgrp.c)
0040d5b0       _GrpCodes
Module: C:\WATCOM/lib386/nt\clib3r.lib(iob.c)
00416ac0       ___iob
00416cc8       __fmode
00418778       ___OpenStreams
0041877c       ___ClosedStreams
Module: C:\WATCOM/lib386/nt\clib3r.lib(setmd.c)
0040d640       setmode_
Module: C:\WATCOM/lib386/nt\clib3r.lib(ljmphdl.c)
00416ccc       ___longjmp_handler
Module: C:\WATCOM/lib386/nt\clib3r.lib(fgtattr.c)
0040d740       __fixed_GetFileAttributesA_
Module: C:\WATCOM/lib386/nt\clib3r.lib(dosret.c)
0040d7e0*      _dosretax_
0040d7f0*      _dosret0_
0040d800       __set_errno_dos_
0040d830*      __set_errno_dos_reterr_
0040d840       __set_errno_nt_
0040d850*      __set_errno_nt_reterr_
Module: C:\WATCOM/lib386/nt\clib3r.lib(gtcwdwnt.c)
0040d870       getcwd_
Module: C:\WATCOM/lib386/nt\clib3r.lib(iomodtty.c)
0040d900       __ChkTTYIOMode_
0040d940       __IOMode_
Module: C:\WATCOM/lib386/nt\clib3r.lib(ntdirinf.c)
0040d960       __MakeDOSDT_
0040d990*      __FromDOSDT_
0040d9c0*      __GetNTDirInfo_
0040da00*      __NTFindNextFileWithAttr_
Module: C:\WATCOM/lib386/nt\clib3r.lib(d2ttime.c)
0040da60       _d2ttime_
Module: C:\WATCOM/lib386/nt\clib3r.lib(strerror.c)
0040de00       strerror_
0040de20*      _strerror_
0040def0*      _doserror_
00416dd4+      __sys_errlist
00416e78+      __sys_nerr
Module: C:\WATCOM/lib386/nt\clib3r.lib(_strcmp)
0040df20       strcmp_
Module: C:\WATCOM/lib386/nt\clib3r.lib(mbspbrk.c)
0040e060       _mbspbrk_
Module: C:\WATCOM/lib386/nt\clib3r.lib(mbsinc.c)
0040e0b0       _mbsinc_
Module: C:\WATCOM/lib386/nt\clib3r.lib(tolower.c)
0040e0e0       tolower_
Module: C:\WATCOM/lib386/nt\clib3r.lib(close.c)
0040e0f0       close_
Module: C:\WATCOM/lib386/nt\clib3r.lib(openwnt.c)
0040e310*      open_
0040e330       sopen_
Module: C:\WATCOM/lib386/nt\flib7.lib(poscc.c)
0040e360*      __LineFeedWithFormFeed_
0040e370       FSetCC_
Module: C:\WATCOM/lib386/nt\clib3r.lib(unlnkwnt.c)
0040e3d0       unlink_
Module: C:\WATCOM/lib386/nt\clib3r.lib(chsizwnt.c)
0040e450       chsize_
Module: C:\WATCOM/lib386/nt\clib3r.lib(read.c)
0040e540       read_
Module: C:\WATCOM/lib386/nt\flib7.lib(intarith.c)
0040e6d0       AddIOFlo_
0040e6e0*      SubIOFlo_
0040e6f0       MulIOFlo_
Module: C:\WATCOM/lib386\math387r.lib(strtod.c)
0040ec13+      __Strtold_
0040ed7a       strtod_
Module: C:\WATCOM/lib386/nt\clib3r.lib(chipd32.asm)
0040efd7       __fdiv_fpr
0040f499*      __fdiv_chk
0040f4ac*      __fdiv_m32
0040f4f9*      __fdiv_m64
0040f546*      __fdiv_m32r
0040f593*      __fdiv_m64r
Module: C:\WATCOM/lib386/nt\clib3r.lib(argcv.c)
00418880       __argc
00418884       __argv
00418888       ___argv
0041888c       ___argc
Module: C:\WATCOM/lib386/nt\clib3r.lib(alphabet.c)
00416124       ___Alphabet
Module: C:\WATCOM/lib386\math387r.lib(ldcvt.c)
0040f6bf       _LDScale10x_
0040fc66       __LDcvt_
Module: C:\WATCOM/lib386/nt\flib7.lib(flt86.c)
004100c0       _P1d100
004100c8       _P1d_99
Module: C:\WATCOM/lib386\math387r.lib(pow87)
00410229*      pow_
004100d0       IF@DPOW
004100d0*      IF@POW
Module: C:\WATCOM/lib386/nt\flib7.lib(hexcnv.c)
00410250       Hex_
00410270*      HSToB_
004102e0       BToHS_
Module: C:\WATCOM/lib386/nt\clib3r.lib(strupr.c)
00410330       strupr_
Module: C:\WATCOM/lib386/nt\clib3r.lib(mbterm.c)
00410350       _mbterm_
Module: C:\WATCOM/lib386/nt\clib3r.lib(mbsnextc.c)
00410390       _mbsnextc_
Module: C:\WATCOM/lib386/nt\clib3r.lib(mbcupper.c)
004103d0       _mbctoupper_
Module: C:\WATCOM/lib386/nt\clib3r.lib(nmemneed.c)
00410400       __nmemneed_
Module: C:\WATCOM/lib386/nt\clib3r.lib(grownear.c)
00410570       __ExpandDGROUP_
Module: C:\WATCOM/lib386/nt\clib3r.lib(abort.c)
00410596*      abort_
004105a8       __terminate_
00416f2c       ___abort
Module: C:\WATCOM/lib386/nt\clib3r.lib(cntrl87.c)
004105c0       _control87_
Module: C:\WATCOM/lib386/nt\clib3r.lib(mthread.c)
004107a0+      __CloseSemaphore_
004107e0+      __AccessIOB_
004107f0+      __ReleaseIOB_
00410800+      __AccessFileH_
00410810+      __ReleaseFileH_
00410820+      __AccessNHeap_
00410830+      __ReleaseNHeap_
00410840+      __AccessFHeap_
00410850+      __ReleaseFHeap_
00410860+      __AccessTDList_
00410870+      __ReleaseTDList_
00410880+      __AccessFList_
00410890+      __AccessSemaphore_
004108f0+      __ReleaseFList_
00410900+      __ReleaseSemaphore_
00410930+      __MultipleThread_
00410980+      __AllocInitThreadData_
004109d0*      __FreeInitThreadData_
004109e0       __NTThreadInit_
00410a50       __NTAddThread_
00410aa0       __NTRemoveThread_
00410b30       __InitMultipleThread_
00416f30+      ___AccessSema4
00416f34+      ___ReleaseSema4
00416f38+      ___CloseSema4
Module: C:\WATCOM/lib386/nt\clib3r.lib(xmsgwnt.c)
00410cf0+      __exit_with_msg_
00410d50       __fatal_runtime_error_
Module: C:\WATCOM/lib386/nt\clib3r.lib(calloc.c)
00410d70       calloc_
Module: C:\WATCOM/lib386/nt\clib3r.lib(register.c)
00410da0       __initthread_
00410db0*      _beginthread_
00410dc0       _endthread_
00410dd0*      __RegisterThreadData_
Module: C:\WATCOM/lib386/nt\clib3r.lib(nmsize.c)
00410e20       _nmsize_
00410e20*      _msize_
Module: C:\WATCOM/lib386/nt\clib3r.lib(nexpand.c)
00410e30       _nexpand_
00410e30*      _expand_
00410e70+      __HeapManager_expand_
Module: C:\WATCOM/lib386/nt\clib3r.lib(dofilstr.c)
00411050       __ParsePosixHandleStr_
Module: C:\WATCOM/lib386/nt\clib3r.lib(clearenv.c)
00411170       clearenv_
Module: C:\WATCOM/lib386/nt\clib3r.lib(__lseek.c)
00411200       __lseek_
Module: C:\WATCOM/lib386/nt\clib3r.lib(stackwnt.c)
00411240       stackavail_
Module: C:\WATCOM/lib386/nt\clib3r.lib(stk)
00411251*      __CHK
00411261*      __STK
00411280       __STKOVERFLOW_
00411290*      __GRO
004112b0*      __alloca_probe
Module: C:\WATCOM/lib386/nt\clib3r.lib(initfile.c)
00411300       __InitFiles_
Module: C:\WATCOM/lib386/nt\clib3r.lib(ioexit.c)
00411400*      fcloseall_
00411410       __full_io_exit_
Module: C:\WATCOM/lib386/nt\clib3r.lib(isattwnt.c)
00411420       isatty_
Module: C:\WATCOM/lib386/nt\clib3r.lib(strncpy.c)
00411440       strncpy_
Module: C:\WATCOM/lib386/nt\clib3r.lib(mktime.c)
00411480       mktime_
Module: C:\WATCOM/lib386/nt\clib3r.lib(mbschr.c)
00411510       _mbschr_
Module: C:\WATCOM/lib386/nt\clib3r.lib(mbisdbcs.c)
00418ffc       ___IsDBCS
Module: C:\WATCOM/lib386/nt\clib3r.lib(mbislead.c)
00411570*      _ismbblead_
00419000       ___MBCSIsTable
Module: C:\WATCOM/lib386/nt\clib3r.lib(_clsewnt.c)
00411590       __close_
Module: C:\WATCOM/lib386/nt\clib3r.lib(ntfio.c)
004115f0*      __GetNTCreateAttr_
00411630       __GetNTAccessAttr_
00411660       __GetNTShareAttr_
Module: C:\WATCOM/lib386/nt\clib3r.lib(umaskval.c)
00416f58       ___umaskval
Module: C:\WATCOM/lib386\math387r.lib(bufld386)
004116c0       __ZBuf2LD
Module: C:\WATCOM/lib386\math387r.lib(inf_nan.c)
00411763*      ___f_infinity
00411767*      ___f_posqnan
0041176b       ___d_infinity
00411773       ___d_posqnan
0041177b*      ___ld_infinity
00411783*      ___ld_posqnan
Module: C:\WATCOM/lib386/nt\clib3r.lib(hugeval.c)
00411790       __HugeValue
Module: C:\WATCOM/lib386/nt\clib3r.lib(initargv.c)
004117a0       __Init_Argv_
004117f0+      _getargv_
00411990       __Fini_Argv_
Module: C:\WATCOM/lib386\math387r.lib(ldclass.c)
0041199e       __LDClass_
004119ee*      _FLClass_
Module: C:\WATCOM/lib386\math387r.lib(pow87e.c)
004119fd       __pow87_err_
Module: C:\WATCOM/lib386\math387r.lib(exp87)
00411aeb*      exp_
00411a84*      __@DEXP1
00411a8c*      IF@EXP
00411a8c*      IF@DEXP
00411a8e       __@DEXP
Module: C:\WATCOM/lib386/nt\clib3r.lib(mbconv.c)
00411b00       _mbvtop_
Module: C:\WATCOM/lib386/nt\clib3r.lib(amblksiz.c)
00416f6c       __amblksiz
Module: C:\WATCOM/lib386/nt\clib3r.lib(heapen.c)
00411b20*      _heapenable_
00416f70       ___heap_enabled
Module: C:\WATCOM/lib386/nt\clib3r.lib(nheapmin.c)
00411b50       _nheapshrink_
00411b50*      _nheapmin_
00411b50*      _heapmin_
00411b50       _heapshrink_
Module: C:\WATCOM/lib386/nt\clib3r.lib(trdalloc.c)
00411c40       __FiniThreadProcessing_
Module: C:\WATCOM/lib386/nt\clib3r.lib(thredwnt.c)
00411d00       __CBeginThread_
00411da0       __CEndThread_
Module: C:\WATCOM/lib386/nt\clib3r.lib(strtol.c)
00412000*      strtoul_
00412010       strtol_
Module: C:\WATCOM/lib386/nt\clib3r.lib(putenv.c)
00412020       putenv_
004122b0       __putenv_
Module: C:\WATCOM/lib386/nt\clib3r.lib(fclose.c)
00412420+      __doclose_
004124c0       __shutdown_stream_
004124e0*      fclose_
00419108+      ___RmTmpFileFn
Module: C:\WATCOM/lib386/nt\clib3r.lib(freefp.c)
00412530       __freefp_
00412580       __purgefp_
Module: C:\WATCOM/lib386/nt\clib3r.lib(locmktim.c)
004125b0       __local_mktime_
Module: C:\WATCOM/lib386/nt\clib3r.lib(gmtime.c)
00412730       __brktime_
00412830+      _gmtime_
00412850*      gmtime_
Module: C:\WATCOM/lib386/nt\clib3r.lib(tzset.c)
00417000       ___start_dst
00417024       ___end_dst
0041714c*      _tzname
00417154       _timezone
00417158       _daylight
0041715c       ___dst_adjust
004128c0*      __DontCacheOSTZ_
004128d0*      __CacheOSTZ_
00412db0+      __parse_tz_
004131a0       tzset_
Module: C:\WATCOM/lib386/nt\clib3r.lib(timeutil.c)
00413310       __isindst_
Module: C:\WATCOM/lib386/nt\clib3r.lib(mbclen.c)
00413640       _mbclen_
Module: C:\WATCOM/lib386/nt\clib3r.lib(mbccmp.c)
00413670       _mbccmp_
Module: C:\WATCOM/lib386/nt\clib3r.lib(mbinit.c)
004136e5       __mbinit_
00417164       ___MBCodePage
Module: C:\WATCOM/lib386/nt\clib3r.lib(histsplt.c)
0041910c       ___historical_splitparms
Module: C:\WATCOM/lib386/nt\clib3r.lib(mbslen.c)
004137e0       _mbslen_
Module: C:\WATCOM/lib386/nt\clib3r.lib(mbstowcs.c)
00413810       mbstowcs_
Module: C:\WATCOM/lib386/nt\clib3r.lib(uputenv.c)
00413890*      _wputenv_
00413ab0       __wputenv_
Module: C:\WATCOM/lib386/nt\clib3r.lib(flush.c)
00413bb0       __flush_
Module: C:\WATCOM/lib386/nt\clib3r.lib(leapyear.c)
00413cb0       __leapyear_
0041614c       ___diyr
00416166       ___dilyr
Module: C:\WATCOM/lib386/nt\clib3r.lib(wcstombs.c)
00413cf0       wcstombs_
Module: C:\WATCOM/lib386/nt\clib3r.lib(mbtowc.c)
00413d90       mbtowc_
Module: C:\WATCOM/lib386/nt\clib3r.lib(ustrchr.c)
00413e20       wcschr_
Module: C:\WATCOM/lib386/nt\clib3r.lib(setenvar.c)
00413e40       __lib_SetEnvironmentVariableW_
Module: C:\WATCOM/lib386/nt\clib3r.lib(crtwenv.c)
00413f30       __create_wide_environment_
Module: C:\WATCOM/lib386/nt\clib3r.lib(utoupper.c)
00413f98       towupper_
Module: C:\WATCOM/lib386/nt\clib3r.lib(fsync.c)
00413fb0       fsync_
Module: C:\WATCOM/lib386/nt\clib3r.lib(qwrit.c)
00414000       __qwrite_
Module: C:\WATCOM/lib386/nt\clib3r.lib(wctomb.c)
004140e0       wctomb_


                        +----------------------+
                        |   Imported Symbols   |
                        +----------------------+

Symbol                              Module
======                              ======

_GetEnvironmentStringsA@0           KERNEL32.DLL
_GetVersion@0                       KERNEL32.DLL
_GetModuleFileNameA@12              KERNEL32.DLL
_GetCommandLineA@0                  KERNEL32.DLL
_GetCommandLineW@0                  KERNEL32.DLL
_FreeEnvironmentStringsA@4          KERNEL32.DLL
_GetModuleHandleA@4                 KERNEL32.DLL
_ExitProcess@4                      KERNEL32.DLL
_RtlUnwind@16                       KERNEL32.DLL
_GetCurrentThreadId@0               KERNEL32.DLL
_SetStdHandle@8                     KERNEL32.DLL
_CreateEventA@16                    KERNEL32.DLL
_GetStdHandle@4                     KERNEL32.DLL
_CloseHandle@4                      KERNEL32.DLL
_GetModuleFileNameW@12              KERNEL32.DLL
_MultiByteToWideChar@24             KERNEL32.DLL
_LoadLibraryA@4                     KERNEL32.DLL
_GetProcAddress@8                   KERNEL32.DLL
_WriteFile@20                       KERNEL32.DLL
_SetUnhandledExceptionFilter@4      KERNEL32.DLL
_UnhandledExceptionFilter@4         KERNEL32.DLL
_VirtualQuery@12                    KERNEL32.DLL
_MessageBoxA@16                     USER32.DLL
_GetFullPathNameA@16                KERNEL32.DLL
_GetFileType@4                      KERNEL32.DLL
_GetFileInformationByHandle@8       KERNEL32.DLL
_GetFileTime@16                     KERNEL32.DLL
_GetFileSize@8                      KERNEL32.DLL
_CreateFileA@28                     KERNEL32.DLL
_GetLastError@0                     KERNEL32.DLL
_GetDriveTypeA@4                    KERNEL32.DLL
_FindFirstFileA@8                   KERNEL32.DLL
_FindClose@4                        KERNEL32.DLL
_SetConsoleCtrlHandler@8            KERNEL32.DLL
_TlsGetValue@4                      KERNEL32.DLL
_TlsSetValue@8                      KERNEL32.DLL
_SetFilePointer@16                  KERNEL32.DLL
_GetFileAttributesA@4               KERNEL32.DLL
_GetCurrentDirectoryA@8             KERNEL32.DLL
_FileTimeToLocalFileTime@8          KERNEL32.DLL
_FileTimeToDosDateTime@12           KERNEL32.DLL
_DosDateTimeToFileTime@12           KERNEL32.DLL
_LocalFileTimeToFileTime@8          KERNEL32.DLL
_FindNextFileA@8                    KERNEL32.DLL
_FormatMessageA@28                  KERNEL32.DLL
_DeleteFileA@4                      KERNEL32.DLL
_SetEndOfFile@4                     KERNEL32.DLL
_ReadFile@20                        KERNEL32.DLL
_CharUpperA@4                       USER32.DLL
_VirtualAlloc@16                    KERNEL32.DLL
_InitializeCriticalSection@4        KERNEL32.DLL
_DeleteCriticalSection@4            KERNEL32.DLL
_LeaveCriticalSection@4             KERNEL32.DLL
_EnterCriticalSection@4             KERNEL32.DLL
_SetLastError@4                     KERNEL32.DLL
_TlsAlloc@0                         KERNEL32.DLL
_TlsFree@4                          KERNEL32.DLL
_VirtualFree@12                     KERNEL32.DLL
_CreateThread@24                    KERNEL32.DLL
_ResumeThread@4                     KERNEL32.DLL
_ExitThread@4                       KERNEL32.DLL
_SetEnvironmentVariableA@8          KERNEL32.DLL
_GetTimeZoneInformation@4           KERNEL32.DLL
_GetACP@0                           KERNEL32.DLL
_GetOEMCP@0                         KERNEL32.DLL
_GetCPInfo@8                        KERNEL32.DLL
_SetEnvironmentVariableW@8          KERNEL32.DLL
_FlushFileBuffers@4                 KERNEL32.DLL
_WideCharToMultiByte@32             KERNEL32.DLL


                        +--------------------+
                        |   Libraries Used   |
                        +--------------------+

C:\WATCOM/lib386/nt\kernel32.lib
C:\WATCOM/lib386/nt\user32.lib
C:\WATCOM/lib386/nt\flib7.lib
C:\WATCOM/lib386\math387r.lib
C:\WATCOM/lib386/nt\clib3r.lib
C:\WATCOM/lib386/nt\emu387.lib


                        +-----------------------+
                        |   Linker Statistics   |
                        +-----------------------+

Stack size:  00010000 (65536.)
Memory size:  00026b54 (158548.)
Entry point address: 00401a0a
Link time: 00:00.34
