Open Watcom Linker Version 1.9
Portions Copyright (c) 1985-2002 Sybase, Inc. All Rights Reserved.
Created on:       17/04/12 22:30:04
Executable Image: 2.exe
creating a Windows NT character-mode executable


                        +------------+
                        |   Groups   |
                        +------------+

Group                           Address              Size
=====                           =======              ====

.idata                          00416000             00000786
DGROUP                          00417000             00013110



                        +--------------+
                        |   Segments   |
                        +--------------+

Segment                Class          Group          Address         Size
=======                =====          =====          =======         ====

BEGTEXT                CODE           AUTO           00401000        00000007
_TEXT                  CODE           AUTO           00401010        000144a0
CODE32                 CODE           AUTO           004154b0        00000575
TRANSFER CODE          CODE           AUTO           00415a28        0000019e
.idata                 .idata         .idata         00416000        00000786
_NULL                  BEGDATA        DGROUP         00417000        00000004
_AFTERNULL             BEGDATA        DGROUP         00417004        00000000
CONST                  DATA           DGROUP         00417010        00000184
_DATA                  DATA           DGROUP         004171a0        000010a0
CONST2                 DATA           DGROUP         00418240        00000000
XIB                    DATA           DGROUP         00418240        00000000
XI                     DATA           DGROUP         00418240        0000004e
XIE                    DATA           DGROUP         0041828e        00000000
YIB                    DATA           DGROUP         0041828e        00000000
YI                     DATA           DGROUP         0041828e        00000030
YIE                    DATA           DGROUP         004182be        00000000
DATA32                 DATA           DGROUP         004182c0        00000178
TIB                    DATA           DGROUP         00418438        00000000
TI                     DATA           DGROUP         00418438        00000000
TIE                    DATA           DGROUP         00418438        00000000
DATA                   DATA           DGROUP         00418438        00000000
CONST32                CONST          DGROUP         00419000        00000000
_BSS                   BSS            DGROUP         00419000        000010f0
GDATA@0                BSS            DGROUP         0041a0f0        00000016
BSS32                  BSS            DGROUP         0041a108        00000000
STACK                  STACK          DGROUP         0041a110        00010000


                        +----------------+
                        |   Memory Map   |
                        +----------------+

* = unreferenced symbol
+ = symbol only referenced locally

Address        Symbol
=======        ======

Module: 2.obj(C:\Users\USER\Desktop\NM\2\2.for)
00401010       FMAIN
00401599+      SEC
004016cc+      ANEXTVALUE
0040178f+      ISEQUIVALENT
Module: C:\WATCOM/lib386/nt\flib7.lib(setunit.c)
00401830       RT@SetUnit
Module: C:\WATCOM/lib386/nt\flib7.lib(setfile.c)
00401870       RT@SetFile
Module: C:\WATCOM/lib386/nt\flib7.lib(exopen.c)
00401fc0       RT@IOOpen
004171f0+      _AccModTab
00417200+      _FormTab
0041720c+      _OpStatTab
00417220+      _BlnkTab
0041722c+      _RecFmTab
0041723c+      _CCtrlTab
00417248+      _ActionTab
00417258+      _ShareTab
Module: C:\WATCOM/lib386/nt\flib7.lib(coread)
00401fd6       RT@IORead
00401fe5*      RT@InpLOG1
00401ff4*      RT@InpLOG4
00402003*      RT@InpINT1
00402012*      RT@InpINT2
00402021*      RT@InpINT4
00402030       RT@InpREAL
0040203f*      RT@InpDBLE
0040204e*      RT@InpXTND
0040205d*      RT@InpCPLX
0040206c*      RT@InpDBCX
0040207b*      RT@InpXTCX
0040208a*      RT@InpCHAR
0040208f*      RT@InpSTR
00402094*      RT@InpArr
00402099*      RT@InpChArr
Module: C:\WATCOM/lib386/nt\flib7.lib(cortns)
00417270*      _FRT_SaveESP
004020a9*      SwitchToGen
004020c7       SwitchToRT
004020e5       RdWrCommon
00402189       IOType_
004021a7       IOChar
004021c2       IOStr
004021d7       IOArr
004021f2       IOChArr
00402214       RT@EndIO
Module: C:\WATCOM/lib386\math387r.lib(log87)
00402274*      log_
0040228c*      log2_
00402280*      log10_
00402220*      IF@LOG
00402220*      IF@DLOG
00402260*      IF@LOG2
00402260*      IF@DLOG2
0040226a       IF@LOG10
0040226a*      IF@DLOG10
Module: C:\WATCOM/lib386/nt\flib7.lib(ifaint.c)
004022a0       IF@AINT
004022f0*      IF@XAINT
Module: C:\WATCOM/lib386\math387r.lib(pow87)
0040244d*      pow_
004022f4       IF@DPOW
004022f4       IF@POW
Module: C:\WATCOM/lib386\math387r.lib(fchop87)
00402460       __CHP
Module: C:\WATCOM/lib386/nt\flib7.lib(cowrite)
00402477       RT@IOWrite
00402486*      RT@OutLOG1
00402498*      RT@OutLOG4
004024a6*      RT@OutINT1
004024b8*      RT@OutINT2
004024c8       RT@OutINT4
004024d7       RT@OutREAL
004024e7*      RT@OutDBLE
004024f7*      RT@OutXTND
00402507*      RT@OutCPLX
0040251d*      RT@OutDBCX
00402533*      RT@OutXTCX
00402549       RT@OutCHAR
0040254e*      RT@OutSTR
00402553*      RT@PrtArr
00402558*      RT@PrtChArr
Module: C:\WATCOM/lib386/nt\flib7.lib(setfmt.c)
00402560       RT@SetFmt
Module: C:\WATCOM/lib386\math387r.lib(fmod87)
0040259b*      fmod_
00402580*      IF@DFMOD
00402580       IF@FMOD
Module: C:\WATCOM/lib386\math387r.lib(trig87)
004025f9*      sin_
004025ed*      cos_
0040261a*      tan_
004025ac       IF@COS
004025ac*      IF@DCOS
004025b6*      IF@SIN
004025b6*      IF@DSIN
00402605*      IF@TAN
00402605*      IF@DTAN
Module: C:\WATCOM/lib386/nt\flib7.lib(setintl.c)
00402630       RT@SetIntl
Module: C:\WATCOM/lib386/nt\flib7.lib(lexcmp.c)
00402670+      LexStrCmp_
004026d0       RT@LexCmp
Module: C:\WATCOM/lib386/nt\clib3r.lib(cstrtwnt)
004026e4       _cstart_
004026e4*      mainCRTStartup
Module: C:\WATCOM/lib386/nt\clib3r.lib(_8087)
0041729c       __8087
0041729d       __real87
Module: C:\WATCOM/lib386/nt\emu387.lib(386)
00402740       __init_387_emulator
00402741*      __fini_387_emulator
Module: C:\WATCOM/lib386/nt\flib7.lib(initeng.c)
00419000       __init_english
Module: C:\WATCOM/lib386/nt\flib7.lib(initerr.c)
00419004       __init_error
Module: C:\WATCOM/lib386/nt\flib7.lib(setiocb.c)
00402750       RT@SetIOCB
Module: C:\WATCOM/lib386/nt\flib7.lib(rdata.c)
00419010       _IORslt
00419020       _FmtBuff
00419024*      _Fmt_revert
00419028*      _Fmt_start
0041902c*      _Fmt_paren_level
00419030*      _Fmt_charptr
00419034*      _FmtEmStruct
00419038       _IOTypeRtn
0041903c*      _Fmt_end
00419040*      _Fmt_rep_spec
00419044       _FmtRoutine
00419048       _IOCB
0041904c       _Files
00419050*      _Fmt_delimited
Module: C:\WATCOM/lib386/nt\flib7.lib(rtutls.c)
00402800       FindFtnFile_
004028f0       RChkAlloc_
00402920       F_Connect_
004029a0       ConnectFile_
004029b0       GetFileInfo_
00402aa0       DiscoFile_
00402b10*      ChkFileName_
00402b40+      ChkLogFile_
00402b80       ChkIOOperation_
00402bc0       GetIOErr_
00402bd0       ChkIOErr_
00402bf0       ChkUnitId_
00402c30*      ChkConnected_
00402c50       SetEOF_
00402c80       ClearEOF_
00402cc0       SysEOF_
00402cf0       IsFixed_
00402d00       IsCarriage_
00402d10*      ChkRecordStructure_
00402d40*      ChkSequential_
00402d60*      ChkExist_
00402d90       StrItem_
Module: C:\WATCOM/lib386/nt\flib7.lib(exutil.c)
00402e10       FindKWord_
00402ea0*      ClrBuff_
004172a0       _SpecId
Module: C:\WATCOM/lib386/nt\flib7.lib(ioerr.c)
00402ef0       IOErr_
Module: C:\WATCOM/lib386/nt\flib7.lib(rtsysutl.c)
00402f80       GetSysIOInfo_
00402fa0       GetSysFileInfo_
00402fd0       IsDevice_
004031a0       OpenAction_
004031e0*      DfltRecType_
00403200+      _FileAttrs_
004032c0       CloseFile_
00403330       Scrtched_
00403350*      CloseDeleteFile_
004033a0       Errf_
004033c0       FPutBuff_
00403430       FGetBuff_
00403480       SeekFile_
004034a0       NoEOF_
004034b0       SysClearEOF_
004034c0       SameFile_
004034d0*      Rewindf_
004034f0       SysCreateFile_
00403530       CheckLogicalRecord_
00403550       SkipLogicalRecord_
00403570*      BackSpacef_
004035a0*      EndFilef_
004035e0       GetIOErrMsg_
00403620       ReportNExist_
00403640       ReportEOF_
00403650*      WaitForEnter_
Module: C:\WATCOM/lib386/nt\flib7.lib(runmain.c)
00403660*      __InitUnit6CC_
00403670       __DevicesCC_
00403680*      __InitAllowCommaSeparator_
00403690       __AllowCommaSep_
004036a0+      _InitIO_
00403710+      CloseAllFiles_
00403750*      _FiniEx_
00403750       RunExit_
00403790       RunEntry_
Module: C:\WATCOM/lib386/nt\flib7.lib(rdwr.c)
004037c0       DoOpen_
004037f0+      _AllocBuffer_
00403830       IOPrologue_
00403a70       UpdateRecNum_
Module: C:\WATCOM/lib386/nt\flib7.lib(iomain.c)
00403ab0       __ReleaseIOSys_
00403ad0       IOMain_
Module: C:\WATCOM/lib386/nt\flib7.lib(exread.c)
00403d00       DoRead_
Module: C:\WATCOM/lib386/nt\clib3r.lib(crwdata)
00417310       __osmajor
00417311       __osminor
00417312       __osbuild
00417314       __osver
00417318       __winmajor
0041731c       __winminor
00417320       __winver
004172dc       __LpDllName
004172e0       __LpwCmdLine
004172e4       __LpwPgmName
004172e8       __LpwDllName
004172d4       __LpCmdLine
004172d8       __LpPgmName
004172cc*      __dynend
004172d0       __curbrk
004172ec*      __STACKLOW
004172f0       __STACKTOP
004172f4       __ASTACKSIZ
004172f8       __ASTACKPTR
004172fc*      __cbyte
00417300*      __cbyte2
00417304*      __child
0041730a       __Envptr
0041730e*      __Envseg
00417308       __no87
00417324       ___FPE_handler
Module: C:\WATCOM/lib386/nt\flib7.lib(thrdutil.c)
00403d90*      __InitMultiThreadIO_
0041732c       ___SwitchStkLow
Module: C:\WATCOM/lib386\math387r.lib(log87e.c)
00403d9b       __log87_err_
Module: C:\WATCOM/lib386\math387r.lib(floor.c)
00403dd0       floor_
Module: C:\WATCOM/lib386/nt\clib3r.lib(chipvar)
00417330       ___chipbug
00417330       __chipbug
Module: C:\WATCOM/lib386\math387r.lib(pow87e.c)
00403e0c       __pow87_err_
Module: C:\WATCOM/lib386\math387r.lib(exp87)
00403efb*      exp_
00403e94*      __@DEXP1
00403e9c*      IF@EXP
00403e9c*      IF@DEXP
00403e9e       __@DEXP
Module: C:\WATCOM/lib386/nt\clib3r.lib(chipd32.asm)
0040401f       __fdiv_fpr
004044e1*      __fdiv_chk
004044f4*      __fdiv_m32
00404541*      __fdiv_m64
0040458e*      __fdiv_m32r
004045db*      __fdiv_m64r
Module: C:\WATCOM/lib386/nt\flib7.lib(exwrite.c)
004046a0       DoWrite_
Module: C:\WATCOM/lib386/nt\flib7.lib(rfmtexec.c)
00405000       R_FExec_
Module: C:\WATCOM/lib386/nt\clib3r.lib(chipr32.asm)
004156b7       __fprem_chk
00415970*      __fprem1_chk
Module: C:\WATCOM/lib386/nt\clib3r.lib(chipt32.asm)
0040502c       __fptan_chk
Module: C:\WATCOM/lib386/nt\clib3r.lib(main2wnt.c)
004050e0       __NTMain
Module: C:\WATCOM/lib386/nt\clib3r.lib(segdefns)
00401003       ___begtext
00417000*      __nullarea
00418240       __Start_XI
0041828e       __End_XI
0041828e       __Start_YI
004182be       __End_YI
Module: C:\WATCOM/lib386/nt\clib3r.lib(chk8087.c)
00405160*      _fpreset_
004051a0       __chk8087_
004051b0*      __init_8087_
Module: C:\WATCOM/lib386/nt\flib7.lib(english.c)
00405200       __UseEnglishCharSet_
Module: C:\WATCOM/lib386/nt\flib7.lib(errincl.c)
00405310       __InitError_
00417344+      _PGroupTable
00417348+      _PErrWord
Module: C:\WATCOM/lib386/nt\flib7.lib(rtinit.c)
0041734c       ___FAppType
00417350       __ExceptionInit
00417354       __ExceptionFini
00405340*      __InitFThreadData_
00405380+      RTSysFini_
00405390       RTSysInit_
0041735c       __AccessFIO
00417360       __ReleaseFIO
00417364       __PartialReleaseFIO
00419058       ___FThreadDataOffset
0041825e*      ___fthread_data_size
Module: C:\WATCOM/lib386/nt\clib3r.lib(mainwnt.c)
00417368       ___TlsIndex
0041736c       ___FirstThreadData
00417370       ___GetThreadPtr
00417374       __AccessFileH
00417378       __ReleaseFileH
0041737c       __AccessIOB
00417380       __ReleaseIOB
00417384       __AccessNHeap
00417388       __AccessFHeap
0041738c       __ReleaseNHeap
00405400*      __threadid_
00405420+      __sig_null_rtn_
00405430+      __NTInit_
00405610+      __NTFini_
00405670       __NTMainInit_
004056d0       __exit_
00417390       __ReleaseFHeap
00417394       __AccessTDList
00417398       __ReleaseTDList
0041739c       __AccessFList
004173a0       __ReleaseFList
004173a4       __ThreadExitRtn
004173a8       ___sig_init_rtn
004173ac       ___sig_fini_rtn
004173b0       ___process_fini
00419064       ___Is_DLL
Module: C:\WATCOM/lib386/nt\flib7.lib(ioinit.c)
00405730       IOSysInit_
Module: C:\WATCOM/lib386/nt\flib7.lib(rterr.c)
004173b8+      _TraceRoutine
00405780+      FlushStdUnit_
004057d0+      WriteErr_
004058a0       ErrHandler_
004058e0       RTErr_
004173c4+      LG@ERR_HOOK
Module: C:\WATCOM/lib386/nt\flib7.lib(fdutil.c)
00405910       LocFile_
00405920       LocUnit_
00405950       ExtractInfo_
Module: C:\WATCOM/lib386/nt\flib7.lib(rstdio.c)
00405a80       _InitStandardInput_
00405ab0       _InitStandardOutput_
Module: C:\WATCOM/lib386/nt\flib7.lib(rmemmgr.c)
00405ae0       RMemAlloc_
00405af0       RMemFree_
Module: C:\WATCOM/lib386/nt\clib3r.lib(memset.c)
00405b00       memset_
Module: C:\WATCOM/lib386/nt\flib7.lib(deffname.c)
004173c8       _DefFName
Module: C:\WATCOM/lib386/nt\flib7.lib(stracc.c)
00405b20       TrimStr_
00405b60       GetStr_
Module: C:\WATCOM/lib386/nt\flib7.lib(spawn.c)
00405b90       Spawn_
00405bf0       Suicide_
Module: C:\WATCOM/lib386/nt\clib3r.lib(memicmp.c)
00405c30       memicmp_
Module: C:\WATCOM/lib386/nt\flib7.lib(blderr.c)
00405cf0       Substitute_
00405eb0       ErrCodOrg_
Module: C:\WATCOM/lib386/nt\clib3r.lib(accsswnt.c)
00405ec0       access_
Module: C:\WATCOM/lib386/nt\clib3r.lib(fullpath.c)
00405f00+      _sys_fullpath_
00405f80       _fullpath_
Module: C:\WATCOM/lib386/nt\clib3r.lib(fstatwnt.c)
00405ff0       fstat_
Module: C:\WATCOM/lib386/nt\flib7.lib(poserr.c)
00406350       Errorf_
00406370*      EOFile_
00406390       ErrorMsg_
004063d0       FSetTrunc_
004063e0       FSetSysErr_
00406400       FSetErr_
00406420       FSetEof_
00406440       IOOk_
Module: C:\WATCOM/lib386/nt\clib3r.lib(statwnt.c)
00406565       stat_
Module: C:\WATCOM/lib386/nt\flib7.lib(posopen.c)
004067a0       InitStd_
00406860       SetIOBufferSize_
00406880+      _AllocFile_
00406970       Openf_
00406a60       Closef_
Module: C:\WATCOM/lib386/nt\flib7.lib(posdat.c)
004175b8       _FStdIn
004175bc       _FStdOut
004175c0       _FStdErr
Module: C:\WATCOM/lib386/nt\flib7.lib(posflush.c)
00406ae0       FlushBuffer_
Module: C:\WATCOM/lib386/nt\flib7.lib(posdel.c)
00406b90       Scratchf_
Module: C:\WATCOM/lib386/nt\clib3r.lib(nodefwin.c)
004175c4*      __WindowsIsWindowedHandle
004175c8*      __WindowsRemoveWindowedHandle
004175cc*      __WindowsNewWindow
004175d0*      __WindowsCloseWindow
004175d4*      __WindowsSetAbout
004175d8*      __WindowsSetAppTitle
004175dc*      __WindowsSetConTitle
004175e0*      __WindowsDestroyOnClose
004175e4*      __WindowsYieldControl
004175e8*      __WindowsShutDown
004175ec*      __WindowsStdin
004175f0       __WindowsStdout
004175f4*      __WindowsKbhit
004175f8*      __WindowsGetch
004175fc*      __WindowsGetche
00417600*      __WindowsPutch
00406bb0*      _dwShutDown_
00406bb0*      _dwYield_
00406bb0*      _dwSetConTitle_
00406bb0*      _dwSetAppTitle_
00406bb0*      _dwSetAboutDlg_
00406bb0       _dwDeleteOnClose_
00417604*      __WindowsExitRtn
00419680*      __init_default_win
Module: C:\WATCOM/lib386/nt\flib7.lib(posput.c)
00406bc0       FPutRec_
00406c00       ChopFile_
00406c50*      PutRec_
00406d70       writebytes_
00406df0       SysWrite_
Module: C:\WATCOM/lib386/nt\flib7.lib(posget.c)
00406f30       readbytes_
00407000       SysRead_
00407470       FGetRec_
004074a0*      GetRec_
004074c0       GetStdChar_
00407510       FCheckLogical_
00407590       FSkipLogical_
00407660*      FGetVarRecLen_
Module: C:\WATCOM/lib386/nt\flib7.lib(posseek.c)
00407750       FSeekRec_
00407790       CurrFileOffset_
00407790       FGetFilePos_
004077b0       SysSeek_
004079a0*      FSeekAbs_
Module: C:\WATCOM/lib386/nt\clib3r.lib(stricmp.c)
004079b0       stricmp_
Module: C:\WATCOM/lib386/nt\flib7.lib(posrew.c)
004079f0       FRewind_
Module: C:\WATCOM/lib386/nt\flib7.lib(posback.c)
00407a60       FBackspace_
Module: C:\WATCOM/lib386/nt\flib7.lib(postrunc.c)
00407b40       FTruncate_
Module: C:\WATCOM/lib386/nt\clib3r.lib(errno.c)
00407b60       __get_errno_ptr_
00407b70*      __get_doserrno_ptr_
Module: C:\WATCOM/lib386/nt\flib7.lib(sdfile.c)
00417608*      _FFCtrlSeq
0041760a*      _SkipCtrlSeq
0041760c       _NormalCtrlSeq
0041760e       _SDTermIn
00417612       _SDTermOut
00417616*      _SDPrtName
Module: C:\WATCOM/lib386/nt\flib7.lib(unfmtin.c)
00407b80       UnFmtIn_
00407c20+      NextUnFmtRec_
Module: C:\WATCOM/lib386/nt\flib7.lib(freein.c)
00408000+      GetNum_
00408200       FreeIn_
00408210*      DoFreeIn_
00408240+      BumpComma_
00408270+      Blanks_
00408290+      CheckEor_
Module: C:\WATCOM/lib386/nt\flib7.lib(_matherr.c)
004088a0*      __imath2err_
004088e0*      __amath1err_
00408910*      __amath2err_
00408940       __math2err_
00408a50       __math1err_
00408a60*      __zmath2err_
00408ac0*      __qmath2err_
Module: C:\WATCOM/lib386\math387r.lib(modf87)
00408b28       modf_
Module: C:\WATCOM/lib386/nt\clib3r.lib(chipbug.c)
00408b50       __verify_pentium_fdiv_bug_
Module: C:\WATCOM/lib386\math387r.lib(math87e.c)
00408ba6       __math87_err_
Module: C:\WATCOM/lib386/nt\flib7.lib(unfmtout.c)
00408d00       UnFmtOut_
Module: C:\WATCOM/lib386/nt\flib7.lib(freeout.c)
00409150       FreeOut_
0041761c+      _OutRtn
Module: C:\WATCOM/lib386/nt\flib7.lib(wrutils.c)
00409230       F_SendData_
00409290*      SendLine_
004092a0       SendEOR_
00409330*      SendInt_
00409360       SendStr_
00409380+      SendWSLStr_
004093a0       SendChar_
004093c0       Drop_
00409580       IOItemResult_
Module: C:\WATCOM/lib386/nt\flib7.lib(rfmtutil.c)
00409630       R_ChkType_
00409660       R_NewRec_
004096a0       R_ChkIType_
004096d0       R_ChkFType_
00409700       R_ChkRecLen_
00409720+      GetLen_
00409760       R_FOStr_
00409770*      FOString_
004097e0       R_FIStr_
004098a0       R_FOLog_
004098f0       R_FILog_
004099d0       R_FIFloat_
00409bc0       GetReal_
00409cd0       R_FOF_
00409d50       R_FOE_
00409e90+      FmtH2B_
00409f80       R_FIHex_
0040a100       R_FOHex_
0040a110*      FOHex_
0040a210       R_FIInt_
0040a320       R_FOInt_
0040a580       R_FOG_
0040a800+      ChkBuffLen_
Module: C:\WATCOM/lib386/nt\flib7.lib(arrayio.c)
0040a8c0       ArrayIOType_
Module: C:\WATCOM/lib386/nt\clib3r.lib(initrtns.c)
0040a950       __InitRtns
0040a9a0       __FiniRtns
Module: C:\WATCOM/lib386/nt\clib3r.lib(mthrdini.c)
0040aa00       __InitThreadData_
00417650       ___ThreadDataSize
Module: C:\WATCOM/lib386/nt\clib3r.lib(cmain386.c)
0040aa30       __CMain
Module: C:\WATCOM/lib386/nt\clib3r.lib(dosseg)
00001234       __DOSseg__
Module: C:\WATCOM/lib386/nt\clib3r.lib(8087cw.c)
00417654       __8087cw
Module: C:\WATCOM/lib386/nt\clib3r.lib(save8087.c)
00417658       ___Save8087
0041765c       ___Rest8087
Module: C:\WATCOM/lib386/nt\clib3r.lib(init8087)
0040aa74       __x87id
Module: C:\WATCOM/lib386/nt\flib7.lib(csetinfo.c)
00419684       _CharSetInfo
Module: C:\WATCOM/lib386/nt\flib7.lib(errmsg.c)
0040ade0       _GroupTable
0040ae90       _ErrWord
Module: C:\WATCOM/lib386/nt\flib7.lib(errrtns.c)
00419698       ___ErrorFini
0041969c       ___ErrorInit
004196a0       ___BldErrMsg
Module: C:\WATCOM/lib386/nt\flib7.lib(rttraps.c)
0040b5b0       __EnableF77RTExceptionHandling_
0040b5c0       R_TrapInit_
0040b650       R_TrapFini_
0040b660*      __InitExceptionVectors_
Module: C:\WATCOM/lib386/nt\clib3r.lib(atexit.c)
0040b675       atexit_
Module: C:\WATCOM/lib386/nt\clib3r.lib(regdata.c)
0040b6d0       __RegisterThreadDataSize_
Module: C:\WATCOM/lib386/nt\clib3r.lib(hdlman.c)
00417660+      ___NHandles
00417664+      ___OSHandles
00417668+      ___FakeHandles
0040b700+      __growPOSIXHandles_
0040b7a0       __allocPOSIXHandle_
0040b860       __freePOSIXHandle_
0040b880       __getOSHandle_
0040b890       __setOSHandle_
0040b8e0+      __NTGetFakeHandle_
0040b950       __initPOSIXHandles_
0040ba30*      __set_handles_
0040ba40*      _grow_handles_
Module: C:\WATCOM/lib386/nt\clib3r.lib(environ.c)
00419728       ___env_mask
0041972c       _environ
00419730       __wenviron
Module: C:\WATCOM/lib386/nt\clib3r.lib(getmodfn.c)
0040ba80       __lib_GetModuleFileNameW_
Module: C:\WATCOM/lib386/nt\clib3r.lib(strdup.c)
0040bb20       __clib_strdup_
Module: C:\WATCOM/lib386/nt\clib3r.lib(istable.c)
0040bb60       __IsTable
Module: C:\WATCOM/lib386/nt\clib3r.lib(ustrdup.c)
0040bc61       __clib_wcsdup_
Module: C:\WATCOM/lib386/nt\clib3r.lib(nfree.c)
0040bc90       _nfree_
0040bc90       free_
00419734       ___MiniHeapFreeRover
Module: C:\WATCOM/lib386/nt\clib3r.lib(excptwnt.c)
0040c400+      ___ReportException@4
0040c850       __DefaultExceptionHandler_
0040c890+      ___ExceptionFilter
0040caa0       __NewExceptionFilter_
0040cad0       __DoneExceptionFilter_
00417674       ___oscode_check_func
00417678       ___raise_func
00419738*      _sw
0041973c       ___ExceptionHandled
0041973d+      ___ReportInvoked
Module: C:\WATCOM/lib386/nt\clib3r.lib(stklmwnt.c)
0040cb10       __init_stack_limits_
Module: C:\WATCOM/lib386/nt\flib7.lib(errutil.c)
0040cb80       BldErrCode_
0040cbe0*      MsgFormat_
0040cc10*      MsgBuffer_
00417690+      _PGrpCodes
Module: C:\WATCOM/lib386/nt\clib3r.lib(enterdb.c)
0040cc40       __EnterWVIDEO_
00417694       ___WD_Present
Module: C:\WATCOM/lib386/nt\flib7.lib(stdio.c)
0040cc80       StdBuffer_
0040cca0+      StdWrite_
0040cd80       StdFlush_
0040cdb0       StdWriteNL_
Module: C:\WATCOM/lib386/nt\clib3r.lib(getenv.c)
0040cde0       getenv_
Module: C:\WATCOM/lib386/nt\clib3r.lib(ltoa.c)
0040ce70       ultoa_
0040cec0       ltoa_
Module: C:\WATCOM/lib386/nt\clib3r.lib(nmalloc.c)
0040cef0       _nmalloc_
0040cef0       malloc_
00417aa0       ___nheapbeg
00417aa4       ___MiniHeapRover
00417aa8       ___LargestSizeB4MiniHeapRover
Module: C:\WATCOM/lib386/nt\clib3r.lib(__stos)
0040cff0       __STOSB
0040d027*      __STOSD
Module: C:\WATCOM/lib386/nt\clib3r.lib(setjmp)
0040d094       _setjmp_
0040d0cd       longjmp_
Module: C:\WATCOM/lib386/nt\clib3r.lib(exit.c)
0040d155+      __null_int23_exit_
0040d156       exit_
0040d1a6*      _exit_
00417aac+      ___int23_exit
00417ab0+      ___FPE_handler_exit
Module: C:\WATCOM/lib386/nt\clib3r.lib(memmove.c)
0040d1c0       memmove_
Module: C:\WATCOM/lib386/nt\clib3r.lib(itoa.c)
0040d220       utoa_
0040d270       itoa_
Module: C:\WATCOM/lib386/nt\clib3r.lib(fgtattr.c)
0040d2a0       __fixed_GetFileAttributesA_
Module: C:\WATCOM/lib386/nt\clib3r.lib(dosret.c)
0040d340*      _dosretax_
0040d350*      _dosret0_
0040d360       __set_errno_dos_
0040d390*      __set_errno_dos_reterr_
0040d3a0       __set_errno_nt_
0040d3b0*      __set_errno_nt_reterr_
Module: C:\WATCOM/lib386/nt\clib3r.lib(seterrno.c)
0040d3c4       __set_errno_
0040d3d2*      __set_EDOM_
0040d3e0       __set_ERANGE_
0040d3ee*      __set_EINVAL_
0040d401       __set_doserrno_
Module: C:\WATCOM/lib386/nt\clib3r.lib(gtcwdwnt.c)
0040d410       getcwd_
Module: C:\WATCOM/lib386/nt\clib3r.lib(iomode.c)
0040d4a0       __GetIOMode_
0040d4c0       __SetIOMode_nogrow_
00417bb8       ___NFiles
00417bbc       ___init_mode
00417c0c       ___io_mode
Module: C:\WATCOM/lib386/nt\clib3r.lib(iomodtty.c)
0040d4e0       __ChkTTYIOMode_
0040d520       __IOMode_
Module: C:\WATCOM/lib386/nt\clib3r.lib(ntdirinf.c)
0040d540       __MakeDOSDT_
0040d570*      __FromDOSDT_
0040d5a0*      __GetNTDirInfo_
0040d5e0*      __NTFindNextFileWithAttr_
Module: C:\WATCOM/lib386/nt\clib3r.lib(d2ttime.c)
0040d640       _d2ttime_
Module: C:\WATCOM/lib386/nt\clib3r.lib(strerror.c)
0040d9e0       strerror_
0040da00*      _strerror_
0040dad0*      _doserror_
00417c10+      __sys_errlist
00417cb4+      __sys_nerr
Module: C:\WATCOM/lib386/nt\clib3r.lib(_strcmp)
0040db00       strcmp_
Module: C:\WATCOM/lib386/nt\clib3r.lib(mbspbrk.c)
0040dc40       _mbspbrk_
Module: C:\WATCOM/lib386/nt\clib3r.lib(mbsinc.c)
0040dc90       _mbsinc_
Module: C:\WATCOM/lib386/nt\clib3r.lib(tolower.c)
0040dcc0       tolower_
Module: C:\WATCOM/lib386/nt\clib3r.lib(stiomode.c)
0040dcd0       __grow_iomode_
0040dda0+      __shrink_iomode_
0040dde0       __SetIOMode_
Module: C:\WATCOM/lib386/nt\clib3r.lib(close.c)
0040de50       close_
Module: C:\WATCOM/lib386/nt\clib3r.lib(openwnt.c)
0040e070*      open_
0040e090       sopen_
Module: C:\WATCOM/lib386/nt\clib3r.lib(lseek.c)
0040e0c0       lseek_
Module: C:\WATCOM/lib386/nt\flib7.lib(poscc.c)
0040e110*      __LineFeedWithFormFeed_
0040e120       FSetCC_
Module: C:\WATCOM/lib386/nt\clib3r.lib(write.c)
0040e3d0       write_
Module: C:\WATCOM/lib386/nt\clib3r.lib(unlnkwnt.c)
0040e630       unlink_
Module: C:\WATCOM/lib386/nt\clib3r.lib(chsizwnt.c)
0040e6b0       chsize_
Module: C:\WATCOM/lib386/nt\clib3r.lib(read.c)
0040e7a0       read_
Module: C:\WATCOM/lib386/nt\flib7.lib(rdutils.c)
0040e930       NextRec_
Module: C:\WATCOM/lib386/nt\flib7.lib(unfmtutl.c)
0040ea40       _SizeVars
Module: C:\WATCOM/lib386/nt\clib3r.lib(toupper.c)
0040ea50       toupper_
Module: C:\WATCOM/lib386/nt\flib7.lib(chrutils.c)
0040ea60       JmpBlanks_
Module: C:\WATCOM/lib386/nt\flib7.lib(fmtcnvt.c)
0040ea80       FmtS2I_
0040ebb0       FmtS2F_
Module: C:\WATCOM/lib386/nt\flib7.lib(undefcg.c)
0040f010       OutLogCG_
0040f020       OutIntCG_
0040f060+      FmtRealCG_
0040f090+      FmtDoubleCG_
0040f0c0+      FmtExtendedCG_
0040f0f0+      UndefIntCG_
0040f0f0+      UndefLogCG_
0040f0f0+      UndefExtendedCG_
0040f0f0+      UndefDoubleCG_
0040f0f0+      UndefRealCG_
0040f100+      GetRealCG_
00417cc0       _FmtRealRtn
00417cc4       _FmtDoubleRtn
00417cc8       _FmtExtendedRtn
00417ccc       _SendStrRtn
00417cd0       _UndefRealRtn
00417cd4       _UndefDoubleRtn
00417cd8       _UndefExtendedRtn
00417cdc       _UndefLogRtn
00417ce0       _UndefIntRtn
00417ce4       _GetRealRtn
Module: C:\WATCOM/lib386/nt\flib7.lib(cctrl.c)
0040f110       CheckCCtrl_
Module: C:\WATCOM/lib386/nt\flib7.lib(ifile.c)
0040f180       SendIFBuff_
0040f1b0       NextIFBuff_
Module: C:\WATCOM/lib386/nt\flib7.lib(rfmtlog.c)
0040f1f0       R_FmtLog_
Module: C:\WATCOM/lib386/nt\flib7.lib(fmtrtns.c)
0040f220       R_F2E_
0040f390       R_F2F_
0040f520       SetMaxPrec_
Module: C:\WATCOM/lib386/nt\flib7.lib(flt86.c)
0040f530       _P1d100
0040f538       _P1d_99
Module: C:\WATCOM/lib386/nt\flib7.lib(hexcnv.c)
0040f550       Hex_
0040f570*      HSToB_
0040f5e0       BToHS_
Module: C:\WATCOM/lib386/nt\clib3r.lib(strupr.c)
0040f630       strupr_
Module: C:\WATCOM/lib386/nt\clib3r.lib(cinit.c)
0040f650       __CommonInit_
Module: C:\WATCOM/lib386/nt\clib3r.lib(___argc.c)
00419848       ____Argc
0041984c       ____Argv
Module: C:\WATCOM/lib386/nt\flib7.lib(rtmain.c)
0040f660       main_
Module: C:\WATCOM/lib386/nt\clib3r.lib(signlwnt.c)
00417ce8+      __SignalTable
0040f680+      __SetSignalFunc_
0040f6d0+      __GetSignalFunc_
0040f700+      __GetSignalOSCode_
0040f730+      __CheckSignalExCode_
0040f870+      __sigabort_
0040f880       __sigfpe_handler_
0040f8d0       signal_
0040f960+      raise_
0040f9d0+      __SigInit_
0040fa20+      __SigFini_
0040fa60+      __sig_init_
Module: C:\WATCOM/lib386/nt\flib7.lib(fptraps.c)
0040fb40*      __MaskDefaultFPE_
0040fb60       FPTrapInit_
0040fb90       FPTrapFini_
Module: C:\WATCOM/lib386/nt\clib3r.lib(trdlist.c)
0040fc00       __GetThreadData_
0040fc50       __ReallocThreadData_
0040fd40       __AddThreadData_
0040fdc0       __RemoveThreadData_
0040fe20       __ResizeThreadDataList_
0040fe50       __FreeThreadDataList_
0040fe80*      __ActiveThreads_
Module: C:\WATCOM/lib386/nt\clib3r.lib(nrealloc.c)
0040fea0*      _nrealloc_
0040fea0       realloc_
Module: C:\WATCOM/lib386/nt\clib3r.lib(setenvp.c)
0040ff20       __setenvp_
0040ffe0       __freeenvp_
Module: C:\WATCOM/lib386/nt\clib3r.lib(ustrlen.c)
0041002d       wcslen_
Module: C:\WATCOM/lib386/nt\clib3r.lib(memcpy.c)
00410040       memcpy_
Module: C:\WATCOM/lib386/nt\clib3r.lib(mem.c)
00410060       __MemAllocator
00410110       __MemFree
Module: C:\WATCOM/lib386/nt\clib3r.lib(conutwnt.c)
00410260*      __NTRealKey_
00410310*      __NTConsoleInput_
00410320       __NTConsoleOutput_
Module: C:\WATCOM/lib386/nt\clib3r.lib(fclex387.c)
00410330       _ClearFPE_
Module: C:\WATCOM/lib386/nt\flib7.lib(errgrp.c)
00410340       _GrpCodes
Module: C:\WATCOM/lib386/nt\clib3r.lib(iob.c)
00417d5c       ___iob
00417f64       __fmode
00419858       ___OpenStreams
0041985c       ___ClosedStreams
Module: C:\WATCOM/lib386/nt\clib3r.lib(setmd.c)
004103d0       setmode_
Module: C:\WATCOM/lib386/nt\clib3r.lib(mbterm.c)
004104c0       _mbterm_
Module: C:\WATCOM/lib386/nt\clib3r.lib(mbsnextc.c)
00410500       _mbsnextc_
Module: C:\WATCOM/lib386/nt\clib3r.lib(mbcupper.c)
00410540       _mbctoupper_
Module: C:\WATCOM/lib386/nt\clib3r.lib(alphabet.c)
00417138       ___Alphabet
Module: C:\WATCOM/lib386/nt\clib3r.lib(nmemneed.c)
00410570       __nmemneed_
Module: C:\WATCOM/lib386/nt\clib3r.lib(grownear.c)
004106e0       __ExpandDGROUP_
Module: C:\WATCOM/lib386/nt\clib3r.lib(ljmphdl.c)
00417f68       ___longjmp_handler
Module: C:\WATCOM/lib386/nt\clib3r.lib(isattwnt.c)
00410710       isatty_
Module: C:\WATCOM/lib386/nt\clib3r.lib(strncpy.c)
00410730       strncpy_
Module: C:\WATCOM/lib386/nt\clib3r.lib(mktime.c)
00410770       mktime_
Module: C:\WATCOM/lib386/nt\clib3r.lib(mbschr.c)
00410800       _mbschr_
Module: C:\WATCOM/lib386/nt\clib3r.lib(mbisdbcs.c)
00419860       ___IsDBCS
Module: C:\WATCOM/lib386/nt\clib3r.lib(mbislead.c)
00410860*      _ismbblead_
00419864       ___MBCSIsTable
Module: C:\WATCOM/lib386/nt\clib3r.lib(_clsewnt.c)
00410880       __close_
Module: C:\WATCOM/lib386/nt\clib3r.lib(ntfio.c)
004108e0*      __GetNTCreateAttr_
00410920       __GetNTAccessAttr_
00410950       __GetNTShareAttr_
Module: C:\WATCOM/lib386/nt\clib3r.lib(umaskval.c)
00417f6c       ___umaskval
Module: C:\WATCOM/lib386/nt\clib3r.lib(__lseek.c)
004109b0       __lseek_
Module: C:\WATCOM/lib386/nt\clib3r.lib(stackwnt.c)
004109f0       stackavail_
Module: C:\WATCOM/lib386/nt\clib3r.lib(stk)
00410a01*      __CHK
00410a11*      __STK
00410a30       __STKOVERFLOW_
00410a40*      __GRO
00410a60*      __alloca_probe
Module: C:\WATCOM/lib386/nt\flib7.lib(intarith.c)
00410a80       AddIOFlo_
00410a90*      SubIOFlo_
00410aa0       MulIOFlo_
Module: C:\WATCOM/lib386\math387r.lib(strtod.c)
00410fc3+      __Strtold_
0041112a       strtod_
Module: C:\WATCOM/lib386/nt\flib7.lib(expchk.c)
00411270       ToFFormat_
Module: C:\WATCOM/lib386\math387r.lib(ldcvt.c)
00411397       _LDScale10x_
0041193e       __LDcvt_
Module: C:\WATCOM/lib386/nt\clib3r.lib(argcv.c)
00419968       __argc
0041996c       __argv
00419970       ___argv
00419974       ___argc
Module: C:\WATCOM/lib386/nt\clib3r.lib(abort.c)
00411da5*      abort_
00411db7       __terminate_
00418028       ___abort
Module: C:\WATCOM/lib386/nt\clib3r.lib(cntrl87.c)
00411dd0       _control87_
Module: C:\WATCOM/lib386/nt\clib3r.lib(mthread.c)
00411fb0+      __CloseSemaphore_
00411ff0+      __AccessIOB_
00412000+      __ReleaseIOB_
00412010+      __AccessFileH_
00412020+      __ReleaseFileH_
00412030+      __AccessNHeap_
00412040+      __ReleaseNHeap_
00412050+      __AccessFHeap_
00412060+      __ReleaseFHeap_
00412070+      __AccessTDList_
00412080+      __ReleaseTDList_
00412090+      __AccessFList_
004120a0+      __AccessSemaphore_
00412100+      __ReleaseFList_
00412110+      __ReleaseSemaphore_
00412140+      __MultipleThread_
00412190+      __AllocInitThreadData_
004121e0*      __FreeInitThreadData_
004121f0       __NTThreadInit_
00412260       __NTAddThread_
004122b0       __NTRemoveThread_
00412340       __InitMultipleThread_
0041802c+      ___AccessSema4
00418030+      ___ReleaseSema4
00418034+      ___CloseSema4
Module: C:\WATCOM/lib386/nt\clib3r.lib(xmsgwnt.c)
00412500+      __exit_with_msg_
00412560       __fatal_runtime_error_
Module: C:\WATCOM/lib386/nt\clib3r.lib(calloc.c)
00412580       calloc_
Module: C:\WATCOM/lib386/nt\clib3r.lib(register.c)
004125b0       __initthread_
004125c0*      _beginthread_
004125d0       _endthread_
004125e0*      __RegisterThreadData_
Module: C:\WATCOM/lib386/nt\clib3r.lib(nmsize.c)
00412630       _nmsize_
00412630*      _msize_
Module: C:\WATCOM/lib386/nt\clib3r.lib(nexpand.c)
00412640       _nexpand_
00412640*      _expand_
00412680+      __HeapManager_expand_
Module: C:\WATCOM/lib386/nt\clib3r.lib(dofilstr.c)
00412860       __ParsePosixHandleStr_
Module: C:\WATCOM/lib386/nt\clib3r.lib(clearenv.c)
00412980       clearenv_
Module: C:\WATCOM/lib386/nt\clib3r.lib(initfile.c)
00412a40       __InitFiles_
Module: C:\WATCOM/lib386/nt\clib3r.lib(ioexit.c)
00412b40*      fcloseall_
00412b50       __full_io_exit_
Module: C:\WATCOM/lib386/nt\clib3r.lib(mbconv.c)
00412b60       _mbvtop_
Module: C:\WATCOM/lib386/nt\clib3r.lib(amblksiz.c)
00418044       __amblksiz
Module: C:\WATCOM/lib386/nt\clib3r.lib(heapen.c)
00412b80*      _heapenable_
00418048       ___heap_enabled
Module: C:\WATCOM/lib386/nt\clib3r.lib(nheapmin.c)
00412bb0       _nheapshrink_
00412bb0*      _nheapmin_
00412bb0*      _heapmin_
00412bb0       _heapshrink_
Module: C:\WATCOM/lib386/nt\clib3r.lib(locmktim.c)
00412ca0       __local_mktime_
Module: C:\WATCOM/lib386/nt\clib3r.lib(gmtime.c)
00412e20       __brktime_
00412f20+      _gmtime_
00412f40*      gmtime_
Module: C:\WATCOM/lib386/nt\clib3r.lib(tzset.c)
0041804c       ___start_dst
00418070       ___end_dst
00418198*      _tzname
004181a0       _timezone
004181a4       _daylight
004181a8       ___dst_adjust
00412fb0*      __DontCacheOSTZ_
00412fc0*      __CacheOSTZ_
004134a0+      __parse_tz_
00413890       tzset_
Module: C:\WATCOM/lib386/nt\clib3r.lib(timeutil.c)
00413a00       __isindst_
Module: C:\WATCOM/lib386/nt\clib3r.lib(mbclen.c)
00413d30       _mbclen_
Module: C:\WATCOM/lib386/nt\clib3r.lib(mbccmp.c)
00413d60       _mbccmp_
Module: C:\WATCOM/lib386/nt\clib3r.lib(mbinit.c)
00413dd5       __mbinit_
004181b0       ___MBCodePage
Module: C:\WATCOM/lib386\math387r.lib(bufld386)
00413ec4       __ZBuf2LD
Module: C:\WATCOM/lib386\math387r.lib(inf_nan.c)
00413f67*      ___f_infinity
00413f6b*      ___f_posqnan
00413f6f       ___d_infinity
00413f77       ___d_posqnan
00413f7f*      ___ld_infinity
00413f87*      ___ld_posqnan
Module: C:\WATCOM/lib386/nt\clib3r.lib(hugeval.c)
00413f90       __HugeValue
Module: C:\WATCOM/lib386\math387r.lib(ldclass.c)
00413f98       __LDClass_
00413fe8*      _FLClass_
Module: C:\WATCOM/lib386/nt\clib3r.lib(initargv.c)
00414000       __Init_Argv_
00414050+      _getargv_
004141f0       __Fini_Argv_
Module: C:\WATCOM/lib386/nt\clib3r.lib(trdalloc.c)
00414200       __FiniThreadProcessing_
Module: C:\WATCOM/lib386/nt\clib3r.lib(thredwnt.c)
004142c0       __CBeginThread_
00414360       __CEndThread_
Module: C:\WATCOM/lib386/nt\clib3r.lib(strtol.c)
004145c0*      strtoul_
004145d0       strtol_
Module: C:\WATCOM/lib386/nt\clib3r.lib(putenv.c)
004145e0       putenv_
00414870       __putenv_
Module: C:\WATCOM/lib386/nt\clib3r.lib(fclose.c)
004149e0+      __doclose_
00414a80       __shutdown_stream_
00414aa0*      fclose_
0041a0e8+      ___RmTmpFileFn
Module: C:\WATCOM/lib386/nt\clib3r.lib(freefp.c)
00414af0       __freefp_
00414b40       __purgefp_
Module: C:\WATCOM/lib386/nt\clib3r.lib(leapyear.c)
00414b70       __leapyear_
00417160       ___diyr
0041717a       ___dilyr
Module: C:\WATCOM/lib386/nt\clib3r.lib(wcstombs.c)
00414bb0       wcstombs_
Module: C:\WATCOM/lib386/nt\clib3r.lib(histsplt.c)
0041a0ec       ___historical_splitparms
Module: C:\WATCOM/lib386/nt\clib3r.lib(mbslen.c)
00414c50       _mbslen_
Module: C:\WATCOM/lib386/nt\clib3r.lib(mbstowcs.c)
00414c80       mbstowcs_
Module: C:\WATCOM/lib386/nt\clib3r.lib(uputenv.c)
00414d00*      _wputenv_
00414f20       __wputenv_
Module: C:\WATCOM/lib386/nt\clib3r.lib(flush.c)
00415020       __flush_
Module: C:\WATCOM/lib386/nt\clib3r.lib(wctomb.c)
00415120       wctomb_
Module: C:\WATCOM/lib386/nt\clib3r.lib(mbtowc.c)
00415160       mbtowc_
Module: C:\WATCOM/lib386/nt\clib3r.lib(ustrchr.c)
004151f0       wcschr_
Module: C:\WATCOM/lib386/nt\clib3r.lib(setenvar.c)
00415210       __lib_SetEnvironmentVariableW_
Module: C:\WATCOM/lib386/nt\clib3r.lib(crtwenv.c)
00415300       __create_wide_environment_
Module: C:\WATCOM/lib386/nt\clib3r.lib(utoupper.c)
00415368       towupper_
Module: C:\WATCOM/lib386/nt\clib3r.lib(fsync.c)
00415380       fsync_
Module: C:\WATCOM/lib386/nt\clib3r.lib(qwrit.c)
004153d0       __qwrite_


                        +----------------------+
                        |   Imported Symbols   |
                        +----------------------+

Symbol                              Module
======                              ======

_GetEnvironmentStringsA@0           KERNEL32.DLL
_GetVersion@0                       KERNEL32.DLL
_GetModuleFileNameA@12              KERNEL32.DLL
_GetCommandLineA@0                  KERNEL32.DLL
_GetCommandLineW@0                  KERNEL32.DLL
_FreeEnvironmentStringsA@4          KERNEL32.DLL
_GetModuleHandleA@4                 KERNEL32.DLL
_ExitProcess@4                      KERNEL32.DLL
_RtlUnwind@16                       KERNEL32.DLL
_GetFullPathNameA@16                KERNEL32.DLL
_GetFileType@4                      KERNEL32.DLL
_GetFileInformationByHandle@8       KERNEL32.DLL
_GetFileTime@16                     KERNEL32.DLL
_GetFileSize@8                      KERNEL32.DLL
_CreateFileA@28                     KERNEL32.DLL
_CloseHandle@4                      KERNEL32.DLL
_GetLastError@0                     KERNEL32.DLL
_GetDriveTypeA@4                    KERNEL32.DLL
_FindFirstFileA@8                   KERNEL32.DLL
_FindClose@4                        KERNEL32.DLL
_GetCurrentThreadId@0               KERNEL32.DLL
_SetStdHandle@8                     KERNEL32.DLL
_CreateEventA@16                    KERNEL32.DLL
_GetStdHandle@4                     KERNEL32.DLL
_GetModuleFileNameW@12              KERNEL32.DLL
_MultiByteToWideChar@24             KERNEL32.DLL
_LoadLibraryA@4                     KERNEL32.DLL
_GetProcAddress@8                   KERNEL32.DLL
_WriteFile@20                       KERNEL32.DLL
_SetUnhandledExceptionFilter@4      KERNEL32.DLL
_UnhandledExceptionFilter@4         KERNEL32.DLL
_VirtualQuery@12                    KERNEL32.DLL
_MessageBoxA@16                     USER32.DLL
_GetFileAttributesA@4               KERNEL32.DLL
_GetCurrentDirectoryA@8             KERNEL32.DLL
_FileTimeToLocalFileTime@8          KERNEL32.DLL
_FileTimeToDosDateTime@12           KERNEL32.DLL
_DosDateTimeToFileTime@12           KERNEL32.DLL
_LocalFileTimeToFileTime@8          KERNEL32.DLL
_FindNextFileA@8                    KERNEL32.DLL
_FormatMessageA@28                  KERNEL32.DLL
_SetFilePointer@16                  KERNEL32.DLL
_DeleteFileA@4                      KERNEL32.DLL
_SetEndOfFile@4                     KERNEL32.DLL
_ReadFile@20                        KERNEL32.DLL
_SetConsoleCtrlHandler@8            KERNEL32.DLL
_TlsGetValue@4                      KERNEL32.DLL
_TlsSetValue@8                      KERNEL32.DLL
_CharUpperA@4                       USER32.DLL
_VirtualAlloc@16                    KERNEL32.DLL
_InitializeCriticalSection@4        KERNEL32.DLL
_DeleteCriticalSection@4            KERNEL32.DLL
_LeaveCriticalSection@4             KERNEL32.DLL
_EnterCriticalSection@4             KERNEL32.DLL
_SetLastError@4                     KERNEL32.DLL
_TlsAlloc@0                         KERNEL32.DLL
_TlsFree@4                          KERNEL32.DLL
_VirtualFree@12                     KERNEL32.DLL
_GetTimeZoneInformation@4           KERNEL32.DLL
_GetACP@0                           KERNEL32.DLL
_GetOEMCP@0                         KERNEL32.DLL
_GetCPInfo@8                        KERNEL32.DLL
_CreateThread@24                    KERNEL32.DLL
_ResumeThread@4                     KERNEL32.DLL
_ExitThread@4                       KERNEL32.DLL
_SetEnvironmentVariableA@8          KERNEL32.DLL
_WideCharToMultiByte@32             KERNEL32.DLL
_SetEnvironmentVariableW@8          KERNEL32.DLL
_FlushFileBuffers@4                 KERNEL32.DLL


                        +--------------------+
                        |   Libraries Used   |
                        +--------------------+

C:\WATCOM/lib386/nt\kernel32.lib
C:\WATCOM/lib386/nt\user32.lib
C:\WATCOM/lib386/nt\flib7.lib
C:\WATCOM/lib386\math387r.lib
C:\WATCOM/lib386/nt\clib3r.lib
C:\WATCOM/lib386/nt\emu387.lib


                        +-----------------------+
                        |   Linker Statistics   |
                        +-----------------------+

Stack size:  00010000 (65536.)
Memory size:  0002845c (164956.)
Entry point address: 004026e4
Link time: 00:00.87
