Open Watcom Linker Version 1.9
Portions Copyright (c) 1985-2002 Sybase, Inc. All Rights Reserved.
Created on:       17/04/26 23:07:40
Executable Image: 3.exe
creating a Windows NT character-mode executable


                        +------------+
                        |   Groups   |
                        +------------+

Group                           Address              Size
=====                           =======              ====

.idata                          00414000             00000786
DGROUP                          00415000             00013140



                        +--------------+
                        |   Segments   |
                        +--------------+

Segment                Class          Group          Address         Size
=======                =====          =====          =======         ====

BEGTEXT                CODE           AUTO           00401000        00000007
_TEXT                  CODE           AUTO           00401010        000129e0
TRANSFER CODE          CODE           AUTO           004139f0        0000019e
.idata                 .idata         .idata         00414000        00000786
_NULL                  BEGDATA        DGROUP         00415000        00000004
_AFTERNULL             BEGDATA        DGROUP         00415004        00000000
CONST                  DATA           DGROUP         00415010        000000c0
_DATA                  DATA           DGROUP         004150d0        00000fd4
XIB                    DATA           DGROUP         004160a4        00000000
XI                     DATA           DGROUP         004160a4        0000004e
XIE                    DATA           DGROUP         004160f2        00000000
YIB                    DATA           DGROUP         004160f2        00000000
YI                     DATA           DGROUP         004160f2        00000030
YIE                    DATA           DGROUP         00416122        00000000
CONST2                 DATA           DGROUP         00416124        00000000
TIB                    DATA           DGROUP         00416124        00000000
TI                     DATA           DGROUP         00416124        00000000
TIE                    DATA           DGROUP         00416124        00000000
DATA                   DATA           DGROUP         00416124        00000000
DATA32                 DATA           DGROUP         00416124        0000011c
CONST32                CONST          DGROUP         00417000        00000000
_BSS                   BSS            DGROUP         00417000        00001140
BSS32                  BSS            DGROUP         00418140        00000000
STACK                  STACK          DGROUP         00418140        00010000


                        +----------------+
                        |   Memory Map   |
                        +----------------+

* = unreferenced symbol
+ = symbol only referenced locally

Address        Symbol
=======        ======

Module: 3.obj(C:\Users\USER\Desktop\NM\2\3.for)
00401010       FMAIN
004010e5+      SCAN_ARR
004011a8+      MULT
004012d3+      PRINT_ARR
Module: C:\WATCOM/lib386/nt\flib7.lib(coread)
00401354       RT@IORead
00401363*      RT@InpLOG1
00401372*      RT@InpLOG4
00401381*      RT@InpINT1
00401390*      RT@InpINT2
0040139f*      RT@InpINT4
004013ae*      RT@InpREAL
004013bd*      RT@InpDBLE
004013cc*      RT@InpXTND
004013db*      RT@InpCPLX
004013ea*      RT@InpDBCX
004013f9*      RT@InpXTCX
00401408*      RT@InpCHAR
0040140d*      RT@InpSTR
00401412*      RT@InpArr
00401417*      RT@InpChArr
Module: C:\WATCOM/lib386/nt\flib7.lib(cortns)
00415108*      _FRT_SaveESP
00401427*      SwitchToGen
00401445       SwitchToRT
00401463       RdWrCommon
00401507       IOType_
00401525       IOChar
00401540       IOStr
00401555       IOArr
00401570       IOChArr
00401592       RT@EndIO
Module: C:\WATCOM/lib386/nt\flib7.lib(cowrite)
0040159c       RT@IOWrite
004015ab*      RT@OutLOG1
004015bd*      RT@OutLOG4
004015cb*      RT@OutINT1
004015dd*      RT@OutINT2
004015ed       RT@OutINT4
004015fc*      RT@OutREAL
0040160c*      RT@OutDBLE
0040161c*      RT@OutXTND
0040162c*      RT@OutCPLX
00401642*      RT@OutDBCX
00401658*      RT@OutXTCX
0040166e       RT@OutCHAR
00401673*      RT@OutSTR
00401678*      RT@PrtArr
0040167d*      RT@PrtChArr
Module: C:\WATCOM/lib386/nt\clib3r.lib(cstrtwnt)
00401682       _cstart_
00401682*      mainCRTStartup
Module: C:\WATCOM/lib386/nt\emu387.lib(386)
004016e0       __init_387_emulator
004016e1*      __fini_387_emulator
Module: C:\WATCOM/lib386/nt\flib7.lib(initeng.c)
00417050       __init_english
Module: C:\WATCOM/lib386/nt\flib7.lib(initerr.c)
00417054       __init_error
Module: C:\WATCOM/lib386/nt\flib7.lib(exread.c)
00401770       DoRead_
Module: C:\WATCOM/lib386/nt\flib7.lib(setiocb.c)
004017a0       RT@SetIOCB
Module: C:\WATCOM/lib386/nt\flib7.lib(rdata.c)
00417060       _IORslt
00417070       _FmtBuff
00417074*      _Fmt_revert
00417078*      _Fmt_start
0041707c*      _Fmt_paren_level
00417080*      _Fmt_charptr
00417084*      _FmtEmStruct
00417088       _IOTypeRtn
0041708c*      _Fmt_end
00417090*      _Fmt_rep_spec
00417094       _FmtRoutine
00417098       _IOCB
0041709c       _Files
004170a0*      _Fmt_delimited
Module: C:\WATCOM/lib386/nt\flib7.lib(iomain.c)
00401830       __ReleaseIOSys_
00401850       IOMain_
Module: C:\WATCOM/lib386/nt\clib3r.lib(crwdata)
0041516c       __osmajor
0041516d       __osminor
0041516e       __osbuild
00415170       __osver
00415174       __winmajor
00415178       __winminor
0041517c       __winver
00415138       __LpDllName
0041513c       __LpwCmdLine
00415140       __LpwPgmName
00415144       __LpwDllName
00415130       __LpCmdLine
00415134       __LpPgmName
00415128*      __dynend
0041512c       __curbrk
00415148*      __STACKLOW
0041514c       __STACKTOP
00415150       __ASTACKSIZ
00415154       __ASTACKPTR
00415158*      __cbyte
0041515c*      __cbyte2
00415160*      __child
00415166       __Envptr
0041516a*      __Envseg
00415164       __no87
00415180       ___FPE_handler
Module: C:\WATCOM/lib386/nt\flib7.lib(thrdutil.c)
00401a60*      __InitMultiThreadIO_
00415188       ___SwitchStkLow
Module: C:\WATCOM/lib386/nt\flib7.lib(exwrite.c)
00401ae0       DoWrite_
Module: C:\WATCOM/lib386/nt\clib3r.lib(main2wnt.c)
00401b10       __NTMain
Module: C:\WATCOM/lib386/nt\clib3r.lib(segdefns)
00401003       ___begtext
00415000*      __nullarea
004160a4       __Start_XI
004160f2       __End_XI
004160f2       __Start_YI
00416122       __End_YI
Module: C:\WATCOM/lib386/nt\flib7.lib(english.c)
00401ba0       __UseEnglishCharSet_
Module: C:\WATCOM/lib386/nt\flib7.lib(errincl.c)
00401cb0       __InitError_
0041518c+      _PGroupTable
00415190+      _PErrWord
Module: C:\WATCOM/lib386/nt\flib7.lib(rdwr.c)
00401cd0+      DoOpen_
00401d00+      _AllocBuffer_
00401d40       IOPrologue_
00401f80       UpdateRecNum_
Module: C:\WATCOM/lib386/nt\flib7.lib(unfmtin.c)
00401fc0       UnFmtIn_
00402060+      NextUnFmtRec_
Module: C:\WATCOM/lib386/nt\flib7.lib(freein.c)
00402440+      GetNum_
00402640       FreeIn_
00402650*      DoFreeIn_
00402680+      BumpComma_
004026b0+      Blanks_
004026d0+      CheckEor_
Module: C:\WATCOM/lib386/nt\flib7.lib(rtutls.c)
00402d00       FindFtnFile_
00402df0       RChkAlloc_
00402e20       F_Connect_
00402ea0       ConnectFile_
00402eb0*      GetFileInfo_
00402fa0       DiscoFile_
00403010*      ChkFileName_
00403040+      ChkLogFile_
00403080       ChkIOOperation_
004030c0       GetIOErr_
004030d0       ChkIOErr_
004030f0       ChkUnitId_
00403130*      ChkConnected_
00403150       SetEOF_
00403180       ClearEOF_
004031c0       SysEOF_
004031f0       IsFixed_
00403200       IsCarriage_
00403210*      ChkRecordStructure_
00403240*      ChkSequential_
00403260*      ChkExist_
00403290*      StrItem_
Module: C:\WATCOM/lib386/nt\flib7.lib(rtsysutl.c)
004032c0       GetSysIOInfo_
004032e0       GetSysFileInfo_
00403310*      IsDevice_
004034e0       OpenAction_
00403520*      DfltRecType_
00403540+      _FileAttrs_
00403600       CloseFile_
00403670       Scrtched_
00403690*      CloseDeleteFile_
004036e0       Errf_
00403700       FPutBuff_
00403770       FGetBuff_
004037c0       SeekFile_
004037e0       NoEOF_
004037f0       SysClearEOF_
00403800*      SameFile_
00403810*      Rewindf_
00403830*      SysCreateFile_
00403870       CheckLogicalRecord_
00403890       SkipLogicalRecord_
004038b0*      BackSpacef_
004038e0*      EndFilef_
00403920       GetIOErrMsg_
00403960       ReportNExist_
00403980       ReportEOF_
00403990*      WaitForEnter_
Module: C:\WATCOM/lib386/nt\flib7.lib(rtinit.c)
00415194       ___FAppType
00415198       __ExceptionInit
0041519c       __ExceptionFini
004039b0*      __InitFThreadData_
004039f0+      RTSysFini_
00403a00       RTSysInit_
004151a4       __AccessFIO
004151a8       __ReleaseFIO
004151ac       __PartialReleaseFIO
004170a8       ___FThreadDataOffset
004160bc*      ___fthread_data_size
Module: C:\WATCOM/lib386/nt\clib3r.lib(mainwnt.c)
004151b0       ___TlsIndex
004151b4       ___FirstThreadData
004151b8       ___GetThreadPtr
004151bc       __AccessFileH
004151c0       __ReleaseFileH
004151c4       __AccessIOB
004151c8       __ReleaseIOB
004151cc       __AccessNHeap
004151d0       __AccessFHeap
004151d4       __ReleaseNHeap
00403a70*      __threadid_
00403a90+      __sig_null_rtn_
00403aa0+      __NTInit_
00403c80+      __NTFini_
00403ce0       __NTMainInit_
00403d40       __exit_
004151d8       __ReleaseFHeap
004151dc       __AccessTDList
004151e0       __ReleaseTDList
004151e4       __AccessFList
004151e8       __ReleaseFList
004151ec       __ThreadExitRtn
004151f0       ___sig_init_rtn
004151f4       ___sig_fini_rtn
004151f8       ___process_fini
004170b4       ___Is_DLL
Module: C:\WATCOM/lib386/nt\flib7.lib(ioinit.c)
00403da0       IOSysInit_
Module: C:\WATCOM/lib386/nt\flib7.lib(rterr.c)
00415200+      _TraceRoutine
00403df0+      FlushStdUnit_
00403e40+      WriteErr_
00403f10       ErrHandler_
00403f50       RTErr_
0041520c+      LG@ERR_HOOK
Module: C:\WATCOM/lib386/nt\flib7.lib(spawn.c)
00403f80       Spawn_
00403fe0       Suicide_
Module: C:\WATCOM/lib386/nt\flib7.lib(unfmtout.c)
00404100       UnFmtOut_
Module: C:\WATCOM/lib386/nt\flib7.lib(freeout.c)
00404550       FreeOut_
00415210+      _OutRtn
Module: C:\WATCOM/lib386/nt\clib3r.lib(initrtns.c)
00404640       __InitRtns
00404690       __FiniRtns
Module: C:\WATCOM/lib386/nt\clib3r.lib(mthrdini.c)
004046f0       __InitThreadData_
00415244       ___ThreadDataSize
Module: C:\WATCOM/lib386/nt\clib3r.lib(memset.c)
00404720       memset_
Module: C:\WATCOM/lib386/nt\clib3r.lib(cmain386.c)
00404740       __CMain
Module: C:\WATCOM/lib386/nt\clib3r.lib(dosseg)
00001234       __DOSseg__
Module: C:\WATCOM/lib386/nt\flib7.lib(csetinfo.c)
004176d0       _CharSetInfo
Module: C:\WATCOM/lib386/nt\flib7.lib(errmsg.c)
00404ab0       _GroupTable
00404b60       _ErrWord
Module: C:\WATCOM/lib386/nt\flib7.lib(blderr.c)
00405210       Substitute_
004053d0       ErrCodOrg_
Module: C:\WATCOM/lib386/nt\flib7.lib(errrtns.c)
004176e4       ___ErrorFini
004176e8       ___ErrorInit
004176ec       ___BldErrMsg
Module: C:\WATCOM/lib386/nt\flib7.lib(sdfile.c)
00415248*      _FFCtrlSeq
0041524a*      _SkipCtrlSeq
0041524c       _NormalCtrlSeq
0041524e       _SDTermIn
00415252       _SDTermOut
00415256*      _SDPrtName
Module: C:\WATCOM/lib386/nt\flib7.lib(ioerr.c)
00405410       IOErr_
Module: C:\WATCOM/lib386/nt\flib7.lib(rdutils.c)
004054a0       NextRec_
Module: C:\WATCOM/lib386/nt\flib7.lib(unfmtutl.c)
004055b0       _SizeVars
Module: C:\WATCOM/lib386/nt\clib3r.lib(istable.c)
004055c0       __IsTable
Module: C:\WATCOM/lib386/nt\flib7.lib(arrayio.c)
00405760       ArrayIOType_
Module: C:\WATCOM/lib386/nt\clib3r.lib(toupper.c)
004057e0       toupper_
Module: C:\WATCOM/lib386/nt\flib7.lib(chrutils.c)
004057f0       JmpBlanks_
Module: C:\WATCOM/lib386/nt\flib7.lib(fmtcnvt.c)
00405810       FmtS2I_
00405940       FmtS2F_
Module: C:\WATCOM/lib386/nt\clib3r.lib(_8087)
0041525c       __8087
0041525d       __real87
Module: C:\WATCOM/lib386/nt\flib7.lib(fdutil.c)
00405d10       LocFile_
00405d20       LocUnit_
00405d50       ExtractInfo_
Module: C:\WATCOM/lib386/nt\flib7.lib(rstdio.c)
00405e80       _InitStandardInput_
00405eb0       _InitStandardOutput_
Module: C:\WATCOM/lib386/nt\flib7.lib(rmemmgr.c)
00405ee0       RMemAlloc_
00405ef0       RMemFree_
Module: C:\WATCOM/lib386/nt\flib7.lib(deffname.c)
00415260       _DefFName
Module: C:\WATCOM/lib386/nt\flib7.lib(stracc.c)
00405f00       TrimStr_
00405f40       GetStr_
Module: C:\WATCOM/lib386/nt\clib3r.lib(accsswnt.c)
00405f70       access_
Module: C:\WATCOM/lib386/nt\clib3r.lib(fullpath.c)
00405fb0+      _sys_fullpath_
00406030       _fullpath_
Module: C:\WATCOM/lib386/nt\clib3r.lib(fstatwnt.c)
004060a0       fstat_
Module: C:\WATCOM/lib386/nt\flib7.lib(poserr.c)
00406400       Errorf_
00406420*      EOFile_
00406440       ErrorMsg_
00406480       FSetTrunc_
00406490       FSetSysErr_
004064b0       FSetErr_
004064d0       FSetEof_
004064f0       IOOk_
Module: C:\WATCOM/lib386/nt\clib3r.lib(statwnt.c)
00406615       stat_
Module: C:\WATCOM/lib386/nt\flib7.lib(posopen.c)
00406850       InitStd_
00406910       SetIOBufferSize_
00406930+      _AllocFile_
00406a20       Openf_
00406b10       Closef_
Module: C:\WATCOM/lib386/nt\flib7.lib(posdat.c)
00415450       _FStdIn
00415454       _FStdOut
00415458       _FStdErr
Module: C:\WATCOM/lib386/nt\flib7.lib(posflush.c)
00406b90       FlushBuffer_
Module: C:\WATCOM/lib386/nt\flib7.lib(posdel.c)
00406c40       Scratchf_
Module: C:\WATCOM/lib386/nt\clib3r.lib(nodefwin.c)
0041545c*      __WindowsIsWindowedHandle
00415460*      __WindowsRemoveWindowedHandle
00415464*      __WindowsNewWindow
00415468*      __WindowsCloseWindow
0041546c*      __WindowsSetAbout
00415470*      __WindowsSetAppTitle
00415474*      __WindowsSetConTitle
00415478*      __WindowsDestroyOnClose
0041547c*      __WindowsYieldControl
00415480*      __WindowsShutDown
00415484*      __WindowsStdin
00415488       __WindowsStdout
0041548c*      __WindowsKbhit
00415490*      __WindowsGetch
00415494*      __WindowsGetche
00415498*      __WindowsPutch
00406c60*      _dwShutDown_
00406c60*      _dwYield_
00406c60*      _dwSetConTitle_
00406c60*      _dwSetAppTitle_
00406c60*      _dwSetAboutDlg_
00406c60       _dwDeleteOnClose_
0041549c*      __WindowsExitRtn
004176f0*      __init_default_win
Module: C:\WATCOM/lib386/nt\flib7.lib(posput.c)
00406c70       FPutRec_
00406cb0       ChopFile_
00406d00*      PutRec_
00406e20       writebytes_
00406ea0       SysWrite_
Module: C:\WATCOM/lib386/nt\flib7.lib(posget.c)
00406fe0       readbytes_
004070b0       SysRead_
00407520       FGetRec_
00407550*      GetRec_
00407570       GetStdChar_
004075c0       FCheckLogical_
00407640       FSkipLogical_
00407710*      FGetVarRecLen_
Module: C:\WATCOM/lib386/nt\flib7.lib(posseek.c)
00407800       FSeekRec_
00407840       CurrFileOffset_
00407840       FGetFilePos_
00407860       SysSeek_
00407a50*      FSeekAbs_
Module: C:\WATCOM/lib386/nt\clib3r.lib(stricmp.c)
00407a60       stricmp_
Module: C:\WATCOM/lib386/nt\flib7.lib(posrew.c)
00407aa0       FRewind_
Module: C:\WATCOM/lib386/nt\flib7.lib(posback.c)
00407b10       FBackspace_
Module: C:\WATCOM/lib386/nt\flib7.lib(postrunc.c)
00407bf0       FTruncate_
Module: C:\WATCOM/lib386/nt\clib3r.lib(errno.c)
00407c10       __get_errno_ptr_
00407c20*      __get_doserrno_ptr_
Module: C:\WATCOM/lib386/nt\flib7.lib(rttraps.c)
00407d20       __EnableF77RTExceptionHandling_
00407d30       R_TrapInit_
00407dc0       R_TrapFini_
00407dd0*      __InitExceptionVectors_
Module: C:\WATCOM/lib386/nt\clib3r.lib(atexit.c)
00407de5       atexit_
Module: C:\WATCOM/lib386/nt\clib3r.lib(regdata.c)
00407e40       __RegisterThreadDataSize_
Module: C:\WATCOM/lib386/nt\clib3r.lib(hdlman.c)
004154a0+      ___NHandles
004154a4+      ___OSHandles
004154a8+      ___FakeHandles
00407e70+      __growPOSIXHandles_
00407f10       __allocPOSIXHandle_
00407fd0       __freePOSIXHandle_
00407ff0       __getOSHandle_
00408000       __setOSHandle_
00408050+      __NTGetFakeHandle_
004080c0       __initPOSIXHandles_
004081a0*      __set_handles_
004081b0*      _grow_handles_
Module: C:\WATCOM/lib386/nt\clib3r.lib(environ.c)
00417778       ___env_mask
0041777c       _environ
00417780       __wenviron
Module: C:\WATCOM/lib386/nt\clib3r.lib(getmodfn.c)
004081f0       __lib_GetModuleFileNameW_
Module: C:\WATCOM/lib386/nt\clib3r.lib(strdup.c)
00408290       __clib_strdup_
Module: C:\WATCOM/lib386/nt\clib3r.lib(ustrdup.c)
004082d0       __clib_wcsdup_
Module: C:\WATCOM/lib386/nt\clib3r.lib(nfree.c)
00408300       _nfree_
00408300       free_
00417784       ___MiniHeapFreeRover
Module: C:\WATCOM/lib386/nt\clib3r.lib(excptwnt.c)
00408a70+      ___ReportException@4
00408ec0       __DefaultExceptionHandler_
00408f00+      ___ExceptionFilter
00409110       __NewExceptionFilter_
00409140       __DoneExceptionFilter_
004154b4       ___oscode_check_func
004154b8       ___raise_func
00417788*      _sw
0041778c       ___ExceptionHandled
0041778d+      ___ReportInvoked
Module: C:\WATCOM/lib386/nt\clib3r.lib(stklmwnt.c)
00409180       __init_stack_limits_
Module: C:\WATCOM/lib386/nt\flib7.lib(runmain.c)
004091f0*      __InitUnit6CC_
00409200       __DevicesCC_
00409210*      __InitAllowCommaSeparator_
00409220       __AllowCommaSep_
00409230+      _InitIO_
004092a0+      CloseAllFiles_
004092e0*      _FiniEx_
004092e0       RunExit_
00409320       RunEntry_
Module: C:\WATCOM/lib386/nt\flib7.lib(errutil.c)
00409350       BldErrCode_
004093b0*      MsgFormat_
004093e0*      MsgBuffer_
004154d4+      _PGrpCodes
Module: C:\WATCOM/lib386/nt\clib3r.lib(enterdb.c)
00409410       __EnterWVIDEO_
004154d8       ___WD_Present
Module: C:\WATCOM/lib386/nt\flib7.lib(stdio.c)
00409450       StdBuffer_
00409470+      StdWrite_
00409550       StdFlush_
00409580       StdWriteNL_
Module: C:\WATCOM/lib386/nt\clib3r.lib(setjmp)
004095a8       _setjmp_
004095e1       longjmp_
Module: C:\WATCOM/lib386/nt\clib3r.lib(exit.c)
00409669+      __null_int23_exit_
0040966a       exit_
004096ba*      _exit_
004158e4+      ___int23_exit
004158e8+      ___FPE_handler_exit
Module: C:\WATCOM/lib386/nt\flib7.lib(wrutils.c)
004096d0       F_SendData_
00409730*      SendLine_
00409740       SendEOR_
004097d0*      SendInt_
00409800       SendStr_
00409820+      SendWSLStr_
00409840       SendChar_
00409860       Drop_
00409a20       IOItemResult_
Module: C:\WATCOM/lib386/nt\flib7.lib(undefcg.c)
00409b30       OutLogCG_
00409b40       OutIntCG_
00409b80+      FmtRealCG_
00409bb0+      FmtDoubleCG_
00409be0+      FmtExtendedCG_
00409c10+      UndefIntCG_
00409c10+      UndefLogCG_
00409c10+      UndefExtendedCG_
00409c10+      UndefDoubleCG_
00409c10+      UndefRealCG_
00409c20+      GetRealCG_
004158ec       _FmtRealRtn
004158f0       _FmtDoubleRtn
004158f4       _FmtExtendedRtn
004158f8       _SendStrRtn
004158fc       _UndefRealRtn
00415900       _UndefDoubleRtn
00415904       _UndefExtendedRtn
00415908       _UndefLogRtn
0041590c       _UndefIntRtn
00415910       _GetRealRtn
Module: C:\WATCOM/lib386/nt\flib7.lib(cctrl.c)
00409c30       CheckCCtrl_
Module: C:\WATCOM/lib386/nt\clib3r.lib(__stos)
00409ca0       __STOSB
00409cd7*      __STOSD
Module: C:\WATCOM/lib386/nt\clib3r.lib(cinit.c)
00409d50       __CommonInit_
Module: C:\WATCOM/lib386/nt\clib3r.lib(___argc.c)
00417794       ____Argc
00417798       ____Argv
Module: C:\WATCOM/lib386/nt\flib7.lib(rtmain.c)
00409d60       main_
Module: C:\WATCOM/lib386/nt\clib3r.lib(memmove.c)
00409d80       memmove_
Module: C:\WATCOM/lib386/nt\clib3r.lib(itoa.c)
00409de0       utoa_
00409e30       itoa_
Module: C:\WATCOM/lib386/nt\clib3r.lib(ltoa.c)
00409e60       ultoa_
00409eb0       ltoa_
Module: C:\WATCOM/lib386/nt\flib7.lib(ifile.c)
00409ee0       SendIFBuff_
00409f10       NextIFBuff_
Module: C:\WATCOM/lib386/nt\flib7.lib(intarith.c)
00409f40       AddIOFlo_
00409f50*      SubIOFlo_
00409f60       MulIOFlo_
Module: C:\WATCOM/lib386/nt\clib3r.lib(tolower.c)
00409f70       tolower_
Module: C:\WATCOM/lib386\math387r.lib(strtod.c)
0040a492+      __Strtold_
0040a5f9       strtod_
Module: C:\WATCOM/lib386/nt\clib3r.lib(chk8087.c)
0040a760*      _fpreset_
0040a7a0       __chk8087_
0040a7b0*      __init_8087_
Module: C:\WATCOM/lib386/nt\clib3r.lib(getenv.c)
0040a7d0       getenv_
Module: C:\WATCOM/lib386/nt\clib3r.lib(nmalloc.c)
0040a860       _nmalloc_
0040a860       malloc_
00415914       ___nheapbeg
00415918       ___MiniHeapRover
0041591c       ___LargestSizeB4MiniHeapRover
Module: C:\WATCOM/lib386/nt\clib3r.lib(fgtattr.c)
0040a960       __fixed_GetFileAttributesA_
Module: C:\WATCOM/lib386/nt\clib3r.lib(dosret.c)
0040aa00*      _dosretax_
0040aa10*      _dosret0_
0040aa20       __set_errno_dos_
0040aa50*      __set_errno_dos_reterr_
0040aa60       __set_errno_nt_
0040aa70*      __set_errno_nt_reterr_
Module: C:\WATCOM/lib386/nt\clib3r.lib(seterrno.c)
0040aa84       __set_errno_
0040aa92*      __set_EDOM_
0040aaa0       __set_ERANGE_
0040aaae*      __set_EINVAL_
0040aac1       __set_doserrno_
Module: C:\WATCOM/lib386/nt\clib3r.lib(gtcwdwnt.c)
0040aad0       getcwd_
Module: C:\WATCOM/lib386/nt\clib3r.lib(iomode.c)
0040ab60       __GetIOMode_
0040ab80       __SetIOMode_nogrow_
00415a24       ___NFiles
00415a28       ___init_mode
00415a78       ___io_mode
Module: C:\WATCOM/lib386/nt\clib3r.lib(iomodtty.c)
0040aba0       __ChkTTYIOMode_
0040abe0       __IOMode_
Module: C:\WATCOM/lib386/nt\clib3r.lib(ntdirinf.c)
0040ac00       __MakeDOSDT_
0040ac30*      __FromDOSDT_
0040ac60*      __GetNTDirInfo_
0040aca0*      __NTFindNextFileWithAttr_
Module: C:\WATCOM/lib386/nt\clib3r.lib(d2ttime.c)
0040ad00       _d2ttime_
Module: C:\WATCOM/lib386/nt\clib3r.lib(strerror.c)
0040b0a0       strerror_
0040b0c0*      _strerror_
0040b190*      _doserror_
00415a7c+      __sys_errlist
00415b20+      __sys_nerr
Module: C:\WATCOM/lib386/nt\clib3r.lib(_strcmp)
0040b1c0       strcmp_
Module: C:\WATCOM/lib386/nt\clib3r.lib(mbspbrk.c)
0040b300       _mbspbrk_
Module: C:\WATCOM/lib386/nt\clib3r.lib(mbsinc.c)
0040b350       _mbsinc_
Module: C:\WATCOM/lib386/nt\clib3r.lib(stiomode.c)
0040b380       __grow_iomode_
0040b450+      __shrink_iomode_
0040b490       __SetIOMode_
Module: C:\WATCOM/lib386/nt\clib3r.lib(close.c)
0040b500       close_
Module: C:\WATCOM/lib386/nt\clib3r.lib(openwnt.c)
0040b720*      open_
0040b740       sopen_
Module: C:\WATCOM/lib386/nt\clib3r.lib(lseek.c)
0040b770       lseek_
Module: C:\WATCOM/lib386/nt\flib7.lib(poscc.c)
0040b7c0*      __LineFeedWithFormFeed_
0040b7d0       FSetCC_
Module: C:\WATCOM/lib386/nt\clib3r.lib(write.c)
0040ba80       write_
Module: C:\WATCOM/lib386/nt\clib3r.lib(unlnkwnt.c)
0040bce0       unlink_
Module: C:\WATCOM/lib386/nt\clib3r.lib(chsizwnt.c)
0040bd60       chsize_
Module: C:\WATCOM/lib386/nt\clib3r.lib(read.c)
0040be50       read_
Module: C:\WATCOM/lib386/nt\clib3r.lib(signlwnt.c)
00415b2c+      __SignalTable
0040bfe0+      __SetSignalFunc_
0040c030+      __GetSignalFunc_
0040c060+      __GetSignalOSCode_
0040c090+      __CheckSignalExCode_
0040c1d0+      __sigabort_
0040c1e0       __sigfpe_handler_
0040c230       signal_
0040c2c0+      raise_
0040c330+      __SigInit_
0040c380+      __SigFini_
0040c3c0+      __sig_init_
Module: C:\WATCOM/lib386/nt\flib7.lib(fptraps.c)
0040c4a0*      __MaskDefaultFPE_
0040c4c0       FPTrapInit_
0040c4f0       FPTrapFini_
Module: C:\WATCOM/lib386/nt\clib3r.lib(trdlist.c)
0040c560       __GetThreadData_
0040c5b0       __ReallocThreadData_
0040c6a0       __AddThreadData_
0040c720       __RemoveThreadData_
0040c780       __ResizeThreadDataList_
0040c7b0       __FreeThreadDataList_
0040c7e0*      __ActiveThreads_
Module: C:\WATCOM/lib386/nt\clib3r.lib(nrealloc.c)
0040c800*      _nrealloc_
0040c800       realloc_
Module: C:\WATCOM/lib386/nt\clib3r.lib(setenvp.c)
0040c880       __setenvp_
0040c940       __freeenvp_
Module: C:\WATCOM/lib386/nt\clib3r.lib(ustrlen.c)
0040c98d       wcslen_
Module: C:\WATCOM/lib386/nt\clib3r.lib(memcpy.c)
0040c9a0       memcpy_
Module: C:\WATCOM/lib386/nt\clib3r.lib(mem.c)
0040c9c0       __MemAllocator
0040ca70       __MemFree
Module: C:\WATCOM/lib386/nt\clib3r.lib(conutwnt.c)
0040cbc0*      __NTRealKey_
0040cc70*      __NTConsoleInput_
0040cc80       __NTConsoleOutput_
Module: C:\WATCOM/lib386/nt\clib3r.lib(fclex387.c)
0040cc90       _ClearFPE_
Module: C:\WATCOM/lib386/nt\flib7.lib(errgrp.c)
0040cca0       _GrpCodes
Module: C:\WATCOM/lib386/nt\clib3r.lib(iob.c)
00415ba0       ___iob
00415da8       __fmode
004178a8       ___OpenStreams
004178ac       ___ClosedStreams
Module: C:\WATCOM/lib386/nt\clib3r.lib(setmd.c)
0040cd30       setmode_
Module: C:\WATCOM/lib386/nt\clib3r.lib(ljmphdl.c)
00415dac       ___longjmp_handler
Module: C:\WATCOM/lib386/nt\flib7.lib(expchk.c)
0040ce30       ToFFormat_
Module: C:\WATCOM/lib386/nt\flib7.lib(fmtrtns.c)
0040ce80       R_F2E_
0040cff0       R_F2F_
0040d180       SetMaxPrec_
Module: C:\WATCOM/lib386/nt\flib7.lib(rfmtlog.c)
0040d1a0       R_FmtLog_
Module: C:\WATCOM/lib386/nt\flib7.lib(rfmtutil.c)
0040d200+      R_ChkType_
0040d230*      R_NewRec_
0040d270*      R_ChkIType_
0040d2a0*      R_ChkFType_
0040d2d0*      R_ChkRecLen_
0040d2f0+      GetLen_
0040d330*      R_FOStr_
0040d340*      FOString_
0040d3b0*      R_FIStr_
0040d470+      R_FOLog_
0040d4c0*      R_FILog_
0040d5a0*      R_FIFloat_
0040d790       GetReal_
0040d8a0*      R_FOF_
0040d920*      R_FOE_
0040da60+      FmtH2B_
0040db50*      R_FIHex_
0040dcd0*      R_FOHex_
0040dce0*      FOHex_
0040dde0*      R_FIInt_
0040def0*      R_FOInt_
0040e150*      R_FOG_
0040e3d0+      ChkBuffLen_
Module: C:\WATCOM/lib386/nt\clib3r.lib(argcv.c)
004178b0       __argc
004178b4       __argv
004178b8       ___argv
004178bc       ___argc
Module: C:\WATCOM/lib386/nt\clib3r.lib(alphabet.c)
0041506c       ___Alphabet
Module: C:\WATCOM/lib386\math387r.lib(bufld386)
0040e400       __ZBuf2LD
Module: C:\WATCOM/lib386\math387r.lib(ldcvt.c)
0040e582       _LDScale10x_
0040eb29       __LDcvt_
Module: C:\WATCOM/lib386\math387r.lib(inf_nan.c)
0040ef76*      ___f_infinity
0040ef7a*      ___f_posqnan
0040ef7e       ___d_infinity
0040ef86       ___d_posqnan
0040ef8e*      ___ld_infinity
0040ef96*      ___ld_posqnan
Module: C:\WATCOM/lib386/nt\clib3r.lib(hugeval.c)
0040efa0       __HugeValue
Module: C:\WATCOM/lib386/nt\clib3r.lib(8087cw.c)
00415e58       __8087cw
Module: C:\WATCOM/lib386/nt\clib3r.lib(save8087.c)
00415e5c       ___Save8087
00415e60       ___Rest8087
Module: C:\WATCOM/lib386/nt\clib3r.lib(init8087)
0040efb4       __x87id
Module: C:\WATCOM/lib386/nt\clib3r.lib(mbterm.c)
0040eff0       _mbterm_
Module: C:\WATCOM/lib386/nt\clib3r.lib(mbsnextc.c)
0040f030       _mbsnextc_
Module: C:\WATCOM/lib386/nt\clib3r.lib(mbcupper.c)
0040f070       _mbctoupper_
Module: C:\WATCOM/lib386/nt\clib3r.lib(nmemneed.c)
0040f0a0       __nmemneed_
Module: C:\WATCOM/lib386/nt\clib3r.lib(grownear.c)
0040f210       __ExpandDGROUP_
Module: C:\WATCOM/lib386/nt\clib3r.lib(isattwnt.c)
0040f230       isatty_
Module: C:\WATCOM/lib386/nt\clib3r.lib(strncpy.c)
0040f250       strncpy_
Module: C:\WATCOM/lib386/nt\clib3r.lib(mktime.c)
0040f290       mktime_
Module: C:\WATCOM/lib386/nt\clib3r.lib(mbschr.c)
0040f320       _mbschr_
Module: C:\WATCOM/lib386/nt\clib3r.lib(mbisdbcs.c)
004178c0       ___IsDBCS
Module: C:\WATCOM/lib386/nt\clib3r.lib(mbislead.c)
0040f380*      _ismbblead_
004178c4       ___MBCSIsTable
Module: C:\WATCOM/lib386/nt\clib3r.lib(_clsewnt.c)
0040f3a0       __close_
Module: C:\WATCOM/lib386/nt\clib3r.lib(ntfio.c)
0040f400*      __GetNTCreateAttr_
0040f440       __GetNTAccessAttr_
0040f470       __GetNTShareAttr_
Module: C:\WATCOM/lib386/nt\clib3r.lib(umaskval.c)
00415e64       ___umaskval
Module: C:\WATCOM/lib386/nt\clib3r.lib(__lseek.c)
0040f4d0       __lseek_
Module: C:\WATCOM/lib386/nt\clib3r.lib(stackwnt.c)
0040f510       stackavail_
Module: C:\WATCOM/lib386/nt\clib3r.lib(stk)
0040f521*      __CHK
0040f531*      __STK
0040f550       __STKOVERFLOW_
0040f560*      __GRO
0040f580*      __alloca_probe
Module: C:\WATCOM/lib386/nt\clib3r.lib(abort.c)
0040f5a9*      abort_
0040f5bb       __terminate_
00415e78       ___abort
Module: C:\WATCOM/lib386/nt\clib3r.lib(cntrl87.c)
0040f5d0       _control87_
Module: C:\WATCOM/lib386/nt\clib3r.lib(mthread.c)
0040f7b0+      __CloseSemaphore_
0040f7f0+      __AccessIOB_
0040f800+      __ReleaseIOB_
0040f810+      __AccessFileH_
0040f820+      __ReleaseFileH_
0040f830+      __AccessNHeap_
0040f840+      __ReleaseNHeap_
0040f850+      __AccessFHeap_
0040f860+      __ReleaseFHeap_
0040f870+      __AccessTDList_
0040f880+      __ReleaseTDList_
0040f890+      __AccessFList_
0040f8a0+      __AccessSemaphore_
0040f900+      __ReleaseFList_
0040f910+      __ReleaseSemaphore_
0040f940+      __MultipleThread_
0040f990+      __AllocInitThreadData_
0040f9e0*      __FreeInitThreadData_
0040f9f0       __NTThreadInit_
0040fa60       __NTAddThread_
0040fab0       __NTRemoveThread_
0040fb40       __InitMultipleThread_
00415e7c+      ___AccessSema4
00415e80+      ___ReleaseSema4
00415e84+      ___CloseSema4
Module: C:\WATCOM/lib386/nt\clib3r.lib(xmsgwnt.c)
0040fd00+      __exit_with_msg_
0040fd60       __fatal_runtime_error_
Module: C:\WATCOM/lib386/nt\clib3r.lib(calloc.c)
0040fd80       calloc_
Module: C:\WATCOM/lib386/nt\clib3r.lib(register.c)
0040fdb0       __initthread_
0040fdc0*      _beginthread_
0040fdd0       _endthread_
0040fde0*      __RegisterThreadData_
Module: C:\WATCOM/lib386/nt\clib3r.lib(nmsize.c)
0040fe30       _nmsize_
0040fe30*      _msize_
Module: C:\WATCOM/lib386/nt\clib3r.lib(nexpand.c)
0040fe40       _nexpand_
0040fe40*      _expand_
0040fe80+      __HeapManager_expand_
Module: C:\WATCOM/lib386/nt\clib3r.lib(dofilstr.c)
00410060       __ParsePosixHandleStr_
Module: C:\WATCOM/lib386/nt\clib3r.lib(clearenv.c)
00410180       clearenv_
Module: C:\WATCOM/lib386/nt\clib3r.lib(initfile.c)
00410240       __InitFiles_
Module: C:\WATCOM/lib386/nt\clib3r.lib(ioexit.c)
00410340*      fcloseall_
00410350       __full_io_exit_
Module: C:\WATCOM/lib386/nt\flib7.lib(flt86.c)
00410360       _P1d100
00410368       _P1d_99
Module: C:\WATCOM/lib386\math387r.lib(pow87)
004104c9*      pow_
00410370       IF@DPOW
00410370*      IF@POW
Module: C:\WATCOM/lib386/nt\flib7.lib(hexcnv.c)
004104f0       Hex_
00410510*      HSToB_
00410580       BToHS_
Module: C:\WATCOM/lib386/nt\clib3r.lib(strupr.c)
004105d0       strupr_
Module: C:\WATCOM/lib386/nt\clib3r.lib(initargv.c)
004105f0       __Init_Argv_
00410640+      _getargv_
004107e0       __Fini_Argv_
Module: C:\WATCOM/lib386\math387r.lib(ldclass.c)
004107ee       __LDClass_
0041083e*      _FLClass_
Module: C:\WATCOM/lib386/nt\clib3r.lib(mbconv.c)
00410850       _mbvtop_
Module: C:\WATCOM/lib386/nt\clib3r.lib(amblksiz.c)
00415e94       __amblksiz
Module: C:\WATCOM/lib386/nt\clib3r.lib(heapen.c)
00410870*      _heapenable_
00415e98       ___heap_enabled
Module: C:\WATCOM/lib386/nt\clib3r.lib(nheapmin.c)
004108a0       _nheapshrink_
004108a0*      _nheapmin_
004108a0*      _heapmin_
004108a0       _heapshrink_
Module: C:\WATCOM/lib386/nt\clib3r.lib(locmktim.c)
00410990       __local_mktime_
Module: C:\WATCOM/lib386/nt\clib3r.lib(gmtime.c)
00410b10       __brktime_
00410c10+      _gmtime_
00410c30*      gmtime_
Module: C:\WATCOM/lib386/nt\clib3r.lib(tzset.c)
00415e9c       ___start_dst
00415ec0       ___end_dst
00415fe8*      _tzname
00415ff0       _timezone
00415ff4       _daylight
00415ff8       ___dst_adjust
00410ca0*      __DontCacheOSTZ_
00410cb0*      __CacheOSTZ_
00411190+      __parse_tz_
00411580       tzset_
Module: C:\WATCOM/lib386/nt\clib3r.lib(timeutil.c)
004116f0       __isindst_
Module: C:\WATCOM/lib386/nt\clib3r.lib(mbclen.c)
00411a20       _mbclen_
Module: C:\WATCOM/lib386/nt\clib3r.lib(mbccmp.c)
00411a50       _mbccmp_
Module: C:\WATCOM/lib386/nt\clib3r.lib(mbinit.c)
00411ac5       __mbinit_
00416000       ___MBCodePage
Module: C:\WATCOM/lib386/nt\clib3r.lib(trdalloc.c)
00411bc0       __FiniThreadProcessing_
Module: C:\WATCOM/lib386/nt\clib3r.lib(thredwnt.c)
00411c80       __CBeginThread_
00411d20       __CEndThread_
Module: C:\WATCOM/lib386/nt\clib3r.lib(strtol.c)
00411f80*      strtoul_
00411f90       strtol_
Module: C:\WATCOM/lib386/nt\clib3r.lib(putenv.c)
00411fa0       putenv_
00412230       __putenv_
Module: C:\WATCOM/lib386/nt\clib3r.lib(fclose.c)
004123a0+      __doclose_
00412440       __shutdown_stream_
00412460*      fclose_
00418138+      ___RmTmpFileFn
Module: C:\WATCOM/lib386/nt\clib3r.lib(freefp.c)
004124b0       __freefp_
00412500       __purgefp_
Module: C:\WATCOM/lib386/nt\clib3r.lib(chipvar)
00416090       ___chipbug
00416090       __chipbug
Module: C:\WATCOM/lib386\math387r.lib(pow87e.c)
00412530       __pow87_err_
Module: C:\WATCOM/lib386\math387r.lib(exp87)
0041261f*      exp_
004125b8*      __@DEXP1
004125c0*      IF@EXP
004125c0*      IF@DEXP
004125c2       __@DEXP
Module: C:\WATCOM/lib386/nt\clib3r.lib(chipd32.asm)
00412743       __fdiv_fpr
00412c05*      __fdiv_chk
00412c18*      __fdiv_m32
00412c65*      __fdiv_m64
00412cb2*      __fdiv_m32r
00412cff*      __fdiv_m64r
Module: C:\WATCOM/lib386/nt\clib3r.lib(histsplt.c)
0041813c       ___historical_splitparms
Module: C:\WATCOM/lib386/nt\clib3r.lib(leapyear.c)
00412d50       __leapyear_
00415094       ___diyr
004150ae       ___dilyr
Module: C:\WATCOM/lib386/nt\clib3r.lib(wcstombs.c)
00412d90       wcstombs_
Module: C:\WATCOM/lib386/nt\clib3r.lib(mbslen.c)
00412e30       _mbslen_
Module: C:\WATCOM/lib386/nt\clib3r.lib(mbstowcs.c)
00412e60       mbstowcs_
Module: C:\WATCOM/lib386/nt\clib3r.lib(uputenv.c)
00412ee0*      _wputenv_
00413100       __wputenv_
Module: C:\WATCOM/lib386/nt\clib3r.lib(flush.c)
00413200       __flush_
Module: C:\WATCOM/lib386/nt\clib3r.lib(chipbug.c)
00413300       __verify_pentium_fdiv_bug_
Module: C:\WATCOM/lib386/nt\flib7.lib(_matherr.c)
00413360*      __imath2err_
004133a0*      __amath1err_
004133d0*      __amath2err_
00413400       __math2err_
00413510       __math1err_
00413520*      __zmath2err_
00413580*      __qmath2err_
Module: C:\WATCOM/lib386\math387r.lib(math87e.c)
004135e6       __math87_err_
Module: C:\WATCOM/lib386/nt\clib3r.lib(wctomb.c)
00413660       wctomb_
Module: C:\WATCOM/lib386/nt\clib3r.lib(mbtowc.c)
004136a0       mbtowc_
Module: C:\WATCOM/lib386/nt\clib3r.lib(ustrchr.c)
00413730       wcschr_
Module: C:\WATCOM/lib386/nt\clib3r.lib(setenvar.c)
00413750       __lib_SetEnvironmentVariableW_
Module: C:\WATCOM/lib386/nt\clib3r.lib(crtwenv.c)
00413840       __create_wide_environment_
Module: C:\WATCOM/lib386/nt\clib3r.lib(utoupper.c)
004138a8       towupper_
Module: C:\WATCOM/lib386/nt\clib3r.lib(fsync.c)
004138c0       fsync_
Module: C:\WATCOM/lib386/nt\clib3r.lib(qwrit.c)
00413910       __qwrite_


                        +----------------------+
                        |   Imported Symbols   |
                        +----------------------+

Symbol                              Module
======                              ======

_GetEnvironmentStringsA@0           KERNEL32.DLL
_GetVersion@0                       KERNEL32.DLL
_GetModuleFileNameA@12              KERNEL32.DLL
_GetCommandLineA@0                  KERNEL32.DLL
_GetCommandLineW@0                  KERNEL32.DLL
_FreeEnvironmentStringsA@4          KERNEL32.DLL
_GetModuleHandleA@4                 KERNEL32.DLL
_ExitProcess@4                      KERNEL32.DLL
_RtlUnwind@16                       KERNEL32.DLL
_GetCurrentThreadId@0               KERNEL32.DLL
_GetFullPathNameA@16                KERNEL32.DLL
_GetFileType@4                      KERNEL32.DLL
_GetFileInformationByHandle@8       KERNEL32.DLL
_GetFileTime@16                     KERNEL32.DLL
_GetFileSize@8                      KERNEL32.DLL
_CreateFileA@28                     KERNEL32.DLL
_CloseHandle@4                      KERNEL32.DLL
_GetLastError@0                     KERNEL32.DLL
_GetDriveTypeA@4                    KERNEL32.DLL
_FindFirstFileA@8                   KERNEL32.DLL
_FindClose@4                        KERNEL32.DLL
_SetStdHandle@8                     KERNEL32.DLL
_CreateEventA@16                    KERNEL32.DLL
_GetStdHandle@4                     KERNEL32.DLL
_GetModuleFileNameW@12              KERNEL32.DLL
_MultiByteToWideChar@24             KERNEL32.DLL
_LoadLibraryA@4                     KERNEL32.DLL
_GetProcAddress@8                   KERNEL32.DLL
_WriteFile@20                       KERNEL32.DLL
_SetUnhandledExceptionFilter@4      KERNEL32.DLL
_UnhandledExceptionFilter@4         KERNEL32.DLL
_VirtualQuery@12                    KERNEL32.DLL
_MessageBoxA@16                     USER32.DLL
_GetFileAttributesA@4               KERNEL32.DLL
_GetCurrentDirectoryA@8             KERNEL32.DLL
_FileTimeToLocalFileTime@8          KERNEL32.DLL
_FileTimeToDosDateTime@12           KERNEL32.DLL
_DosDateTimeToFileTime@12           KERNEL32.DLL
_LocalFileTimeToFileTime@8          KERNEL32.DLL
_FindNextFileA@8                    KERNEL32.DLL
_FormatMessageA@28                  KERNEL32.DLL
_SetFilePointer@16                  KERNEL32.DLL
_DeleteFileA@4                      KERNEL32.DLL
_SetEndOfFile@4                     KERNEL32.DLL
_ReadFile@20                        KERNEL32.DLL
_SetConsoleCtrlHandler@8            KERNEL32.DLL
_TlsGetValue@4                      KERNEL32.DLL
_TlsSetValue@8                      KERNEL32.DLL
_CharUpperA@4                       USER32.DLL
_VirtualAlloc@16                    KERNEL32.DLL
_InitializeCriticalSection@4        KERNEL32.DLL
_DeleteCriticalSection@4            KERNEL32.DLL
_LeaveCriticalSection@4             KERNEL32.DLL
_EnterCriticalSection@4             KERNEL32.DLL
_SetLastError@4                     KERNEL32.DLL
_TlsAlloc@0                         KERNEL32.DLL
_TlsFree@4                          KERNEL32.DLL
_VirtualFree@12                     KERNEL32.DLL
_GetTimeZoneInformation@4           KERNEL32.DLL
_GetACP@0                           KERNEL32.DLL
_GetOEMCP@0                         KERNEL32.DLL
_GetCPInfo@8                        KERNEL32.DLL
_CreateThread@24                    KERNEL32.DLL
_ResumeThread@4                     KERNEL32.DLL
_ExitThread@4                       KERNEL32.DLL
_SetEnvironmentVariableA@8          KERNEL32.DLL
_WideCharToMultiByte@32             KERNEL32.DLL
_SetEnvironmentVariableW@8          KERNEL32.DLL
_FlushFileBuffers@4                 KERNEL32.DLL


                        +--------------------+
                        |   Libraries Used   |
                        +--------------------+

C:\WATCOM/lib386/nt\kernel32.lib
C:\WATCOM/lib386/nt\user32.lib
C:\WATCOM/lib386/nt\flib7.lib
C:\WATCOM/lib386\math387r.lib
C:\WATCOM/lib386/nt\clib3r.lib
C:\WATCOM/lib386/nt\emu387.lib


                        +-----------------------+
                        |   Linker Statistics   |
                        +-----------------------+

Stack size:  00010000 (65536.)
Memory size:  00026454 (156756.)
Entry point address: 00401682
Link time: 00:00.56
